Archive member included to satisfy reference by file (symbol)

c:/progra~2/gnuarm~1/102021~1.10/bin/../lib/gcc/arm-none-eabi/10.3.1/thumb/v7e-m/nofp\libgcc.a(_aeabi_uldivmod.o)
                              CMakeFiles/Cubesat_stm32.elf.dir/Drivers/STM32F4xx_HAL_Driver/Src/stm32f4xx_hal_rcc.c.obj (__aeabi_uldivmod)
c:/progra~2/gnuarm~1/102021~1.10/bin/../lib/gcc/arm-none-eabi/10.3.1/thumb/v7e-m/nofp\libgcc.a(_udivmoddi4.o)
                              c:/progra~2/gnuarm~1/102021~1.10/bin/../lib/gcc/arm-none-eabi/10.3.1/thumb/v7e-m/nofp\libgcc.a(_aeabi_uldivmod.o) (__udivmoddi4)
c:/progra~2/gnuarm~1/102021~1.10/bin/../lib/gcc/arm-none-eabi/10.3.1/thumb/v7e-m/nofp\libgcc.a(_dvmd_tls.o)
                              c:/progra~2/gnuarm~1/102021~1.10/bin/../lib/gcc/arm-none-eabi/10.3.1/thumb/v7e-m/nofp\libgcc.a(_aeabi_uldivmod.o) (__aeabi_ldiv0)
c:/progra~2/gnuarm~1/102021~1.10/bin/../lib/gcc/arm-none-eabi/10.3.1/../../../../arm-none-eabi/lib/thumb/v7e-m/nofp\libg.a(lib_a-errno.o)
                              CMakeFiles/Cubesat_stm32.elf.dir/Core/Src/syscalls.c.obj (__errno)
c:/progra~2/gnuarm~1/102021~1.10/bin/../lib/gcc/arm-none-eabi/10.3.1/../../../../arm-none-eabi/lib/thumb/v7e-m/nofp\libg.a(lib_a-exit.o)
                              c:/progra~2/gnuarm~1/102021~1.10/bin/../lib/gcc/arm-none-eabi/10.3.1/../../../../arm-none-eabi/lib/thumb/v7e-m/nofp/crt0.o (exit)
c:/progra~2/gnuarm~1/102021~1.10/bin/../lib/gcc/arm-none-eabi/10.3.1/../../../../arm-none-eabi/lib/thumb/v7e-m/nofp\libg.a(lib_a-impure.o)
                              c:/progra~2/gnuarm~1/102021~1.10/bin/../lib/gcc/arm-none-eabi/10.3.1/../../../../arm-none-eabi/lib/thumb/v7e-m/nofp\libg.a(lib_a-exit.o) (_global_impure_ptr)
c:/progra~2/gnuarm~1/102021~1.10/bin/../lib/gcc/arm-none-eabi/10.3.1/../../../../arm-none-eabi/lib/thumb/v7e-m/nofp\libg.a(lib_a-init.o)
                              c:/progra~2/gnuarm~1/102021~1.10/bin/../lib/gcc/arm-none-eabi/10.3.1/../../../../arm-none-eabi/lib/thumb/v7e-m/nofp/crt0.o (__libc_init_array)
c:/progra~2/gnuarm~1/102021~1.10/bin/../lib/gcc/arm-none-eabi/10.3.1/../../../../arm-none-eabi/lib/thumb/v7e-m/nofp\libg.a(lib_a-memset.o)
                              c:/progra~2/gnuarm~1/102021~1.10/bin/../lib/gcc/arm-none-eabi/10.3.1/../../../../arm-none-eabi/lib/thumb/v7e-m/nofp/crt0.o (memset)
c:/progra~2/gnuarm~1/102021~1.10/bin/../lib/gcc/arm-none-eabi/10.3.1/../../../../arm-none-eabi/lib/thumb/v7e-m/nofp\libg.a(lib_a-sprintf.o)
                              CMakeFiles/Cubesat_stm32.elf.dir/Core/Src/main.c.obj (sprintf)
c:/progra~2/gnuarm~1/102021~1.10/bin/../lib/gcc/arm-none-eabi/10.3.1/../../../../arm-none-eabi/lib/thumb/v7e-m/nofp\libg.a(lib_a-svfprintf.o)
                              c:/progra~2/gnuarm~1/102021~1.10/bin/../lib/gcc/arm-none-eabi/10.3.1/../../../../arm-none-eabi/lib/thumb/v7e-m/nofp\libg.a(lib_a-sprintf.o) (_svfprintf_r)
c:/progra~2/gnuarm~1/102021~1.10/bin/../lib/gcc/arm-none-eabi/10.3.1/../../../../arm-none-eabi/lib/thumb/v7e-m/nofp\libg.a(lib_a-__call_atexit.o)
                              c:/progra~2/gnuarm~1/102021~1.10/bin/../lib/gcc/arm-none-eabi/10.3.1/../../../../arm-none-eabi/lib/thumb/v7e-m/nofp\libg.a(lib_a-exit.o) (__call_exitprocs)
c:/progra~2/gnuarm~1/102021~1.10/bin/../lib/gcc/arm-none-eabi/10.3.1/../../../../arm-none-eabi/lib/thumb/v7e-m/nofp\libg.a(lib_a-atexit.o)
                              c:/progra~2/gnuarm~1/102021~1.10/bin/../lib/gcc/arm-none-eabi/10.3.1/../../../../arm-none-eabi/lib/thumb/v7e-m/nofp\libg.a(lib_a-__call_atexit.o) (atexit)
c:/progra~2/gnuarm~1/102021~1.10/bin/../lib/gcc/arm-none-eabi/10.3.1/../../../../arm-none-eabi/lib/thumb/v7e-m/nofp\libg.a(lib_a-dtoa.o)
                              c:/progra~2/gnuarm~1/102021~1.10/bin/../lib/gcc/arm-none-eabi/10.3.1/../../../../arm-none-eabi/lib/thumb/v7e-m/nofp\libg.a(lib_a-svfprintf.o) (_dtoa_r)
c:/progra~2/gnuarm~1/102021~1.10/bin/../lib/gcc/arm-none-eabi/10.3.1/../../../../arm-none-eabi/lib/thumb/v7e-m/nofp\libg.a(lib_a-fini.o)
                              c:/progra~2/gnuarm~1/102021~1.10/bin/../lib/gcc/arm-none-eabi/10.3.1/../../../../arm-none-eabi/lib/thumb/v7e-m/nofp\libg.a(lib_a-__call_atexit.o) (__libc_fini_array)
c:/progra~2/gnuarm~1/102021~1.10/bin/../lib/gcc/arm-none-eabi/10.3.1/../../../../arm-none-eabi/lib/thumb/v7e-m/nofp\libg.a(lib_a-freer.o)
                              c:/progra~2/gnuarm~1/102021~1.10/bin/../lib/gcc/arm-none-eabi/10.3.1/../../../../arm-none-eabi/lib/thumb/v7e-m/nofp\libg.a(lib_a-svfprintf.o) (_free_r)
c:/progra~2/gnuarm~1/102021~1.10/bin/../lib/gcc/arm-none-eabi/10.3.1/../../../../arm-none-eabi/lib/thumb/v7e-m/nofp\libg.a(lib_a-localeconv.o)
                              c:/progra~2/gnuarm~1/102021~1.10/bin/../lib/gcc/arm-none-eabi/10.3.1/../../../../arm-none-eabi/lib/thumb/v7e-m/nofp\libg.a(lib_a-svfprintf.o) (_localeconv_r)
c:/progra~2/gnuarm~1/102021~1.10/bin/../lib/gcc/arm-none-eabi/10.3.1/../../../../arm-none-eabi/lib/thumb/v7e-m/nofp\libg.a(lib_a-lock.o)
[...]
Memory Configuration

Name             Origin             Length             Attributes
RAM              0x20000000         0x00020000         xrw
FLASH            0x08000000         0x00080000         xr
*default*        0x00000000         0xffffffff

Linker script and memory map

LOAD c:/progra~2/gnuarm~1/102021~1.10/bin/../lib/gcc/arm-none-eabi/10.3.1/thumb/v7e-m/nofp/crti.o
LOAD c:/progra~2/gnuarm~1/102021~1.10/bin/../lib/gcc/arm-none-eabi/10.3.1/thumb/v7e-m/nofp/crtbegin.o
LOAD c:/progra~2/gnuarm~1/102021~1.10/bin/../lib/gcc/arm-none-eabi/10.3.1/../../../../arm-none-eabi/lib/thumb/v7e-m/nofp/crt0.o
LOAD CMakeFiles/Cubesat_stm32.elf.dir/Core/Src/main.c.obj
LOAD CMakeFiles/Cubesat_stm32.elf.dir/Core/Src/stm32f4xx_hal_msp.c.obj
LOAD CMakeFiles/Cubesat_stm32.elf.dir/Core/Src/stm32f4xx_it.c.obj
LOAD CMakeFiles/Cubesat_stm32.elf.dir/Core/Src/syscalls.c.obj
LOAD CMakeFiles/Cubesat_stm32.elf.dir/Core/Src/sysmem.c.obj
LOAD CMakeFiles/Cubesat_stm32.elf.dir/Core/Src/system_stm32f4xx.c.obj
LOAD CMakeFiles/Cubesat_stm32.elf.dir/Core/Startup/startup_stm32f411vetx.s.obj
LOAD CMakeFiles/Cubesat_stm32.elf.dir/Drivers/STM32F4xx_HAL_Driver/Src/stm32f4xx_hal.c.obj
LOAD CMakeFiles/Cubesat_stm32.elf.dir/Drivers/STM32F4xx_HAL_Driver/Src/stm32f4xx_hal_cortex.c.obj
LOAD CMakeFiles/Cubesat_stm32.elf.dir/Drivers/STM32F4xx_HAL_Driver/Src/stm32f4xx_hal_dma.c.obj
LOAD CMakeFiles/Cubesat_stm32.elf.dir/Drivers/STM32F4xx_HAL_Driver/Src/stm32f4xx_hal_dma_ex.c.obj
LOAD CMakeFiles/Cubesat_stm32.elf.dir/Drivers/STM32F4xx_HAL_Driver/Src/stm32f4xx_hal_exti.c.obj
LOAD CMakeFiles/Cubesat_stm32.elf.dir/Drivers/STM32F4xx_HAL_Driver/Src/stm32f4xx_hal_flash.c.obj
LOAD CMakeFiles/Cubesat_stm32.elf.dir/Drivers/STM32F4xx_HAL_Driver/Src/stm32f4xx_hal_flash_ex.c.obj
LOAD CMakeFiles/Cubesat_stm32.elf.dir/Drivers/STM32F4xx_HAL_Driver/Src/stm32f4xx_hal_flash_ramfunc.c.obj
LOAD CMakeFiles/Cubesat_stm32.elf.dir/Drivers/STM32F4xx_HAL_Driver/Src/stm32f4xx_hal_gpio.c.obj
LOAD CMakeFiles/Cubesat_stm32.elf.dir/Drivers/STM32F4xx_HAL_Driver/Src/stm32f4xx_hal_i2c.c.obj
LOAD CMakeFiles/Cubesat_stm32.elf.dir/Drivers/STM32F4xx_HAL_Driver/Src/stm32f4xx_hal_i2c_ex.c.obj
LOAD CMakeFiles/Cubesat_stm32.elf.dir/Drivers/STM32F4xx_HAL_Driver/Src/stm32f4xx_hal_pwr.c.obj
LOAD CMakeFiles/Cubesat_stm32.elf.dir/Drivers/STM32F4xx_HAL_Driver/Src/stm32f4xx_hal_pwr_ex.c.obj
LOAD CMakeFiles/Cubesat_stm32.elf.dir/Drivers/STM32F4xx_HAL_Driver/Src/stm32f4xx_hal_rcc.c.obj
LOAD CMakeFiles/Cubesat_stm32.elf.dir/Drivers/STM32F4xx_HAL_Driver/Src/stm32f4xx_hal_rcc_ex.c.obj
LOAD CMakeFiles/Cubesat_stm32.elf.dir/Drivers/STM32F4xx_HAL_Driver/Src/stm32f4xx_hal_sd.c.obj
LOAD CMakeFiles/Cubesat_stm32.elf.dir/Drivers/STM32F4xx_HAL_Driver/Src/stm32f4xx_hal_tim.c.obj
LOAD CMakeFiles/Cubesat_stm32.elf.dir/Drivers/STM32F4xx_HAL_Driver/Src/stm32f4xx_hal_tim_ex.c.obj
LOAD CMakeFiles/Cubesat_stm32.elf.dir/Drivers/STM32F4xx_HAL_Driver/Src/stm32f4xx_hal_uart.c.obj
LOAD CMakeFiles/Cubesat_stm32.elf.dir/Drivers/STM32F4xx_HAL_Driver/Src/stm32f4xx_ll_sdmmc.c.obj
LOAD CMakeFiles/Cubesat_stm32.elf.dir/FATFS/App/fatfs.c.obj
LOAD CMakeFiles/Cubesat_stm32.elf.dir/FATFS/Target/bsp_driver_sd.c.obj
LOAD CMakeFiles/Cubesat_stm32.elf.dir/FATFS/Target/sd_diskio.c.obj
LOAD CMakeFiles/Cubesat_stm32.elf.dir/Middlewares/Third_Party/FatFs/src/diskio.c.obj
LOAD CMakeFiles/Cubesat_stm32.elf.dir/Middlewares/Third_Party/FatFs/src/ff.c.obj
LOAD CMakeFiles/Cubesat_stm32.elf.dir/Middlewares/Third_Party/FatFs/src/ff_gen_drv.c.obj
LOAD CMakeFiles/Cubesat_stm32.elf.dir/Middlewares/Third_Party/FatFs/src/option/syscall.c.obj
START GROUP
LOAD c:/progra~2/gnuarm~1/102021~1.10/bin/../lib/gcc/arm-none-eabi/10.3.1/thumb/v7e-m/nofp\libgcc.a
LOAD c:/progra~2/gnuarm~1/102021~1.10/bin/../lib/gcc/arm-none-eabi/10.3.1/../../../../arm-none-eabi/lib/thumb/v7e-m/nofp\libg.a
LOAD c:/progra~2/gnuarm~1/102021~1.10/bin/../lib/gcc/arm-none-eabi/10.3.1/../../../../arm-none-eabi/lib/thumb/v7e-m/nofp\libc.a
END GROUP
LOAD c:/progra~2/gnuarm~1/102021~1.10/bin/../lib/gcc/arm-none-eabi/10.3.1/thumb/v7e-m/nofp/crtend.o
LOAD c:/progra~2/gnuarm~1/102021~1.10/bin/../lib/gcc/arm-none-eabi/10.3.1/thumb/v7e-m/nofp/crtn.o
                0x20020000                _estack = (ORIGIN (RAM) + LENGTH (RAM))
                0x00000200                _Min_Heap_Size = 0x200
                0x00000400                _Min_Stack_Size = 0x400

.isr_vector     0x08000000      0x198
                0x08000000                . = ALIGN (0x4)
 *(.isr_vector)
 .isr_vector    0x08000000      0x198 CMakeFiles/Cubesat_stm32.elf.dir/Core/Startup/startup_stm32f411vetx.s.obj
                0x08000000                g_pfnVectors
                0x08000198                . = ALIGN (0x4)

.text           0x080001c0     0xb0a8
                0x080001c0                . = ALIGN (0x4)
 *(.text)
 .text          0x080001c0       0x40 c:/progra~2/gnuarm~1/102021~1.10/bin/../lib/gcc/arm-none-eabi/10.3.1/thumb/v7e-m/nofp/crtbegin.o
 .text          0x08000200       0x30 c:/progra~2/gnuarm~1/102021~1.10/bin/../lib/gcc/arm-none-eabi/10.3.1/thumb/v7e-m/nofp\libgcc.a(_aeabi_uldivmod.o)
                0x08000200                __aeabi_uldivmod
 .text          0x08000230      0x2d0 c:/progra~2/gnuarm~1/102021~1.10/bin/../lib/gcc/arm-none-eabi/10.3.1/thumb/v7e-m/nofp\libgcc.a(_udivmoddi4.o)
                0x08000230                __udivmoddi4
 .text          0x08000500        0x4 c:/progra~2/gnuarm~1/102021~1.10/bin/../lib/gcc/arm-none-eabi/10.3.1/thumb/v7e-m/nofp\libgcc.a(_dvmd_tls.o)
                0x08000500                __aeabi_idiv0
                0x08000500                __aeabi_ldiv0
 *fill*         0x08000504        0xc 
 .text          0x08000510       0xa0 c:/progra~2/gnuarm~1/102021~1.10/bin/../lib/gcc/arm-none-eabi/10.3.1/../../../../arm-none-eabi/lib/thumb/v7e-m/nofp\libg.a(lib_a-memchr.o)
                0x08000510                memchr
 .text          0x080005b0      0x134 c:/progra~2/gnuarm~1/102021~1.10/bin/../lib/gcc/arm-none-eabi/10.3.1/../../../../arm-none-eabi/lib/thumb/v7e-m/nofp\libg.a(lib_a-memcpy.o)
                0x080005b0                memcpy
 *fill*         0x080006e4       0x1c 
 .text          0x08000700       0xdc c:/progra~2/gnuarm~1/102021~1.10/bin/../lib/gcc/arm-none-eabi/10.3.1/../../../../arm-none-eabi/lib/thumb/v7e-m/nofp\libg.a(lib_a-strlen.o)
                0x08000700                strlen
 .text          0x080007dc      0x378 c:/progra~2/gnuarm~1/102021~1.10/bin/../lib/gcc/arm-none-eabi/10.3.1/thumb/v7e-m/nofp\libgcc.a(_arm_addsubdf3.o)
                0x080007dc                __aeabi_drsub
                0x080007e4                __aeabi_dsub
                0x080007e4                __subdf3
                0x080007e8                __aeabi_dadd
                0x080007e8                __adddf3
                0x08000a60                __floatunsidf
                0x08000a60                __aeabi_ui2d
                0x08000a80                __floatsidf
                0x08000a80                __aeabi_i2d
                0x08000aa4                __aeabi_f2d
                0x08000aa4                __extendsfdf2
                0x08000ae8                __floatundidf
                0x08000ae8                __aeabi_ul2d
                0x08000af8                __floatdidf
                0x08000af8                __aeabi_l2d
 .text          0x08000b54      0x424 c:/progra~2/gnuarm~1/102021~1.10/bin/../lib/gcc/arm-none-eabi/10.3.1/thumb/v7e-m/nofp\libgcc.a(_arm_muldivdf3.o)
                0x08000b54                __aeabi_dmul
                0x08000b54                __muldf3
                0x08000da8                __divdf3
                0x08000da8                __aeabi_ddiv
 .text          0x08000f78      0x110 c:/progra~2/gnuarm~1/102021~1.10/bin/../lib/gcc/arm-none-eabi/10.3.1/thumb/v7e-m/nofp\libgcc.a(_arm_cmpdf2.o)
                0x08000f78                __gtdf2
                0x08000f78                __gedf2
                0x08000f80                __ltdf2
                0x08000f80                __ledf2
                0x08000f88                __nedf2
                0x08000f88                __eqdf2
                0x08000f88                __cmpdf2
                0x08001004                __aeabi_cdrcmple
                0x08001014                __aeabi_cdcmpeq
                0x08001014                __aeabi_cdcmple
                0x08001024                __aeabi_dcmpeq
                0x08001038                __aeabi_dcmplt
                0x0800104c                __aeabi_dcmple
                0x08001060                __aeabi_dcmpge
                0x08001074                __aeabi_dcmpgt
 .text          0x08001088       0x2c c:/progra~2/gnuarm~1/102021~1.10/bin/../lib/gcc/arm-none-eabi/10.3.1/thumb/v7e-m/nofp\libgcc.a(_arm_unorddf2.o)
                0x08001088                __unorddf2
                0x08001088                __aeabi_dcmpun
 .text          0x080010b4       0x50 c:/progra~2/gnuarm~1/102021~1.10/bin/../lib/gcc/arm-none-eabi/10.3.1/thumb/v7e-m/nofp\libgcc.a(_arm_fixdfsi.o)
                0x080010b4                __aeabi_d2iz
                0x080010b4                __fixdfsi
 *(.text*)
 .text.MX_SDIO_SD_Init
                0x08001104       0x20 CMakeFiles/Cubesat_stm32.elf.dir/Core/Src/main.c.obj
 .text.MX_GPIO_Init
                0x08001124       0xc8 CMakeFiles/Cubesat_stm32.elf.dir/Core/Src/main.c.obj
 .text.Error_Handler
                0x080011ec       0x2c CMakeFiles/Cubesat_stm32.elf.dir/Core/Src/main.c.obj
                0x080011ec                Error_Handler
 .text.MX_USART1_UART_Init
                0x08001218       0x34 CMakeFiles/Cubesat_stm32.elf.dir/Core/Src/main.c.obj
 .text.MX_I2C1_Init
                0x0800124c       0x38 CMakeFiles/Cubesat_stm32.elf.dir/Core/Src/main.c.obj
 .text.SystemClock_Config
                0x08001284       0xa0 CMakeFiles/Cubesat_stm32.elf.dir/Core/Src/main.c.obj
                0x08001284                SystemClock_Config
 .text.main     0x08001324      0x288 CMakeFiles/Cubesat_stm32.elf.dir/Core/Src/main.c.obj
                0x08001324                main
 .text.HAL_MspInit
                0x080015ac       0x38 CMakeFiles/Cubesat_stm32.elf.dir/Core/Src/stm32f4xx_hal_msp.c.obj
                0x080015ac                HAL_MspInit
 .text.HAL_I2C_MspInit
                0x080015e4       0x70 CMakeFiles/Cubesat_stm32.elf.dir/Core/Src/stm32f4xx_hal_msp.c.obj
                0x080015e4                HAL_I2C_MspInit
 .text.HAL_SD_MspInit
                0x08001654       0xcc CMakeFiles/Cubesat_stm32.elf.dir/Core/Src/stm32f4xx_hal_msp.c.obj
                0x08001654                HAL_SD_MspInit
 .text.HAL_UART_MspInit
                0x08001720       0x9c CMakeFiles/Cubesat_stm32.elf.dir/Core/Src/stm32f4xx_hal_msp.c.obj
                0x08001720                HAL_UART_MspInit
 .text.NMI_Handler
                0x080017bc        0x2 CMakeFiles/Cubesat_stm32.elf.dir/Core/Src/stm32f4xx_it.c.obj
                0x080017bc                NMI_Handler
 .text.HardFault_Handler
                0x080017be        0x2 CMakeFiles/Cubesat_stm32.elf.dir/Core/Src/stm32f4xx_it.c.obj
                0x080017be                HardFault_Handler
 .text.MemManage_Handler
                0x080017c0        0x2 CMakeFiles/Cubesat_stm32.elf.dir/Core/Src/stm32f4xx_it.c.obj
                0x080017c0                MemManage_Handler
 .text.BusFault_Handler
                0x080017c2        0x2 CMakeFiles/Cubesat_stm32.elf.dir/Core/Src/stm32f4xx_it.c.obj
                0x080017c2                BusFault_Handler
 .text.UsageFault_Handler
                0x080017c4        0x2 CMakeFiles/Cubesat_stm32.elf.dir/Core/Src/stm32f4xx_it.c.obj
                0x080017c4                UsageFault_Handler
 .text.SVC_Handler
                0x080017c6        0x2 CMakeFiles/Cubesat_stm32.elf.dir/Core/Src/stm32f4xx_it.c.obj
                0x080017c6                SVC_Handler
 .text.DebugMon_Handler
                0x080017c8        0x2 CMakeFiles/Cubesat_stm32.elf.dir/Core/Src/stm32f4xx_it.c.obj
                0x080017c8                DebugMon_Handler
 .text.PendSV_Handler
                0x080017ca        0x2 CMakeFiles/Cubesat_stm32.elf.dir/Core/Src/stm32f4xx_it.c.obj
                0x080017ca                PendSV_Handler
 .text.SysTick_Handler
                0x080017cc        0x8 CMakeFiles/Cubesat_stm32.elf.dir/Core/Src/stm32f4xx_it.c.obj
                0x080017cc                SysTick_Handler
 .text._getpid  0x080017d4        0x4 CMakeFiles/Cubesat_stm32.elf.dir/Core/Src/syscalls.c.obj
                0x080017d4                _getpid
 .text._kill    0x080017d8       0x10 CMakeFiles/Cubesat_stm32.elf.dir/Core/Src/syscalls.c.obj
                0x080017d8                _kill
 .text._exit    0x080017e8        0xc CMakeFiles/Cubesat_stm32.elf.dir/Core/Src/syscalls.c.obj
                0x080017e8                _exit
 .text._read    0x080017f4       0x20 CMakeFiles/Cubesat_stm32.elf.dir/Core/Src/syscalls.c.obj
                0x080017f4                _read
 .text._write   0x08001814       0x1c CMakeFiles/Cubesat_stm32.elf.dir/Core/Src/syscalls.c.obj
                0x08001814                _write
 .text._close   0x08001830        0x6 CMakeFiles/Cubesat_stm32.elf.dir/Core/Src/syscalls.c.obj
                0x08001830                _close
 .text._fstat   0x08001836        0xa CMakeFiles/Cubesat_stm32.elf.dir/Core/Src/syscalls.c.obj
                0x08001836                _fstat
 .text._isatty  0x08001840        0x4 CMakeFiles/Cubesat_stm32.elf.dir/Core/Src/syscalls.c.obj
                0x08001840                _isatty
 .text._lseek   0x08001844        0x4 CMakeFiles/Cubesat_stm32.elf.dir/Core/Src/syscalls.c.obj
                0x08001844                _lseek
 .text._sbrk    0x08001848       0x48 CMakeFiles/Cubesat_stm32.elf.dir/Core/Src/sysmem.c.obj
                0x08001848                _sbrk
 .text.SystemInit
                0x08001890        0x2 CMakeFiles/Cubesat_stm32.elf.dir/Core/Src/system_stm32f4xx.c.obj
                0x08001890                SystemInit
 *fill*         0x08001892        0x2 
 .text.Reset_Handler
                0x08001894       0x50 CMakeFiles/Cubesat_stm32.elf.dir/Core/Startup/startup_stm32f411vetx.s.obj
                0x08001894                Reset_Handler
 .text.Default_Handler
                0x080018e4        0x2 CMakeFiles/Cubesat_stm32.elf.dir/Core/Startup/startup_stm32f411vetx.s.obj
                0x080018e4                RTC_Alarm_IRQHandler
                0x080018e4                EXTI2_IRQHandler
                0x080018e4                SPI4_IRQHandler
                0x080018e4                TIM1_CC_IRQHandler
                0x080018e4                DMA2_Stream5_IRQHandler
                0x080018e4                DMA1_Stream5_IRQHandler
                0x080018e4                PVD_IRQHandler
                0x080018e4                SDIO_IRQHandler
                0x080018e4                TAMP_STAMP_IRQHandler
                0x080018e4                EXTI3_IRQHandler
                0x080018e4                TIM1_UP_TIM10_IRQHandler
                0x080018e4                I2C3_ER_IRQHandler
                0x080018e4                EXTI0_IRQHandler
                0x080018e4                I2C2_EV_IRQHandler
                0x080018e4                DMA1_Stream2_IRQHandler
                0x080018e4                FPU_IRQHandler
                0x080018e4                DMA2_Stream2_IRQHandler
                0x080018e4                SPI1_IRQHandler
                0x080018e4                TIM1_BRK_TIM9_IRQHandler
                0x080018e4                DMA2_Stream3_IRQHandler
                0x080018e4                USART6_IRQHandler
                0x080018e4                DMA2_Stream0_IRQHandler
                0x080018e4                TIM4_IRQHandler
                0x080018e4                I2C1_EV_IRQHandler
                0x080018e4                DMA1_Stream6_IRQHandler
                0x080018e4                DMA1_Stream1_IRQHandler
                0x080018e4                TIM3_IRQHandler
                0x080018e4                RCC_IRQHandler
                0x080018e4                Default_Handler
                0x080018e4                EXTI15_10_IRQHandler
                0x080018e4                ADC_IRQHandler
                0x080018e4                DMA1_Stream7_IRQHandler
                0x080018e4                SPI5_IRQHandler
                0x080018e4                TIM5_IRQHandler
                0x080018e4                DMA2_Stream7_IRQHandler
                0x080018e4                I2C3_EV_IRQHandler
                0x080018e4                EXTI9_5_IRQHandler
                0x080018e4                RTC_WKUP_IRQHandler
                0x080018e4                SPI2_IRQHandler
                0x080018e4                DMA1_Stream0_IRQHandler
                0x080018e4                EXTI4_IRQHandler
                0x080018e4                WWDG_IRQHandler
                0x080018e4                TIM2_IRQHandler
                0x080018e4                OTG_FS_WKUP_IRQHandler
                0x080018e4                TIM1_TRG_COM_TIM11_IRQHandler
                0x080018e4                EXTI1_IRQHandler
                0x080018e4                USART2_IRQHandler
                0x080018e4                I2C2_ER_IRQHandler
                0x080018e4                DMA2_Stream1_IRQHandler
                0x080018e4                FLASH_IRQHandler
                0x080018e4                DMA2_Stream4_IRQHandler
                0x080018e4                USART1_IRQHandler
                0x080018e4                OTG_FS_IRQHandler
                0x080018e4                SPI3_IRQHandler
                0x080018e4                DMA1_Stream4_IRQHandler
                0x080018e4                I2C1_ER_IRQHandler
                0x080018e4                DMA2_Stream6_IRQHandler
                0x080018e4                DMA1_Stream3_IRQHandler
 *fill*         0x080018e6        0x2 
 .text.HAL_InitTick
                0x080018e8       0x4c CMakeFiles/Cubesat_stm32.elf.dir/Drivers/STM32F4xx_HAL_Driver/Src/stm32f4xx_hal.c.obj
                0x080018e8                HAL_InitTick
 .text.HAL_Init
                0x08001934       0x34 CMakeFiles/Cubesat_stm32.elf.dir/Drivers/STM32F4xx_HAL_Driver/Src/stm32f4xx_hal.c.obj
                0x08001934                HAL_Init
 .text.HAL_IncTick
                0x08001968       0x18 CMakeFiles/Cubesat_stm32.elf.dir/Drivers/STM32F4xx_HAL_Driver/Src/stm32f4xx_hal.c.obj
                0x08001968                HAL_IncTick
 .text.HAL_GetTick
                0x08001980        0xc CMakeFiles/Cubesat_stm32.elf.dir/Drivers/STM32F4xx_HAL_Driver/Src/stm32f4xx_hal.c.obj
                0x08001980                HAL_GetTick
 .text.HAL_Delay
                0x0800198c       0x28 CMakeFiles/Cubesat_stm32.elf.dir/Drivers/STM32F4xx_HAL_Driver/Src/stm32f4xx_hal.c.obj
                0x0800198c                HAL_Delay
 .text.HAL_NVIC_SetPriorityGrouping
                0x080019b4       0x24 CMakeFiles/Cubesat_stm32.elf.dir/Drivers/STM32F4xx_HAL_Driver/Src/stm32f4xx_hal_cortex.c.obj
                0x080019b4                HAL_NVIC_SetPriorityGrouping
 .text.HAL_NVIC_SetPriority
                0x080019d8       0x70 CMakeFiles/Cubesat_stm32.elf.dir/Drivers/STM32F4xx_HAL_Driver/Src/stm32f4xx_hal_cortex.c.obj
                0x080019d8                HAL_NVIC_SetPriority
 .text.HAL_SYSTICK_Config
                0x08001a48       0x28 CMakeFiles/Cubesat_stm32.elf.dir/Drivers/STM32F4xx_HAL_Driver/Src/stm32f4xx_hal_cortex.c.obj
                0x08001a48                HAL_SYSTICK_Config
 .text.HAL_GPIO_Init
                0x08001a70      0x1c0 CMakeFiles/Cubesat_stm32.elf.dir/Drivers/STM32F4xx_HAL_Driver/Src/stm32f4xx_hal_gpio.c.obj
                0x08001a70                HAL_GPIO_Init
 .text.HAL_GPIO_WritePin
                0x08001c30        0xc CMakeFiles/Cubesat_stm32.elf.dir/Drivers/STM32F4xx_HAL_Driver/Src/stm32f4xx_hal_gpio.c.obj
                0x08001c30                HAL_GPIO_WritePin
 .text.HAL_GPIO_TogglePin
                0x08001c3c       0x12 CMakeFiles/Cubesat_stm32.elf.dir/Drivers/STM32F4xx_HAL_Driver/Src/stm32f4xx_hal_gpio.c.obj
                0x08001c3c                HAL_GPIO_TogglePin
 .text.I2C_WaitOnFlagUntilTimeout
                0x08001c4e       0x7c CMakeFiles/Cubesat_stm32.elf.dir/Drivers/STM32F4xx_HAL_Driver/Src/stm32f4xx_hal_i2c.c.obj
 *fill*         0x08001cca        0x2 
 .text.HAL_I2C_Init
                0x08001ccc      0x1bc CMakeFiles/Cubesat_stm32.elf.dir/Drivers/STM32F4xx_HAL_Driver/Src/stm32f4xx_hal_i2c.c.obj
                0x08001ccc                HAL_I2C_Init
 .text.HAL_I2C_IsDeviceReady
                0x08001e88      0x194 CMakeFiles/Cubesat_stm32.elf.dir/Drivers/STM32F4xx_HAL_Driver/Src/stm32f4xx_hal_i2c.c.obj
                0x08001e88                HAL_I2C_IsDeviceReady
 .text.HAL_RCC_OscConfig
                0x0800201c      0x3f8 CMakeFiles/Cubesat_stm32.elf.dir/Drivers/STM32F4xx_HAL_Driver/Src/stm32f4xx_hal_rcc.c.obj
                0x0800201c                HAL_RCC_OscConfig
 .text.HAL_RCC_GetSysClockFreq
                0x08002414       0xa4 CMakeFiles/Cubesat_stm32.elf.dir/Drivers/STM32F4xx_HAL_Driver/Src/stm32f4xx_hal_rcc.c.obj
                0x08002414                HAL_RCC_GetSysClockFreq
 .text.HAL_RCC_ClockConfig
                0x080024b8      0x160 CMakeFiles/Cubesat_stm32.elf.dir/Drivers/STM32F4xx_HAL_Driver/Src/stm32f4xx_hal_rcc.c.obj
                0x080024b8                HAL_RCC_ClockConfig
 .text.HAL_RCC_GetHCLKFreq
                0x08002618        0xc CMakeFiles/Cubesat_stm32.elf.dir/Drivers/STM32F4xx_HAL_Driver/Src/stm32f4xx_hal_rcc.c.obj
                0x08002618                HAL_RCC_GetHCLKFreq
 .text.HAL_RCC_GetPCLK1Freq
                0x08002624       0x20 CMakeFiles/Cubesat_stm32.elf.dir/Drivers/STM32F4xx_HAL_Driver/Src/stm32f4xx_hal_rcc.c.obj
                0x08002624                HAL_RCC_GetPCLK1Freq
 .text.HAL_RCC_GetPCLK2Freq
                0x08002644       0x20 CMakeFiles/Cubesat_stm32.elf.dir/Drivers/STM32F4xx_HAL_Driver/Src/stm32f4xx_hal_rcc.c.obj
                0x08002644                HAL_RCC_GetPCLK2Freq
 .text.SD_PowerON
                0x08002664       0xc0 CMakeFiles/Cubesat_stm32.elf.dir/Drivers/STM32F4xx_HAL_Driver/Src/stm32f4xx_hal_sd.c.obj
 .text.SD_FindSCR
                0x08002724      0x100 CMakeFiles/Cubesat_stm32.elf.dir/Drivers/STM32F4xx_HAL_Driver/Src/stm32f4xx_hal_sd.c.obj
 .text.SD_WideBus_Enable
                0x08002824       0x4e CMakeFiles/Cubesat_stm32.elf.dir/Drivers/STM32F4xx_HAL_Driver/Src/stm32f4xx_hal_sd.c.obj
 .text.SD_WideBus_Disable
                0x08002872       0x4e CMakeFiles/Cubesat_stm32.elf.dir/Drivers/STM32F4xx_HAL_Driver/Src/stm32f4xx_hal_sd.c.obj
 .text.SD_SendStatus
                0x080028c0       0x2c CMakeFiles/Cubesat_stm32.elf.dir/Drivers/STM32F4xx_HAL_Driver/Src/stm32f4xx_hal_sd.c.obj
 .text.HAL_SD_ReadBlocks
                0x080028ec      0x248 CMakeFiles/Cubesat_stm32.elf.dir/Drivers/STM32F4xx_HAL_Driver/Src/stm32f4xx_hal_sd.c.obj
                0x080028ec                HAL_SD_ReadBlocks
 .text.HAL_SD_WriteBlocks
                0x08002b34      0x204 CMakeFiles/Cubesat_stm32.elf.dir/Drivers/STM32F4xx_HAL_Driver/Src/stm32f4xx_hal_sd.c.obj
                0x08002b34                HAL_SD_WriteBlocks
 .text.HAL_SD_GetCardCSD
                0x08002d38      0x1b8 CMakeFiles/Cubesat_stm32.elf.dir/Drivers/STM32F4xx_HAL_Driver/Src/stm32f4xx_hal_sd.c.obj
                0x08002d38                HAL_SD_GetCardCSD
 .text.SD_InitCard
                0x08002ef0      0x100 CMakeFiles/Cubesat_stm32.elf.dir/Drivers/STM32F4xx_HAL_Driver/Src/stm32f4xx_hal_sd.c.obj
 .text.HAL_SD_InitCard
                0x08002ff0       0xa8 CMakeFiles/Cubesat_stm32.elf.dir/Drivers/STM32F4xx_HAL_Driver/Src/stm32f4xx_hal_sd.c.obj
                0x08002ff0                HAL_SD_InitCard
 .text.HAL_SD_Init
                0x08003098       0x36 CMakeFiles/Cubesat_stm32.elf.dir/Drivers/STM32F4xx_HAL_Driver/Src/stm32f4xx_hal_sd.c.obj
                0x08003098                HAL_SD_Init
 .text.HAL_SD_GetCardInfo
                0x080030ce       0x24 CMakeFiles/Cubesat_stm32.elf.dir/Drivers/STM32F4xx_HAL_Driver/Src/stm32f4xx_hal_sd.c.obj
                0x080030ce                HAL_SD_GetCardInfo
 *fill*         0x080030f2        0x2 
 .text.HAL_SD_ConfigWideBusOperation
                0x080030f4       0xc0 CMakeFiles/Cubesat_stm32.elf.dir/Drivers/STM32F4xx_HAL_Driver/Src/stm32f4xx_hal_sd.c.obj
                0x080030f4                HAL_SD_ConfigWideBusOperation
 .text.HAL_SD_GetCardState
                0x080031b4       0x22 CMakeFiles/Cubesat_stm32.elf.dir/Drivers/STM32F4xx_HAL_Driver/Src/stm32f4xx_hal_sd.c.obj
                0x080031b4                HAL_SD_GetCardState
 *fill*         0x080031d6        0x2 
 .text.UART_SetConfig
                0x080031d8      0x110 CMakeFiles/Cubesat_stm32.elf.dir/Drivers/STM32F4xx_HAL_Driver/Src/stm32f4xx_hal_uart.c.obj
 .text.UART_WaitOnFlagUntilTimeout
                0x080032e8       0x88 CMakeFiles/Cubesat_stm32.elf.dir/Drivers/STM32F4xx_HAL_Driver/Src/stm32f4xx_hal_uart.c.obj
 .text.HAL_UART_Init
                0x08003370       0x5e CMakeFiles/Cubesat_stm32.elf.dir/Drivers/STM32F4xx_HAL_Driver/Src/stm32f4xx_hal_uart.c.obj
                0x08003370                HAL_UART_Init
 .text.HAL_UART_Transmit
                0x080033ce       0xd8 CMakeFiles/Cubesat_stm32.elf.dir/Drivers/STM32F4xx_HAL_Driver/Src/stm32f4xx_hal_uart.c.obj
                0x080033ce                HAL_UART_Transmit
 *fill*         0x080034a6        0x2 
 .text.SDMMC_GetCmdError
                0x080034a8       0x38 CMakeFiles/Cubesat_stm32.elf.dir/Drivers/STM32F4xx_HAL_Driver/Src/stm32f4xx_ll_sdmmc.c.obj
 .text.SDIO_Init
                0x080034e0       0x32 CMakeFiles/Cubesat_stm32.elf.dir/Drivers/STM32F4xx_HAL_Driver/Src/stm32f4xx_ll_sdmmc.c.obj
                0x080034e0                SDIO_Init
 .text.SDIO_ReadFIFO
                0x08003512        0x6 CMakeFiles/Cubesat_stm32.elf.dir/Drivers/STM32F4xx_HAL_Driver/Src/stm32f4xx_ll_sdmmc.c.obj
                0x08003512                SDIO_ReadFIFO
 .text.SDIO_WriteFIFO
                0x08003518        0xa CMakeFiles/Cubesat_stm32.elf.dir/Drivers/STM32F4xx_HAL_Driver/Src/stm32f4xx_ll_sdmmc.c.obj
                0x08003518                SDIO_WriteFIFO
 .text.SDIO_PowerState_ON
                0x08003522        0x8 CMakeFiles/Cubesat_stm32.elf.dir/Drivers/STM32F4xx_HAL_Driver/Src/stm32f4xx_ll_sdmmc.c.obj
                0x08003522                SDIO_PowerState_ON
 .text.SDIO_GetPowerState
                0x0800352a        0x8 CMakeFiles/Cubesat_stm32.elf.dir/Drivers/STM32F4xx_HAL_Driver/Src/stm32f4xx_ll_sdmmc.c.obj
                0x0800352a                SDIO_GetPowerState
 .text.SDIO_SendCommand
                0x08003532       0x24 CMakeFiles/Cubesat_stm32.elf.dir/Drivers/STM32F4xx_HAL_Driver/Src/stm32f4xx_ll_sdmmc.c.obj
                0x08003532                SDIO_SendCommand
 .text.SDIO_GetCommandResponse
                0x08003556        0x6 CMakeFiles/Cubesat_stm32.elf.dir/Drivers/STM32F4xx_HAL_Driver/Src/stm32f4xx_ll_sdmmc.c.obj
                0x08003556                SDIO_GetCommandResponse
 .text.SDIO_GetResponse
                0x0800355c        0x6 CMakeFiles/Cubesat_stm32.elf.dir/Drivers/STM32F4xx_HAL_Driver/Src/stm32f4xx_ll_sdmmc.c.obj
                0x0800355c                SDIO_GetResponse
 .text.SDIO_ConfigData
                0x08003562       0x24 CMakeFiles/Cubesat_stm32.elf.dir/Drivers/STM32F4xx_HAL_Driver/Src/stm32f4xx_ll_sdmmc.c.obj
                0x08003562                SDIO_ConfigData
 .text.SDMMC_CmdGoIdleState
                0x08003586       0x26 CMakeFiles/Cubesat_stm32.elf.dir/Drivers/STM32F4xx_HAL_Driver/Src/stm32f4xx_ll_sdmmc.c.obj
                0x08003586                SDMMC_CmdGoIdleState
 .text.SDMMC_GetCmdResp1
                0x080035ac      0x154 CMakeFiles/Cubesat_stm32.elf.dir/Drivers/STM32F4xx_HAL_Driver/Src/stm32f4xx_ll_sdmmc.c.obj
                0x080035ac                SDMMC_GetCmdResp1
 .text.SDMMC_CmdBlockLength
                0x08003700       0x30 CMakeFiles/Cubesat_stm32.elf.dir/Drivers/STM32F4xx_HAL_Driver/Src/stm32f4xx_ll_sdmmc.c.obj
                0x08003700                SDMMC_CmdBlockLength
 .text.SDMMC_CmdReadSingleBlock
                0x08003730       0x30 CMakeFiles/Cubesat_stm32.elf.dir/Drivers/STM32F4xx_HAL_Driver/Src/stm32f4xx_ll_sdmmc.c.obj
                0x08003730                SDMMC_CmdReadSingleBlock
 .text.SDMMC_CmdReadMultiBlock
                0x08003760       0x30 CMakeFiles/Cubesat_stm32.elf.dir/Drivers/STM32F4xx_HAL_Driver/Src/stm32f4xx_ll_sdmmc.c.obj
                0x08003760                SDMMC_CmdReadMultiBlock
 .text.SDMMC_CmdWriteSingleBlock
                0x08003790       0x30 CMakeFiles/Cubesat_stm32.elf.dir/Drivers/STM32F4xx_HAL_Driver/Src/stm32f4xx_ll_sdmmc.c.obj
                0x08003790                SDMMC_CmdWriteSingleBlock
 .text.SDMMC_CmdWriteMultiBlock
                0x080037c0       0x30 CMakeFiles/Cubesat_stm32.elf.dir/Drivers/STM32F4xx_HAL_Driver/Src/stm32f4xx_ll_sdmmc.c.obj
                0x080037c0                SDMMC_CmdWriteMultiBlock
 .text.SDMMC_CmdStopTransfer
                0x080037f0       0x34 CMakeFiles/Cubesat_stm32.elf.dir/Drivers/STM32F4xx_HAL_Driver/Src/stm32f4xx_ll_sdmmc.c.obj
                0x080037f0                SDMMC_CmdStopTransfer
 .text.SDMMC_CmdSelDesel
                0x08003824       0x30 CMakeFiles/Cubesat_stm32.elf.dir/Drivers/STM32F4xx_HAL_Driver/Src/stm32f4xx_ll_sdmmc.c.obj
                0x08003824                SDMMC_CmdSelDesel
 .text.SDMMC_CmdAppCommand
                0x08003854       0x30 CMakeFiles/Cubesat_stm32.elf.dir/Drivers/STM32F4xx_HAL_Driver/Src/stm32f4xx_ll_sdmmc.c.obj
                0x08003854                SDMMC_CmdAppCommand
 .text.SDMMC_CmdBusWidth
                0x08003884       0x30 CMakeFiles/Cubesat_stm32.elf.dir/Drivers/STM32F4xx_HAL_Driver/Src/stm32f4xx_ll_sdmmc.c.obj
                0x08003884                SDMMC_CmdBusWidth
 .text.SDMMC_CmdSendSCR
                0x080038b4       0x30 CMakeFiles/Cubesat_stm32.elf.dir/Drivers/STM32F4xx_HAL_Driver/Src/stm32f4xx_ll_sdmmc.c.obj
                0x080038b4                SDMMC_CmdSendSCR
 .text.SDMMC_CmdSendStatus
                0x080038e4       0x30 CMakeFiles/Cubesat_stm32.elf.dir/Drivers/STM32F4xx_HAL_Driver/Src/stm32f4xx_ll_sdmmc.c.obj
                0x080038e4                SDMMC_CmdSendStatus
 .text.SDMMC_GetCmdResp2
                0x08003914       0x5c CMakeFiles/Cubesat_stm32.elf.dir/Drivers/STM32F4xx_HAL_Driver/Src/stm32f4xx_ll_sdmmc.c.obj
                0x08003914                SDMMC_GetCmdResp2
 .text.SDMMC_CmdSendCID
                0x08003970       0x2a CMakeFiles/Cubesat_stm32.elf.dir/Drivers/STM32F4xx_HAL_Driver/Src/stm32f4xx_ll_sdmmc.c.obj
                0x08003970                SDMMC_CmdSendCID
 .text.SDMMC_CmdSendCSD
                0x0800399a       0x2a CMakeFiles/Cubesat_stm32.elf.dir/Drivers/STM32F4xx_HAL_Driver/Src/stm32f4xx_ll_sdmmc.c.obj
                0x0800399a                SDMMC_CmdSendCSD
 .text.SDMMC_GetCmdResp3
                0x080039c4       0x4c CMakeFiles/Cubesat_stm32.elf.dir/Drivers/STM32F4xx_HAL_Driver/Src/stm32f4xx_ll_sdmmc.c.obj
                0x080039c4                SDMMC_GetCmdResp3
 .text.SDMMC_CmdAppOperCommand
                0x08003a10       0x32 CMakeFiles/Cubesat_stm32.elf.dir/Drivers/STM32F4xx_HAL_Driver/Src/stm32f4xx_ll_sdmmc.c.obj
                0x08003a10                SDMMC_CmdAppOperCommand
 *fill*         0x08003a42        0x2 
 .text.SDMMC_GetCmdResp6
                0x08003a44       0xa0 CMakeFiles/Cubesat_stm32.elf.dir/Drivers/STM32F4xx_HAL_Driver/Src/stm32f4xx_ll_sdmmc.c.obj
                0x08003a44                SDMMC_GetCmdResp6
 .text.SDMMC_CmdSetRelAdd
                0x08003ae4       0x30 CMakeFiles/Cubesat_stm32.elf.dir/Drivers/STM32F4xx_HAL_Driver/Src/stm32f4xx_ll_sdmmc.c.obj
                0x08003ae4                SDMMC_CmdSetRelAdd
 .text.SDMMC_GetCmdResp7
                0x08003b14       0x64 CMakeFiles/Cubesat_stm32.elf.dir/Drivers/STM32F4xx_HAL_Driver/Src/stm32f4xx_ll_sdmmc.c.obj
                0x08003b14                SDMMC_GetCmdResp7
 .text.SDMMC_CmdOperCond
                0x08003b78       0x2e CMakeFiles/Cubesat_stm32.elf.dir/Drivers/STM32F4xx_HAL_Driver/Src/stm32f4xx_ll_sdmmc.c.obj
                0x08003b78                SDMMC_CmdOperCond
 *fill*         0x08003ba6        0x2 
 .text.MX_FATFS_Init
                0x08003ba8       0x1c CMakeFiles/Cubesat_stm32.elf.dir/FATFS/App/fatfs.c.obj
                0x08003ba8                MX_FATFS_Init
 .text.get_fattime
                0x08003bc4        0x4 CMakeFiles/Cubesat_stm32.elf.dir/FATFS/App/fatfs.c.obj
                0x08003bc4                get_fattime
 .text.BSP_SD_ReadBlocks
                0x08003bc8       0x20 CMakeFiles/Cubesat_stm32.elf.dir/FATFS/Target/bsp_driver_sd.c.obj
                0x08003bc8                BSP_SD_ReadBlocks
 .text.BSP_SD_WriteBlocks
                0x08003be8       0x20 CMakeFiles/Cubesat_stm32.elf.dir/FATFS/Target/bsp_driver_sd.c.obj
                0x08003be8                BSP_SD_WriteBlocks
 .text.BSP_SD_GetCardState
                0x08003c08       0x14 CMakeFiles/Cubesat_stm32.elf.dir/FATFS/Target/bsp_driver_sd.c.obj
                0x08003c08                BSP_SD_GetCardState
 .text.BSP_SD_GetCardInfo
                0x08003c1c       0x10 CMakeFiles/Cubesat_stm32.elf.dir/FATFS/Target/bsp_driver_sd.c.obj
                0x08003c1c                BSP_SD_GetCardInfo
 .text.BSP_SD_IsDetected
                0x08003c2c       0x10 CMakeFiles/Cubesat_stm32.elf.dir/FATFS/Target/bsp_driver_sd.c.obj
                0x08003c2c                BSP_SD_IsDetected
 .text.BSP_SD_Init
                0x08003c3c       0x34 CMakeFiles/Cubesat_stm32.elf.dir/FATFS/Target/bsp_driver_sd.c.obj
                0x08003c3c                BSP_SD_Init
 .text.SD_CheckStatus
                0x08003c70       0x24 CMakeFiles/Cubesat_stm32.elf.dir/FATFS/Target/sd_diskio.c.obj
 .text.SD_initialize
                0x08003c94       0x28 CMakeFiles/Cubesat_stm32.elf.dir/FATFS/Target/sd_diskio.c.obj
                0x08003c94                SD_initialize
 .text.SD_status
                0x08003cbc        0x8 CMakeFiles/Cubesat_stm32.elf.dir/FATFS/Target/sd_diskio.c.obj
                0x08003cbc                SD_status
 .text.SD_read  0x08003cc4       0x24 CMakeFiles/Cubesat_stm32.elf.dir/FATFS/Target/sd_diskio.c.obj
                0x08003cc4                SD_read
 .text.SD_write
                0x08003ce8       0x24 CMakeFiles/Cubesat_stm32.elf.dir/FATFS/Target/sd_diskio.c.obj
                0x08003ce8                SD_write
 .text.SD_ioctl
                0x08003d0c       0x58 CMakeFiles/Cubesat_stm32.elf.dir/FATFS/Target/sd_diskio.c.obj
                0x08003d0c                SD_ioctl
 .text.disk_status
                0x08003d64       0x18 CMakeFiles/Cubesat_stm32.elf.dir/Middlewares/Third_Party/FatFs/src/diskio.c.obj
                0x08003d64                disk_status
 .text.disk_initialize
                0x08003d7c       0x28 CMakeFiles/Cubesat_stm32.elf.dir/Middlewares/Third_Party/FatFs/src/diskio.c.obj
                0x08003d7c                disk_initialize
 .text.disk_read
                0x08003da4       0x18 CMakeFiles/Cubesat_stm32.elf.dir/Middlewares/Third_Party/FatFs/src/diskio.c.obj
                0x08003da4                disk_read
 .text.disk_write
                0x08003dbc       0x18 CMakeFiles/Cubesat_stm32.elf.dir/Middlewares/Third_Party/FatFs/src/diskio.c.obj
                0x08003dbc                disk_write
 .text.disk_ioctl
                0x08003dd4       0x18 CMakeFiles/Cubesat_stm32.elf.dir/Middlewares/Third_Party/FatFs/src/diskio.c.obj
                0x08003dd4                disk_ioctl
 .text.ld_word  0x08003dec        0xa CMakeFiles/Cubesat_stm32.elf.dir/Middlewares/Third_Party/FatFs/src/ff.c.obj
 .text.ld_dword
                0x08003df6       0x16 CMakeFiles/Cubesat_stm32.elf.dir/Middlewares/Third_Party/FatFs/src/ff.c.obj
 .text.st_word  0x08003e0c        0x8 CMakeFiles/Cubesat_stm32.elf.dir/Middlewares/Third_Party/FatFs/src/ff.c.obj
 .text.st_dword
                0x08003e14       0x14 CMakeFiles/Cubesat_stm32.elf.dir/Middlewares/Third_Party/FatFs/src/ff.c.obj
 .text.mem_cpy  0x08003e28       0x14 CMakeFiles/Cubesat_stm32.elf.dir/Middlewares/Third_Party/FatFs/src/ff.c.obj
 .text.mem_set  0x08003e3c        0xa CMakeFiles/Cubesat_stm32.elf.dir/Middlewares/Third_Party/FatFs/src/ff.c.obj
 .text.mem_cmp  0x08003e46       0x1a CMakeFiles/Cubesat_stm32.elf.dir/Middlewares/Third_Party/FatFs/src/ff.c.obj
 .text.chk_chr  0x08003e60       0x10 CMakeFiles/Cubesat_stm32.elf.dir/Middlewares/Third_Party/FatFs/src/ff.c.obj
 .text.chk_lock
                0x08003e70       0x74 CMakeFiles/Cubesat_stm32.elf.dir/Middlewares/Third_Party/FatFs/src/ff.c.obj
 .text.enq_lock
                0x08003ee4       0x20 CMakeFiles/Cubesat_stm32.elf.dir/Middlewares/Third_Party/FatFs/src/ff.c.obj
 .text.inc_lock
                0x08003f04       0xa8 CMakeFiles/Cubesat_stm32.elf.dir/Middlewares/Third_Party/FatFs/src/ff.c.obj
 .text.dec_lock
                0x08003fac       0x40 CMakeFiles/Cubesat_stm32.elf.dir/Middlewares/Third_Party/FatFs/src/ff.c.obj
 .text.clear_lock
                0x08003fec       0x38 CMakeFiles/Cubesat_stm32.elf.dir/Middlewares/Third_Party/FatFs/src/ff.c.obj
 .text.clust2sect
                0x08004024       0x18 CMakeFiles/Cubesat_stm32.elf.dir/Middlewares/Third_Party/FatFs/src/ff.c.obj
 .text.clmt_clust
                0x0800403c       0x26 CMakeFiles/Cubesat_stm32.elf.dir/Middlewares/Third_Party/FatFs/src/ff.c.obj
 .text.ld_clust
                0x08004062       0x26 CMakeFiles/Cubesat_stm32.elf.dir/Middlewares/Third_Party/FatFs/src/ff.c.obj
 .text.st_clust
                0x08004088       0x26 CMakeFiles/Cubesat_stm32.elf.dir/Middlewares/Third_Party/FatFs/src/ff.c.obj
 *fill*         0x080040ae        0x2 
 .text.create_name
                0x080040b0       0xcc CMakeFiles/Cubesat_stm32.elf.dir/Middlewares/Third_Party/FatFs/src/ff.c.obj
 .text.get_ldnumber
                0x0800417c       0x52 CMakeFiles/Cubesat_stm32.elf.dir/Middlewares/Third_Party/FatFs/src/ff.c.obj
 .text.validate
                0x080041ce       0x46 CMakeFiles/Cubesat_stm32.elf.dir/Middlewares/Third_Party/FatFs/src/ff.c.obj
 .text.sync_window
                0x08004214       0x54 CMakeFiles/Cubesat_stm32.elf.dir/Middlewares/Third_Party/FatFs/src/ff.c.obj
 .text.move_window
                0x08004268       0x36 CMakeFiles/Cubesat_stm32.elf.dir/Middlewares/Third_Party/FatFs/src/ff.c.obj
 *fill*         0x0800429e        0x2 
 .text.check_fs
                0x080042a0       0x78 CMakeFiles/Cubesat_stm32.elf.dir/Middlewares/Third_Party/FatFs/src/ff.c.obj
 .text.find_volume
                0x08004318      0x34c CMakeFiles/Cubesat_stm32.elf.dir/Middlewares/Third_Party/FatFs/src/ff.c.obj
 .text.put_fat  0x08004664      0x13e CMakeFiles/Cubesat_stm32.elf.dir/Middlewares/Third_Party/FatFs/src/ff.c.obj
 .text.get_fat  0x080047a2       0xfc CMakeFiles/Cubesat_stm32.elf.dir/Middlewares/Third_Party/FatFs/src/ff.c.obj
 .text.dir_sdi  0x0800489e       0xc0 CMakeFiles/Cubesat_stm32.elf.dir/Middlewares/Third_Party/FatFs/src/ff.c.obj
 .text.create_chain
                0x0800495e       0xcc CMakeFiles/Cubesat_stm32.elf.dir/Middlewares/Third_Party/FatFs/src/ff.c.obj
 .text.remove_chain
                0x08004a2a       0x7e CMakeFiles/Cubesat_stm32.elf.dir/Middlewares/Third_Party/FatFs/src/ff.c.obj
 .text.dir_next
                0x08004aa8      0x118 CMakeFiles/Cubesat_stm32.elf.dir/Middlewares/Third_Party/FatFs/src/ff.c.obj
 .text.dir_find
                0x08004bc0       0x5a CMakeFiles/Cubesat_stm32.elf.dir/Middlewares/Third_Party/FatFs/src/ff.c.obj
 .text.follow_path
                0x08004c1a       0x92 CMakeFiles/Cubesat_stm32.elf.dir/Middlewares/Third_Party/FatFs/src/ff.c.obj
 .text.dir_alloc
                0x08004cac       0x50 CMakeFiles/Cubesat_stm32.elf.dir/Middlewares/Third_Party/FatFs/src/ff.c.obj
 .text.dir_register
                0x08004cfc       0x3e CMakeFiles/Cubesat_stm32.elf.dir/Middlewares/Third_Party/FatFs/src/ff.c.obj
 *fill*         0x08004d3a        0x2 
 .text.sync_fs  0x08004d3c       0x88 CMakeFiles/Cubesat_stm32.elf.dir/Middlewares/Third_Party/FatFs/src/ff.c.obj
 .text.f_mount  0x08004dc4       0x5c CMakeFiles/Cubesat_stm32.elf.dir/Middlewares/Third_Party/FatFs/src/ff.c.obj
                0x08004dc4                f_mount
 .text.f_open   0x08004e20      0x234 CMakeFiles/Cubesat_stm32.elf.dir/Middlewares/Third_Party/FatFs/src/ff.c.obj
                0x08004e20                f_open
 .text.f_write  0x08005054      0x210 CMakeFiles/Cubesat_stm32.elf.dir/Middlewares/Third_Party/FatFs/src/ff.c.obj
                0x08005054                f_write
 .text.f_sync   0x08005264       0x98 CMakeFiles/Cubesat_stm32.elf.dir/Middlewares/Third_Party/FatFs/src/ff.c.obj
                0x08005264                f_sync
 .text.f_close  0x080052fc       0x2a CMakeFiles/Cubesat_stm32.elf.dir/Middlewares/Third_Party/FatFs/src/ff.c.obj
                0x080052fc                f_close
 *fill*         0x08005326        0x2 
 .text.FATFS_LinkDriverEx
                0x08005328       0x54 CMakeFiles/Cubesat_stm32.elf.dir/Middlewares/Third_Party/FatFs/src/ff_gen_drv.c.obj
                0x08005328                FATFS_LinkDriverEx
 .text.FATFS_LinkDriver
                0x0800537c        0xa CMakeFiles/Cubesat_stm32.elf.dir/Middlewares/Third_Party/FatFs/src/ff_gen_drv.c.obj
                0x0800537c                FATFS_LinkDriver
 *fill*         0x08005386        0x2 
 .text.__errno  0x08005388        0xc c:/progra~2/gnuarm~1/102021~1.10/bin/../lib/gcc/arm-none-eabi/10.3.1/../../../../arm-none-eabi/lib/thumb/v7e-m/nofp\libg.a(lib_a-errno.o)
                0x08005388                __errno
 .text.__libc_init_array
                0x08005394       0x48 c:/progra~2/gnuarm~1/102021~1.10/bin/../lib/gcc/arm-none-eabi/10.3.1/../../../../arm-none-eabi/lib/thumb/v7e-m/nofp\libg.a(lib_a-init.o)
                0x08005394                __libc_init_array
 .text.memset   0x080053dc       0xa4 c:/progra~2/gnuarm~1/102021~1.10/bin/../lib/gcc/arm-none-eabi/10.3.1/../../../../arm-none-eabi/lib/thumb/v7e-m/nofp\libg.a(lib_a-memset.o)
                0x080053dc                memset
 .text.sprintf  0x08005480       0x40 c:/progra~2/gnuarm~1/102021~1.10/bin/../lib/gcc/arm-none-eabi/10.3.1/../../../../arm-none-eabi/lib/thumb/v7e-m/nofp\libg.a(lib_a-sprintf.o)
                0x08005480                sprintf
 .text._svfprintf_r
                0x080054c0     0x1a3c c:/progra~2/gnuarm~1/102021~1.10/bin/../lib/gcc/arm-none-eabi/10.3.1/../../../../arm-none-eabi/lib/thumb/v7e-m/nofp\libg.a(lib_a-svfprintf.o)
                0x080054c0                _svfprintf_r
 .text.startup.register_fini
                0x08006efc       0x14 c:/progra~2/gnuarm~1/102021~1.10/bin/../lib/gcc/arm-none-eabi/10.3.1/../../../../arm-none-eabi/lib/thumb/v7e-m/nofp\libg.a(lib_a-__call_atexit.o)
 .text.atexit   0x08006f10        0xc c:/progra~2/gnuarm~1/102021~1.10/bin/../lib/gcc/arm-none-eabi/10.3.1/../../../../arm-none-eabi/lib/thumb/v7e-m/nofp\libg.a(lib_a-atexit.o)
                0x08006f10                atexit
 .text.quorem   0x08006f1c      0x124 c:/progra~2/gnuarm~1/102021~1.10/bin/../lib/gcc/arm-none-eabi/10.3.1/../../../../arm-none-eabi/lib/thumb/v7e-m/nofp\libg.a(lib_a-dtoa.o)
 .text._dtoa_r  0x08007040      0xec4 c:/progra~2/gnuarm~1/102021~1.10/bin/../lib/gcc/arm-none-eabi/10.3.1/../../../../arm-none-eabi/lib/thumb/v7e-m/nofp\libg.a(lib_a-dtoa.o)
                0x08007040                _dtoa_r
 .text.__libc_fini_array
                0x08007f04       0x2c c:/progra~2/gnuarm~1/102021~1.10/bin/../lib/gcc/arm-none-eabi/10.3.1/../../../../arm-none-eabi/lib/thumb/v7e-m/nofp\libg.a(lib_a-fini.o)
                0x08007f04                __libc_fini_array
 .text._malloc_trim_r
                0x08007f30       0xa0 c:/progra~2/gnuarm~1/102021~1.10/bin/../lib/gcc/arm-none-eabi/10.3.1/../../../../arm-none-eabi/lib/thumb/v7e-m/nofp\libg.a(lib_a-freer.o)
                0x08007f30                _malloc_trim_r
 .text._free_r  0x08007fd0      0x20c c:/progra~2/gnuarm~1/102021~1.10/bin/../lib/gcc/arm-none-eabi/10.3.1/../../../../arm-none-eabi/lib/thumb/v7e-m/nofp\libg.a(lib_a-freer.o)
                0x08007fd0                _free_r
 .text._localeconv_r
                0x080081dc        0x8 c:/progra~2/gnuarm~1/102021~1.10/bin/../lib/gcc/arm-none-eabi/10.3.1/../../../../arm-none-eabi/lib/thumb/v7e-m/nofp\libg.a(lib_a-localeconv.o)
                0x080081dc                _localeconv_r
 .text.__retarget_lock_init_recursive
                0x080081e4        0x4 c:/progra~2/gnuarm~1/102021~1.10/bin/../lib/gcc/arm-none-eabi/10.3.1/../../../../arm-none-eabi/lib/thumb/v7e-m/nofp\libg.a(lib_a-lock.o)
                0x080081e4                __retarget_lock_init_recursive
 .text.__retarget_lock_close_recursive
                0x080081e8        0x4 c:/progra~2/gnuarm~1/102021~1.10/bin/../lib/gcc/arm-none-eabi/10.3.1/../../../../arm-none-eabi/lib/thumb/v7e-m/nofp\libg.a(lib_a-lock.o)
                0x080081e8                __retarget_lock_close_recursive
 .text.__retarget_lock_acquire_recursive
                0x080081ec        0x4 c:/progra~2/gnuarm~1/102021~1.10/bin/../lib/gcc/arm-none-eabi/10.3.1/../../../../arm-none-eabi/lib/thumb/v7e-m/nofp\libg.a(lib_a-lock.o)
                0x080081ec                __retarget_lock_acquire_recursive
 .text.__retarget_lock_release_recursive
                0x080081f0        0x4 c:/progra~2/gnuarm~1/102021~1.10/bin/../lib/gcc/arm-none-eabi/10.3.1/../../../../arm-none-eabi/lib/thumb/v7e-m/nofp\libg.a(lib_a-lock.o)
                0x080081f0                __retarget_lock_release_recursive
 .text._malloc_r
                0x080081f4      0x560 c:/progra~2/gnuarm~1/102021~1.10/bin/../lib/gcc/arm-none-eabi/10.3.1/../../../../arm-none-eabi/lib/thumb/v7e-m/nofp\libg.a(lib_a-mallocr.o)
                0x080081f4                _malloc_r
 .text.__malloc_lock
                0x08008754        0xc c:/progra~2/gnuarm~1/102021~1.10/bin/../lib/gcc/arm-none-eabi/10.3.1/../../../../arm-none-eabi/lib/thumb/v7e-m/nofp\libg.a(lib_a-mlock.o)
                0x08008754                __malloc_lock
 .text.__malloc_unlock
                0x08008760        0xc c:/progra~2/gnuarm~1/102021~1.10/bin/../lib/gcc/arm-none-eabi/10.3.1/../../../../arm-none-eabi/lib/thumb/v7e-m/nofp\libg.a(lib_a-mlock.o)
                0x08008760                __malloc_unlock
 .text._Balloc  0x0800876c       0x4c c:/progra~2/gnuarm~1/102021~1.10/bin/../lib/gcc/arm-none-eabi/10.3.1/../../../../arm-none-eabi/lib/thumb/v7e-m/nofp\libg.a(lib_a-mprec.o)
                0x0800876c                _Balloc
 .text._Bfree   0x080087b8       0x14 c:/progra~2/gnuarm~1/102021~1.10/bin/../lib/gcc/arm-none-eabi/10.3.1/../../../../arm-none-eabi/lib/thumb/v7e-m/nofp\libg.a(lib_a-mprec.o)
                0x080087b8                _Bfree
 .text.__multadd
                0x080087cc       0xa0 c:/progra~2/gnuarm~1/102021~1.10/bin/../lib/gcc/arm-none-eabi/10.3.1/../../../../arm-none-eabi/lib/thumb/v7e-m/nofp\libg.a(lib_a-mprec.o)
                0x080087cc                __multadd
 .text.__hi0bits
                0x0800886c       0x40 c:/progra~2/gnuarm~1/102021~1.10/bin/../lib/gcc/arm-none-eabi/10.3.1/../../../../arm-none-eabi/lib/thumb/v7e-m/nofp\libg.a(lib_a-mprec.o)
                0x0800886c                __hi0bits
 .text.__lo0bits
                0x080088ac       0x5c c:/progra~2/gnuarm~1/102021~1.10/bin/../lib/gcc/arm-none-eabi/10.3.1/../../../../arm-none-eabi/lib/thumb/v7e-m/nofp\libg.a(lib_a-mprec.o)
                0x080088ac                __lo0bits
 .text.__i2b    0x08008908       0x5c c:/progra~2/gnuarm~1/102021~1.10/bin/../lib/gcc/arm-none-eabi/10.3.1/../../../../arm-none-eabi/lib/thumb/v7e-m/nofp\libg.a(lib_a-mprec.o)
                0x08008908                __i2b
 .text.__multiply
                0x08008964      0x15c c:/progra~2/gnuarm~1/102021~1.10/bin/../lib/gcc/arm-none-eabi/10.3.1/../../../../arm-none-eabi/lib/thumb/v7e-m/nofp\libg.a(lib_a-mprec.o)
                0x08008964                __multiply
 .text.__pow5mult
                0x08008ac0       0xc0 c:/progra~2/gnuarm~1/102021~1.10/bin/../lib/gcc/arm-none-eabi/10.3.1/../../../../arm-none-eabi/lib/thumb/v7e-m/nofp\libg.a(lib_a-mprec.o)
                0x08008ac0                __pow5mult
 .text.__lshift
                0x08008b80       0xf0 c:/progra~2/gnuarm~1/102021~1.10/bin/../lib/gcc/arm-none-eabi/10.3.1/../../../../arm-none-eabi/lib/thumb/v7e-m/nofp\libg.a(lib_a-mprec.o)
                0x08008b80                __lshift
 .text.__mcmp   0x08008c70       0x40 c:/progra~2/gnuarm~1/102021~1.10/bin/../lib/gcc/arm-none-eabi/10.3.1/../../../../arm-none-eabi/lib/thumb/v7e-m/nofp\libg.a(lib_a-mprec.o)
                0x08008c70                __mcmp
 .text.__mdiff  0x08008cb0      0x14c c:/progra~2/gnuarm~1/102021~1.10/bin/../lib/gcc/arm-none-eabi/10.3.1/../../../../arm-none-eabi/lib/thumb/v7e-m/nofp\libg.a(lib_a-mprec.o)
                0x08008cb0                __mdiff
 .text.__d2b    0x08008dfc       0xc4 c:/progra~2/gnuarm~1/102021~1.10/bin/../lib/gcc/arm-none-eabi/10.3.1/../../../../arm-none-eabi/lib/thumb/v7e-m/nofp\libg.a(lib_a-mprec.o)
                0x08008dfc                __d2b
 .text.frexp    0x08008ec0       0x70 c:/progra~2/gnuarm~1/102021~1.10/bin/../lib/gcc/arm-none-eabi/10.3.1/../../../../arm-none-eabi/lib/thumb/v7e-m/nofp\libg.a(lib_a-s_frexp.o)
                0x08008ec0                frexp
 .text._sbrk_r  0x08008f30       0x24 c:/progra~2/gnuarm~1/102021~1.10/bin/../lib/gcc/arm-none-eabi/10.3.1/../../../../arm-none-eabi/lib/thumb/v7e-m/nofp\libg.a(lib_a-sbrkr.o)
                0x08008f30                _sbrk_r
 .text.strncpy  0x08008f54       0x64 c:/progra~2/gnuarm~1/102021~1.10/bin/../lib/gcc/arm-none-eabi/10.3.1/../../../../arm-none-eabi/lib/thumb/v7e-m/nofp\libg.a(lib_a-strncpy.o)
                0x08008f54                strncpy
 .text.__ssprint_r
                0x08008fb8       0xf8 c:/progra~2/gnuarm~1/102021~1.10/bin/../lib/gcc/arm-none-eabi/10.3.1/../../../../arm-none-eabi/lib/thumb/v7e-m/nofp\libg.a(lib_a-svfiprintf.o)
                0x08008fb8                __ssprint_r
 .text.__register_exitproc
                0x080090b0       0x8c c:/progra~2/gnuarm~1/102021~1.10/bin/../lib/gcc/arm-none-eabi/10.3.1/../../../../arm-none-eabi/lib/thumb/v7e-m/nofp\libg.a(lib_a-__atexit.o)
                0x080090b0                __register_exitproc
 .text.__assert_func
                0x0800913c       0x40 c:/progra~2/gnuarm~1/102021~1.10/bin/../lib/gcc/arm-none-eabi/10.3.1/../../../../arm-none-eabi/lib/thumb/v7e-m/nofp\libg.a(lib_a-assert.o)
                0x0800913c                __assert_func
 .text._calloc_r
                0x0800917c       0x78 c:/progra~2/gnuarm~1/102021~1.10/bin/../lib/gcc/arm-none-eabi/10.3.1/../../../../arm-none-eabi/lib/thumb/v7e-m/nofp\libg.a(lib_a-callocr.o)
                0x0800917c                _calloc_r
 .text.fiprintf
                0x080091f4       0x28 c:/progra~2/gnuarm~1/102021~1.10/bin/../lib/gcc/arm-none-eabi/10.3.1/../../../../arm-none-eabi/lib/thumb/v7e-m/nofp\libg.a(lib_a-fiprintf.o)
                0x080091f4                fiprintf
 .text.__locale_mb_cur_max
                0x0800921c        0xc c:/progra~2/gnuarm~1/102021~1.10/bin/../lib/gcc/arm-none-eabi/10.3.1/../../../../arm-none-eabi/lib/thumb/v7e-m/nofp\libg.a(lib_a-locale.o)
                0x0800921c                __locale_mb_cur_max
 .text.__ascii_mbtowc
                0x08009228       0x2c c:/progra~2/gnuarm~1/102021~1.10/bin/../lib/gcc/arm-none-eabi/10.3.1/../../../../arm-none-eabi/lib/thumb/v7e-m/nofp\libg.a(lib_a-mbtowc_r.o)
                0x08009228                __ascii_mbtowc
 .text.memmove  0x08009254       0xf8 c:/progra~2/gnuarm~1/102021~1.10/bin/../lib/gcc/arm-none-eabi/10.3.1/../../../../arm-none-eabi/lib/thumb/v7e-m/nofp\libg.a(lib_a-memmove.o)
                0x08009254                memmove
 .text._realloc_r
                0x0800934c      0x3d8 c:/progra~2/gnuarm~1/102021~1.10/bin/../lib/gcc/arm-none-eabi/10.3.1/../../../../arm-none-eabi/lib/thumb/v7e-m/nofp\libg.a(lib_a-reallocr.o)
                0x0800934c                _realloc_r
 .text.__sprint_r.part.0
                0x08009724       0x78 c:/progra~2/gnuarm~1/102021~1.10/bin/../lib/gcc/arm-none-eabi/10.3.1/../../../../arm-none-eabi/lib/thumb/v7e-m/nofp\libg.a(lib_a-vfiprintf.o)
 .text._vfiprintf_r
                0x0800979c      0xda0 c:/progra~2/gnuarm~1/102021~1.10/bin/../lib/gcc/arm-none-eabi/10.3.1/../../../../arm-none-eabi/lib/thumb/v7e-m/nofp\libg.a(lib_a-vfiprintf.o)
                0x0800979c                _vfiprintf_r
 .text.__sbprintf
                0x0800a53c       0x80 c:/progra~2/gnuarm~1/102021~1.10/bin/../lib/gcc/arm-none-eabi/10.3.1/../../../../arm-none-eabi/lib/thumb/v7e-m/nofp\libg.a(lib_a-vfiprintf.o)
 .text.__ascii_wctomb
                0x0800a5bc       0x1c c:/progra~2/gnuarm~1/102021~1.10/bin/../lib/gcc/arm-none-eabi/10.3.1/../../../../arm-none-eabi/lib/thumb/v7e-m/nofp\libg.a(lib_a-wctomb_r.o)
                0x0800a5bc                __ascii_wctomb
 .text.__swsetup_r
                0x0800a5d8       0xd4 c:/progra~2/gnuarm~1/102021~1.10/bin/../lib/gcc/arm-none-eabi/10.3.1/../../../../arm-none-eabi/lib/thumb/v7e-m/nofp\libg.a(lib_a-wsetup.o)
                0x0800a5d8                __swsetup_r
 .text.abort    0x0800a6ac       0x10 c:/progra~2/gnuarm~1/102021~1.10/bin/../lib/gcc/arm-none-eabi/10.3.1/../../../../arm-none-eabi/lib/thumb/v7e-m/nofp\libg.a(lib_a-abort.o)
                0x0800a6ac                abort
 .text.__sflush_r
                0x0800a6bc      0x120 c:/progra~2/gnuarm~1/102021~1.10/bin/../lib/gcc/arm-none-eabi/10.3.1/../../../../arm-none-eabi/lib/thumb/v7e-m/nofp\libg.a(lib_a-fflush.o)
                0x0800a6bc                __sflush_r
 .text._fflush_r
                0x0800a7dc       0x5c c:/progra~2/gnuarm~1/102021~1.10/bin/../lib/gcc/arm-none-eabi/10.3.1/../../../../arm-none-eabi/lib/thumb/v7e-m/nofp\libg.a(lib_a-fflush.o)
                0x0800a7dc                _fflush_r
 .text._cleanup_r
                0x0800a838        0xc c:/progra~2/gnuarm~1/102021~1.10/bin/../lib/gcc/arm-none-eabi/10.3.1/../../../../arm-none-eabi/lib/thumb/v7e-m/nofp\libg.a(lib_a-findfp.o)
                0x0800a838                _cleanup_r
 .text.__sinit  0x0800a844      0x10c c:/progra~2/gnuarm~1/102021~1.10/bin/../lib/gcc/arm-none-eabi/10.3.1/../../../../arm-none-eabi/lib/thumb/v7e-m/nofp\libg.a(lib_a-findfp.o)
                0x0800a844                __sinit
 .text.__sfp_lock_acquire
                0x0800a950        0xc c:/progra~2/gnuarm~1/102021~1.10/bin/../lib/gcc/arm-none-eabi/10.3.1/../../../../arm-none-eabi/lib/thumb/v7e-m/nofp\libg.a(lib_a-findfp.o)
                0x0800a950                __sfp_lock_acquire
 .text.__sfp_lock_release
                0x0800a95c        0xc c:/progra~2/gnuarm~1/102021~1.10/bin/../lib/gcc/arm-none-eabi/10.3.1/../../../../arm-none-eabi/lib/thumb/v7e-m/nofp\libg.a(lib_a-findfp.o)
                0x0800a95c                __sfp_lock_release
 .text.__fputwc
                0x0800a968       0xa8 c:/progra~2/gnuarm~1/102021~1.10/bin/../lib/gcc/arm-none-eabi/10.3.1/../../../../arm-none-eabi/lib/thumb/v7e-m/nofp\libg.a(lib_a-fputwc.o)
                0x0800a968                __fputwc
 .text._fputwc_r
                0x0800aa10       0x68 c:/progra~2/gnuarm~1/102021~1.10/bin/../lib/gcc/arm-none-eabi/10.3.1/../../../../arm-none-eabi/lib/thumb/v7e-m/nofp\libg.a(lib_a-fputwc.o)
                0x0800aa10                _fputwc_r
 .text.__sfvwrite_r
                0x0800aa78      0x2e8 c:/progra~2/gnuarm~1/102021~1.10/bin/../lib/gcc/arm-none-eabi/10.3.1/../../../../arm-none-eabi/lib/thumb/v7e-m/nofp\libg.a(lib_a-fvwrite.o)
                0x0800aa78                __sfvwrite_r
 .text._fwalk_reent
                0x0800ad60       0x48 c:/progra~2/gnuarm~1/102021~1.10/bin/../lib/gcc/arm-none-eabi/10.3.1/../../../../arm-none-eabi/lib/thumb/v7e-m/nofp\libg.a(lib_a-fwalk.o)
                0x0800ad60                _fwalk_reent
 .text.__smakebuf_r
                0x0800ada8       0xe0 c:/progra~2/gnuarm~1/102021~1.10/bin/../lib/gcc/arm-none-eabi/10.3.1/../../../../arm-none-eabi/lib/thumb/v7e-m/nofp\libg.a(lib_a-makebuf.o)
                0x0800ada8                __smakebuf_r
 .text.raise    0x0800ae88       0x5c c:/progra~2/gnuarm~1/102021~1.10/bin/../lib/gcc/arm-none-eabi/10.3.1/../../../../arm-none-eabi/lib/thumb/v7e-m/nofp\libg.a(lib_a-signal.o)
                0x0800ae88                raise
 .text._kill_r  0x0800aee4       0x2c c:/progra~2/gnuarm~1/102021~1.10/bin/../lib/gcc/arm-none-eabi/10.3.1/../../../../arm-none-eabi/lib/thumb/v7e-m/nofp\libg.a(lib_a-signalr.o)
                0x0800aee4                _kill_r
 .text._getpid_r
                0x0800af10        0x4 c:/progra~2/gnuarm~1/102021~1.10/bin/../lib/gcc/arm-none-eabi/10.3.1/../../../../arm-none-eabi/lib/thumb/v7e-m/nofp\libg.a(lib_a-signalr.o)
                0x0800af10                _getpid_r
 .text.__sread  0x0800af14       0x24 c:/progra~2/gnuarm~1/102021~1.10/bin/../lib/gcc/arm-none-eabi/10.3.1/../../../../arm-none-eabi/lib/thumb/v7e-m/nofp\libg.a(lib_a-stdio.o)
                0x0800af14                __sread
 .text.__swrite
                0x0800af38       0x40 c:/progra~2/gnuarm~1/102021~1.10/bin/../lib/gcc/arm-none-eabi/10.3.1/../../../../arm-none-eabi/lib/thumb/v7e-m/nofp\libg.a(lib_a-stdio.o)
                0x0800af38                __swrite
 .text.__sseek  0x0800af78       0x20 c:/progra~2/gnuarm~1/102021~1.10/bin/../lib/gcc/arm-none-eabi/10.3.1/../../../../arm-none-eabi/lib/thumb/v7e-m/nofp\libg.a(lib_a-stdio.o)
                0x0800af78                __sseek
 .text.__sclose
                0x0800af98        0x8 c:/progra~2/gnuarm~1/102021~1.10/bin/../lib/gcc/arm-none-eabi/10.3.1/../../../../arm-none-eabi/lib/thumb/v7e-m/nofp\libg.a(lib_a-stdio.o)
                0x0800af98                __sclose
 .text.__swbuf_r
                0x0800afa0       0xb0 c:/progra~2/gnuarm~1/102021~1.10/bin/../lib/gcc/arm-none-eabi/10.3.1/../../../../arm-none-eabi/lib/thumb/v7e-m/nofp\libg.a(lib_a-wbuf.o)
                0x0800afa0                __swbuf_r
 .text._wcrtomb_r
                0x0800b050       0x3c c:/progra~2/gnuarm~1/102021~1.10/bin/../lib/gcc/arm-none-eabi/10.3.1/../../../../arm-none-eabi/lib/thumb/v7e-m/nofp\libg.a(lib_a-wcrtomb.o)
                0x0800b050                _wcrtomb_r
 .text._write_r
                0x0800b08c       0x2c c:/progra~2/gnuarm~1/102021~1.10/bin/../lib/gcc/arm-none-eabi/10.3.1/../../../../arm-none-eabi/lib/thumb/v7e-m/nofp\libg.a(lib_a-writer.o)
                0x0800b08c                _write_r
 .text._close_r
                0x0800b0b8       0x24 c:/progra~2/gnuarm~1/102021~1.10/bin/../lib/gcc/arm-none-eabi/10.3.1/../../../../arm-none-eabi/lib/thumb/v7e-m/nofp\libg.a(lib_a-closer.o)
                0x0800b0b8                _close_r
 .text._fclose_r
                0x0800b0dc       0xcc c:/progra~2/gnuarm~1/102021~1.10/bin/../lib/gcc/arm-none-eabi/10.3.1/../../../../arm-none-eabi/lib/thumb/v7e-m/nofp\libg.a(lib_a-fclose.o)
                0x0800b0dc                _fclose_r
 .text._fstat_r
                0x0800b1a8       0x2c c:/progra~2/gnuarm~1/102021~1.10/bin/../lib/gcc/arm-none-eabi/10.3.1/../../../../arm-none-eabi/lib/thumb/v7e-m/nofp\libg.a(lib_a-fstatr.o)
                0x0800b1a8                _fstat_r
 .text._isatty_r
                0x0800b1d4       0x24 c:/progra~2/gnuarm~1/102021~1.10/bin/../lib/gcc/arm-none-eabi/10.3.1/../../../../arm-none-eabi/lib/thumb/v7e-m/nofp\libg.a(lib_a-isattyr.o)
                0x0800b1d4                _isatty_r
 .text._lseek_r
                0x0800b1f8       0x2c c:/progra~2/gnuarm~1/102021~1.10/bin/../lib/gcc/arm-none-eabi/10.3.1/../../../../arm-none-eabi/lib/thumb/v7e-m/nofp\libg.a(lib_a-lseekr.o)
                0x0800b1f8                _lseek_r
 .text._read_r  0x0800b224       0x2c c:/progra~2/gnuarm~1/102021~1.10/bin/../lib/gcc/arm-none-eabi/10.3.1/../../../../arm-none-eabi/lib/thumb/v7e-m/nofp\libg.a(lib_a-readr.o)
                0x0800b224                _read_r
 *(.glue_7)
 .glue_7        0x0800b250        0x0 linker stubs
 *(.glue_7t)
 .glue_7t       0x0800b250        0x0 linker stubs
 *(.eh_frame)
 .eh_frame      0x0800b250        0x0 c:/progra~2/gnuarm~1/102021~1.10/bin/../lib/gcc/arm-none-eabi/10.3.1/thumb/v7e-m/nofp/crtbegin.o
 *(.init)
 .init          0x0800b250        0x4 c:/progra~2/gnuarm~1/102021~1.10/bin/../lib/gcc/arm-none-eabi/10.3.1/thumb/v7e-m/nofp/crti.o
                0x0800b250                _init
 .init          0x0800b254        0x8 c:/progra~2/gnuarm~1/102021~1.10/bin/../lib/gcc/arm-none-eabi/10.3.1/thumb/v7e-m/nofp/crtn.o
 *(.fini)
 .fini          0x0800b25c        0x4 c:/progra~2/gnuarm~1/102021~1.10/bin/../lib/gcc/arm-none-eabi/10.3.1/thumb/v7e-m/nofp/crti.o
                0x0800b25c                _fini
 .fini          0x0800b260        0x8 c:/progra~2/gnuarm~1/102021~1.10/bin/../lib/gcc/arm-none-eabi/10.3.1/thumb/v7e-m/nofp/crtn.o
                0x0800b268                . = ALIGN (0x4)
                0x0800b268                _etext = .

.vfp11_veneer   0x0800b268        0x0
 .vfp11_veneer  0x0800b268        0x0 linker stubs

.v4_bx          0x0800b268        0x0
 .v4_bx         0x0800b268        0x0 linker stubs

.iplt           0x0800b268        0x0
 .iplt          0x0800b268        0x0 c:/progra~2/gnuarm~1/102021~1.10/bin/../lib/gcc/arm-none-eabi/10.3.1/thumb/v7e-m/nofp/crtbegin.o

.rodata         0x0800b268      0x528
                0x0800b268                . = ALIGN (0x4)
 *(.rodata)
 *(.rodata*)
 .rodata.main.str1.4
                0x0800b268       0x6b CMakeFiles/Cubesat_stm32.elf.dir/Core/Src/main.c.obj
                                 0x6f (size before relaxing)
 *fill*         0x0800b2d3        0x1 
 .rodata.AHBPrescTable
                0x0800b2d4       0x10 CMakeFiles/Cubesat_stm32.elf.dir/Core/Src/system_stm32f4xx.c.obj
                0x0800b2d4                AHBPrescTable
 .rodata.APBPrescTable
                0x0800b2e4        0x8 CMakeFiles/Cubesat_stm32.elf.dir/Core/Src/system_stm32f4xx.c.obj
                0x0800b2e4                APBPrescTable
 .rodata.SD_Driver
                0x0800b2ec       0x14 CMakeFiles/Cubesat_stm32.elf.dir/FATFS/Target/sd_diskio.c.obj
                0x0800b2ec                SD_Driver
 .rodata.create_name.str1.4
                0x0800b300        0xf CMakeFiles/Cubesat_stm32.elf.dir/Middlewares/Third_Party/FatFs/src/ff.c.obj
 *fill*         0x0800b30f        0x1 
 .rodata.ExCvt  0x0800b310       0x80 CMakeFiles/Cubesat_stm32.elf.dir/Middlewares/Third_Party/FatFs/src/ff.c.obj
 .rodata._global_impure_ptr
                0x0800b390        0x4 c:/progra~2/gnuarm~1/102021~1.10/bin/../lib/gcc/arm-none-eabi/10.3.1/../../../../arm-none-eabi/lib/thumb/v7e-m/nofp\libg.a(lib_a-impure.o)
                0x0800b390                _global_impure_ptr
 .rodata._svfprintf_r.str1.4
                0x0800b394       0x42 c:/progra~2/gnuarm~1/102021~1.10/bin/../lib/gcc/arm-none-eabi/10.3.1/../../../../arm-none-eabi/lib/thumb/v7e-m/nofp\libg.a(lib_a-svfprintf.o)
 *fill*         0x0800b3d6        0x2 
 .rodata.blanks.1
                0x0800b3d8       0x10 c:/progra~2/gnuarm~1/102021~1.10/bin/../lib/gcc/arm-none-eabi/10.3.1/../../../../arm-none-eabi/lib/thumb/v7e-m/nofp\libg.a(lib_a-svfprintf.o)
 .rodata.zeroes.0
                0x0800b3e8       0x10 c:/progra~2/gnuarm~1/102021~1.10/bin/../lib/gcc/arm-none-eabi/10.3.1/../../../../arm-none-eabi/lib/thumb/v7e-m/nofp\libg.a(lib_a-svfprintf.o)
 .rodata._dtoa_r.str1.4
                0x0800b3f8       0xa2 c:/progra~2/gnuarm~1/102021~1.10/bin/../lib/gcc/arm-none-eabi/10.3.1/../../../../arm-none-eabi/lib/thumb/v7e-m/nofp\libg.a(lib_a-dtoa.o)
                                 0xa6 (size before relaxing)
 *fill*         0x0800b49a        0x2 
 .rodata.__multadd.str1.4
                0x0800b49c       0x7f c:/progra~2/gnuarm~1/102021~1.10/bin/../lib/gcc/arm-none-eabi/10.3.1/../../../../arm-none-eabi/lib/thumb/v7e-m/nofp\libg.a(lib_a-mprec.o)
                                 0x93 (size before relaxing)
 *fill*         0x0800b51b        0x5 
 .rodata.__mprec_bigtens
                0x0800b520       0x28 c:/progra~2/gnuarm~1/102021~1.10/bin/../lib/gcc/arm-none-eabi/10.3.1/../../../../arm-none-eabi/lib/thumb/v7e-m/nofp\libg.a(lib_a-mprec.o)
                0x0800b520                __mprec_bigtens
 .rodata.__mprec_tens
                0x0800b548       0xc8 c:/progra~2/gnuarm~1/102021~1.10/bin/../lib/gcc/arm-none-eabi/10.3.1/../../../../arm-none-eabi/lib/thumb/v7e-m/nofp\libg.a(lib_a-mprec.o)
                0x0800b548                __mprec_tens
 .rodata.p05.0  0x0800b610        0xc c:/progra~2/gnuarm~1/102021~1.10/bin/../lib/gcc/arm-none-eabi/10.3.1/../../../../arm-none-eabi/lib/thumb/v7e-m/nofp\libg.a(lib_a-mprec.o)
 .rodata.__assert_func.str1.4
                0x0800b61c       0x3f c:/progra~2/gnuarm~1/102021~1.10/bin/../lib/gcc/arm-none-eabi/10.3.1/../../../../arm-none-eabi/lib/thumb/v7e-m/nofp\libg.a(lib_a-assert.o)
                                 0x43 (size before relaxing)
 *fill*         0x0800b65b        0x1 
 .rodata._setlocale_r.str1.4
                0x0800b65c        0xa c:/progra~2/gnuarm~1/102021~1.10/bin/../lib/gcc/arm-none-eabi/10.3.1/../../../../arm-none-eabi/lib/thumb/v7e-m/nofp\libg.a(lib_a-locale.o)
                                  0xd (size before relaxing)
 *fill*         0x0800b666        0x2 
 .rodata.str1.4
                0x0800b668        0x2 c:/progra~2/gnuarm~1/102021~1.10/bin/../lib/gcc/arm-none-eabi/10.3.1/../../../../arm-none-eabi/lib/thumb/v7e-m/nofp\libg.a(lib_a-locale.o)
 .rodata._vfiprintf_r.str1.4
                0x0800b66a       0x2f c:/progra~2/gnuarm~1/102021~1.10/bin/../lib/gcc/arm-none-eabi/10.3.1/../../../../arm-none-eabi/lib/thumb/v7e-m/nofp\libg.a(lib_a-vfiprintf.o)
 *fill*         0x0800b66a        0x2 
 .rodata.blanks.1
                0x0800b66c       0x10 c:/progra~2/gnuarm~1/102021~1.10/bin/../lib/gcc/arm-none-eabi/10.3.1/../../../../arm-none-eabi/lib/thumb/v7e-m/nofp\libg.a(lib_a-vfiprintf.o)
 .rodata.zeroes.0
                0x0800b67c       0x10 c:/progra~2/gnuarm~1/102021~1.10/bin/../lib/gcc/arm-none-eabi/10.3.1/../../../../arm-none-eabi/lib/thumb/v7e-m/nofp\libg.a(lib_a-vfiprintf.o)
 .rodata._ctype_
                0x0800b68c      0x101 c:/progra~2/gnuarm~1/102021~1.10/bin/../lib/gcc/arm-none-eabi/10.3.1/../../../../arm-none-eabi/lib/thumb/v7e-m/nofp\libg.a(lib_a-ctype_.o)
                0x0800b68c                _ctype_
                0x0800b790                . = ALIGN (0x4)
 *fill*         0x0800b78d        0x3 

.ARM.extab      0x0800b790        0x0
                0x0800b790                . = ALIGN (0x4)
 *(.ARM.extab* .gnu.linkonce.armextab.*)
                0x0800b790                . = ALIGN (0x4)

.ARM            0x0800b790        0x8
                0x0800b790                . = ALIGN (0x4)
                0x0800b790                __exidx_start = .
 *(.ARM.exidx*)
 .ARM.exidx     0x0800b790        0x8 c:/progra~2/gnuarm~1/102021~1.10/bin/../lib/gcc/arm-none-eabi/10.3.1/thumb/v7e-m/nofp\libgcc.a(_udivmoddi4.o)
                0x0800b798                __exidx_end = .
                0x0800b798                . = ALIGN (0x4)

.rel.dyn        0x0800b798        0x0
 .rel.iplt      0x0800b798        0x0 c:/progra~2/gnuarm~1/102021~1.10/bin/../lib/gcc/arm-none-eabi/10.3.1/thumb/v7e-m/nofp/crtbegin.o

.preinit_array  0x0800b798        0x0
                0x0800b798                . = ALIGN (0x4)
                0x0800b798                PROVIDE (__preinit_array_start = .)
 *(.preinit_array*)
                0x0800b798                PROVIDE (__preinit_array_end = .)
                0x0800b798                . = ALIGN (0x4)

.init_array     0x0800b798        0x8
                0x0800b798                . = ALIGN (0x4)
                0x0800b798                PROVIDE (__init_array_start = .)
 *(SORT_BY_NAME(.init_array.*))
 .init_array.00000
                0x0800b798        0x4 c:/progra~2/gnuarm~1/102021~1.10/bin/../lib/gcc/arm-none-eabi/10.3.1/../../../../arm-none-eabi/lib/thumb/v7e-m/nofp\libg.a(lib_a-__call_atexit.o)
 *(.init_array*)
 .init_array    0x0800b79c        0x4 c:/progra~2/gnuarm~1/102021~1.10/bin/../lib/gcc/arm-none-eabi/10.3.1/thumb/v7e-m/nofp/crtbegin.o
                0x0800b7a0                PROVIDE (__init_array_end = .)
                0x0800b7a0                . = ALIGN (0x4)

.fini_array     0x0800b7a0        0x4
                0x0800b7a0                . = ALIGN (0x4)
                0x0800b7a0                PROVIDE (__fini_array_start = .)
 *(SORT_BY_NAME(.fini_array.*))
 *(.fini_array*)
 .fini_array    0x0800b7a0        0x4 c:/progra~2/gnuarm~1/102021~1.10/bin/../lib/gcc/arm-none-eabi/10.3.1/thumb/v7e-m/nofp/crtbegin.o
                0x0800b7a4                PROVIDE (__fini_array_end = .)
                0x0800b7a4                . = ALIGN (0x4)
                0x0800b7a4                _sidata = LOADADDR (.data)

.data           0x20000000      0x9c0 load address 0x0800b7a4
                0x20000000                . = ALIGN (0x4)
                0x20000000                _sdata = .
 *(.data)
 *(.data*)
 .data.SystemCoreClock
                0x20000000        0x4 CMakeFiles/Cubesat_stm32.elf.dir/Core/Src/system_stm32f4xx.c.obj
                0x20000000                SystemCoreClock
 .data.uwTickFreq
                0x20000004        0x1 CMakeFiles/Cubesat_stm32.elf.dir/Drivers/STM32F4xx_HAL_Driver/Src/stm32f4xx_hal.c.obj
                0x20000004                uwTickFreq
 *fill*         0x20000005        0x3 
 .data.uwTickPrio
                0x20000008        0x4 CMakeFiles/Cubesat_stm32.elf.dir/Drivers/STM32F4xx_HAL_Driver/Src/stm32f4xx_hal.c.obj
                0x20000008                uwTickPrio
 .data.Stat     0x2000000c        0x1 CMakeFiles/Cubesat_stm32.elf.dir/FATFS/Target/sd_diskio.c.obj
 *fill*         0x2000000d        0x3 
 .data._impure_ptr
                0x20000010        0x4 c:/progra~2/gnuarm~1/102021~1.10/bin/../lib/gcc/arm-none-eabi/10.3.1/../../../../arm-none-eabi/lib/thumb/v7e-m/nofp\libg.a(lib_a-impure.o)
                0x20000010                _impure_ptr
 *fill*         0x20000014        0x4 
 .data.impure_data
                0x20000018      0x428 c:/progra~2/gnuarm~1/102021~1.10/bin/../lib/gcc/arm-none-eabi/10.3.1/../../../../arm-none-eabi/lib/thumb/v7e-m/nofp\libg.a(lib_a-impure.o)
 .data.__atexit_recursive_mutex
                0x20000440        0x4 c:/progra~2/gnuarm~1/102021~1.10/bin/../lib/gcc/arm-none-eabi/10.3.1/../../../../arm-none-eabi/lib/thumb/v7e-m/nofp\libg.a(lib_a-__call_atexit.o)
                0x20000440                __atexit_recursive_mutex
 .data.__malloc_av_
                0x20000444      0x408 c:/progra~2/gnuarm~1/102021~1.10/bin/../lib/gcc/arm-none-eabi/10.3.1/../../../../arm-none-eabi/lib/thumb/v7e-m/nofp\libg.a(lib_a-mallocr.o)
                0x20000444                __malloc_av_
 .data.__malloc_sbrk_base
                0x2000084c        0x4 c:/progra~2/gnuarm~1/102021~1.10/bin/../lib/gcc/arm-none-eabi/10.3.1/../../../../arm-none-eabi/lib/thumb/v7e-m/nofp\libg.a(lib_a-mallocr.o)
                0x2000084c                __malloc_sbrk_base
 .data.__malloc_trim_threshold
                0x20000850        0x4 c:/progra~2/gnuarm~1/102021~1.10/bin/../lib/gcc/arm-none-eabi/10.3.1/../../../../arm-none-eabi/lib/thumb/v7e-m/nofp\libg.a(lib_a-mallocr.o)
                0x20000850                __malloc_trim_threshold
 .data.__global_locale
                0x20000854      0x16c c:/progra~2/gnuarm~1/102021~1.10/bin/../lib/gcc/arm-none-eabi/10.3.1/../../../../arm-none-eabi/lib/thumb/v7e-m/nofp\libg.a(lib_a-locale.o)
                0x20000854                __global_locale
 *(.RamFunc)
 *(.RamFunc*)
                0x200009c0                . = ALIGN (0x4)
                0x200009c0                _edata = .

.igot.plt       0x200009c0        0x0 load address 0x0800c164
 .igot.plt      0x200009c0        0x0 c:/progra~2/gnuarm~1/102021~1.10/bin/../lib/gcc/arm-none-eabi/10.3.1/thumb/v7e-m/nofp/crtbegin.o
                0x200009c0                . = ALIGN (0x4)

.bss            0x200009c0     0x2228 load address 0x0800c164
                0x200009c0                _sbss = .
                0x200009c0                __bss_start__ = _sbss
 *(.bss)
 .bss           0x200009c0       0x1c c:/progra~2/gnuarm~1/102021~1.10/bin/../lib/gcc/arm-none-eabi/10.3.1/thumb/v7e-m/nofp/crtbegin.o
 *(.bss*)
 .bss.MyFile    0x200009dc     0x1030 CMakeFiles/Cubesat_stm32.elf.dir/Core/Src/main.c.obj
                0x200009dc                MyFile
 .bss.SDFatFs   0x20001a0c     0x1034 CMakeFiles/Cubesat_stm32.elf.dir/Core/Src/main.c.obj
                0x20001a0c                SDFatFs
 .bss.hi2c1     0x20002a40       0x54 CMakeFiles/Cubesat_stm32.elf.dir/Core/Src/main.c.obj
                0x20002a40                hi2c1
 .bss.hsd       0x20002a94       0x84 CMakeFiles/Cubesat_stm32.elf.dir/Core/Src/main.c.obj
                0x20002a94                hsd
 .bss.huart1    0x20002b18       0x44 CMakeFiles/Cubesat_stm32.elf.dir/Core/Src/main.c.obj
                0x20002b18                huart1
 .bss.__sbrk_heap_end
                0x20002b5c        0x4 CMakeFiles/Cubesat_stm32.elf.dir/Core/Src/sysmem.c.obj
 .bss.uwTick    0x20002b60        0x4 CMakeFiles/Cubesat_stm32.elf.dir/Drivers/STM32F4xx_HAL_Driver/Src/stm32f4xx_hal.c.obj
                0x20002b60                uwTick
 .bss.SDPath    0x20002b64        0x4 CMakeFiles/Cubesat_stm32.elf.dir/FATFS/App/fatfs.c.obj
                0x20002b64                SDPath
 .bss.retSD     0x20002b68        0x1 CMakeFiles/Cubesat_stm32.elf.dir/FATFS/App/fatfs.c.obj
                0x20002b68                retSD
 *fill*         0x20002b69        0x3 
 .bss.FatFs     0x20002b6c        0x4 CMakeFiles/Cubesat_stm32.elf.dir/Middlewares/Third_Party/FatFs/src/ff.c.obj
 .bss.Files     0x20002b70       0x20 CMakeFiles/Cubesat_stm32.elf.dir/Middlewares/Third_Party/FatFs/src/ff.c.obj
 .bss.Fsid      0x20002b90        0x2 CMakeFiles/Cubesat_stm32.elf.dir/Middlewares/Third_Party/FatFs/src/ff.c.obj
 *fill*         0x20002b92        0x2 
 .bss.disk      0x20002b94        0xc CMakeFiles/Cubesat_stm32.elf.dir/Middlewares/Third_Party/FatFs/src/ff_gen_drv.c.obj
                0x20002b94                disk
 .bss.__lock___atexit_recursive_mutex
                0x20002ba0        0x1 c:/progra~2/gnuarm~1/102021~1.10/bin/../lib/gcc/arm-none-eabi/10.3.1/../../../../arm-none-eabi/lib/thumb/v7e-m/nofp\libg.a(lib_a-lock.o)
                0x20002ba0                __lock___atexit_recursive_mutex
 *fill*         0x20002ba1        0x3 
 .bss.__lock___malloc_recursive_mutex
                0x20002ba4        0x1 c:/progra~2/gnuarm~1/102021~1.10/bin/../lib/gcc/arm-none-eabi/10.3.1/../../../../arm-none-eabi/lib/thumb/v7e-m/nofp\libg.a(lib_a-lock.o)
                0x20002ba4                __lock___malloc_recursive_mutex
 *fill*         0x20002ba5        0x3 
 .bss.__lock___sfp_recursive_mutex
                0x20002ba8        0x1 c:/progra~2/gnuarm~1/102021~1.10/bin/../lib/gcc/arm-none-eabi/10.3.1/../../../../arm-none-eabi/lib/thumb/v7e-m/nofp\libg.a(lib_a-lock.o)
                0x20002ba8                __lock___sfp_recursive_mutex
 *fill*         0x20002ba9        0x3 
 .bss.__lock___sinit_recursive_mutex
                0x20002bac        0x1 c:/progra~2/gnuarm~1/102021~1.10/bin/../lib/gcc/arm-none-eabi/10.3.1/../../../../arm-none-eabi/lib/thumb/v7e-m/nofp\libg.a(lib_a-lock.o)
                0x20002bac                __lock___sinit_recursive_mutex
 *fill*         0x20002bad        0x3 
 .bss.__malloc_current_mallinfo
                0x20002bb0       0x28 c:/progra~2/gnuarm~1/102021~1.10/bin/../lib/gcc/arm-none-eabi/10.3.1/../../../../arm-none-eabi/lib/thumb/v7e-m/nofp\libg.a(lib_a-mallocr.o)
                0x20002bb0                __malloc_current_mallinfo
 .bss.__malloc_max_sbrked_mem
                0x20002bd8        0x4 c:/progra~2/gnuarm~1/102021~1.10/bin/../lib/gcc/arm-none-eabi/10.3.1/../../../../arm-none-eabi/lib/thumb/v7e-m/nofp\libg.a(lib_a-mallocr.o)
                0x20002bd8                __malloc_max_sbrked_mem
 .bss.__malloc_max_total_mem
                0x20002bdc        0x4 c:/progra~2/gnuarm~1/102021~1.10/bin/../lib/gcc/arm-none-eabi/10.3.1/../../../../arm-none-eabi/lib/thumb/v7e-m/nofp\libg.a(lib_a-mallocr.o)
                0x20002bdc                __malloc_max_total_mem
 .bss.__malloc_top_pad
                0x20002be0        0x4 c:/progra~2/gnuarm~1/102021~1.10/bin/../lib/gcc/arm-none-eabi/10.3.1/../../../../arm-none-eabi/lib/thumb/v7e-m/nofp\libg.a(lib_a-mallocr.o)
                0x20002be0                __malloc_top_pad
 .bss.errno     0x20002be4        0x4 c:/progra~2/gnuarm~1/102021~1.10/bin/../lib/gcc/arm-none-eabi/10.3.1/../../../../arm-none-eabi/lib/thumb/v7e-m/nofp\libg.a(lib_a-reent.o)
                0x20002be4                errno
 *(COMMON)
                0x20002be8                . = ALIGN (0x4)
                0x20002be8                _ebss = .
                0x20002be8                __bss_end__ = _ebss

._user_heap_stack
                0x20002be8      0x600 load address 0x0800c164
                0x20002be8                . = ALIGN (0x8)
                [!provide]                PROVIDE (end = .)
                0x20002be8                PROVIDE (_end = .)
                0x20002de8                . = (. + _Min_Heap_Size)
 *fill*         0x20002be8      0x200 
                0x200031e8                . = (. + _Min_Stack_Size)
 *fill*         0x20002de8      0x400 
                0x200031e8                . = ALIGN (0x8)

/DISCARD/
 libc.a(*)
 libm.a(*)
 libgcc.a(*)

.ARM.attributes
                0x00000000       0x2a
 *(.ARM.attributes)
 .ARM.attributes
                0x00000000       0x1e c:/progra~2/gnuarm~1/102021~1.10/bin/../lib/gcc/arm-none-eabi/10.3.1/thumb/v7e-m/nofp/crti.o
 .ARM.attributes
                0x0000001e       0x2e c:/progra~2/gnuarm~1/102021~1.10/bin/../lib/gcc/arm-none-eabi/10.3.1/thumb/v7e-m/nofp/crtbegin.o
 .ARM.attributes
                0x0000004c       0x2e CMakeFiles/Cubesat_stm32.elf.dir/Core/Src/main.c.obj
 .ARM.attributes
                0x0000007a       0x2e CMakeFiles/Cubesat_stm32.elf.dir/Core/Src/stm32f4xx_hal_msp.c.obj
 .ARM.attributes
                0x000000a8       0x2e CMakeFiles/Cubesat_stm32.elf.dir/Core/Src/stm32f4xx_it.c.obj
 .ARM.attributes
                0x000000d6       0x2e CMakeFiles/Cubesat_stm32.elf.dir/Core/Src/syscalls.c.obj
 .ARM.attributes
                0x00000104       0x2e CMakeFiles/Cubesat_stm32.elf.dir/Core/Src/sysmem.c.obj
 .ARM.attributes
                0x00000132       0x2e CMakeFiles/Cubesat_stm32.elf.dir/Core/Src/system_stm32f4xx.c.obj
 .ARM.attributes
                0x00000160       0x21 CMakeFiles/Cubesat_stm32.elf.dir/Core/Startup/startup_stm32f411vetx.s.obj
 .ARM.attributes
                0x00000181       0x2e CMakeFiles/Cubesat_stm32.elf.dir/Drivers/STM32F4xx_HAL_Driver/Src/stm32f4xx_hal.c.obj
 .ARM.attributes
                0x000001af       0x2e CMakeFiles/Cubesat_stm32.elf.dir/Drivers/STM32F4xx_HAL_Driver/Src/stm32f4xx_hal_cortex.c.obj
 .ARM.attributes
                0x000001dd       0x2e CMakeFiles/Cubesat_stm32.elf.dir/Drivers/STM32F4xx_HAL_Driver/Src/stm32f4xx_hal_gpio.c.obj
 .ARM.attributes
                0x0000020b       0x2e CMakeFiles/Cubesat_stm32.elf.dir/Drivers/STM32F4xx_HAL_Driver/Src/stm32f4xx_hal_i2c.c.obj
 .ARM.attributes
                0x00000239       0x2e CMakeFiles/Cubesat_stm32.elf.dir/Drivers/STM32F4xx_HAL_Driver/Src/stm32f4xx_hal_rcc.c.obj
 .ARM.attributes
                0x00000267       0x2e CMakeFiles/Cubesat_stm32.elf.dir/Drivers/STM32F4xx_HAL_Driver/Src/stm32f4xx_hal_sd.c.obj
 .ARM.attributes
                0x00000295       0x2e CMakeFiles/Cubesat_stm32.elf.dir/Drivers/STM32F4xx_HAL_Driver/Src/stm32f4xx_hal_uart.c.obj
 .ARM.attributes
                0x000002c3       0x2e CMakeFiles/Cubesat_stm32.elf.dir/Drivers/STM32F4xx_HAL_Driver/Src/stm32f4xx_ll_sdmmc.c.obj
 .ARM.attributes
                0x000002f1       0x2e CMakeFiles/Cubesat_stm32.elf.dir/FATFS/App/fatfs.c.obj
 .ARM.attributes
                0x0000031f       0x2e CMakeFiles/Cubesat_stm32.elf.dir/FATFS/Target/bsp_driver_sd.c.obj
 .ARM.attributes
                0x0000034d       0x2e CMakeFiles/Cubesat_stm32.elf.dir/FATFS/Target/sd_diskio.c.obj
 .ARM.attributes
                0x0000037b       0x2e CMakeFiles/Cubesat_stm32.elf.dir/Middlewares/Third_Party/FatFs/src/diskio.c.obj
 .ARM.attributes
                0x000003a9       0x2e CMakeFiles/Cubesat_stm32.elf.dir/Middlewares/Third_Party/FatFs/src/ff.c.obj
 .ARM.attributes
                0x000003d7       0x2e CMakeFiles/Cubesat_stm32.elf.dir/Middlewares/Third_Party/FatFs/src/ff_gen_drv.c.obj
 .ARM.attributes
                0x00000405       0x1e c:/progra~2/gnuarm~1/102021~1.10/bin/../lib/gcc/arm-none-eabi/10.3.1/thumb/v7e-m/nofp\libgcc.a(_aeabi_uldivmod.o)
 .ARM.attributes
                0x00000423       0x2e c:/progra~2/gnuarm~1/102021~1.10/bin/../lib/gcc/arm-none-eabi/10.3.1/thumb/v7e-m/nofp\libgcc.a(_udivmoddi4.o)
 .ARM.attributes
                0x00000451       0x1e c:/progra~2/gnuarm~1/102021~1.10/bin/../lib/gcc/arm-none-eabi/10.3.1/thumb/v7e-m/nofp\libgcc.a(_dvmd_tls.o)
 .ARM.attributes
                0x0000046f       0x2e c:/progra~2/gnuarm~1/102021~1.10/bin/../lib/gcc/arm-none-eabi/10.3.1/../../../../arm-none-eabi/lib/thumb/v7e-m/nofp\libg.a(lib_a-errno.o)
 .ARM.attributes
                0x0000049d       0x2e c:/progra~2/gnuarm~1/102021~1.10/bin/../lib/gcc/arm-none-eabi/10.3.1/../../../../arm-none-eabi/lib/thumb/v7e-m/nofp\libg.a(lib_a-impure.o)
 .ARM.attributes
                0x000004cb       0x2e c:/progra~2/gnuarm~1/102021~1.10/bin/../lib/gcc/arm-none-eabi/10.3.1/../../../../arm-none-eabi/lib/thumb/v7e-m/nofp\libg.a(lib_a-init.o)
 .ARM.attributes
                0x000004f9       0x2e c:/progra~2/gnuarm~1/102021~1.10/bin/../lib/gcc/arm-none-eabi/10.3.1/../../../../arm-none-eabi/lib/thumb/v7e-m/nofp\libg.a(lib_a-memset.o)
 .ARM.attributes
                0x00000527       0x2e c:/progra~2/gnuarm~1/102021~1.10/bin/../lib/gcc/arm-none-eabi/10.3.1/../../../../arm-none-eabi/lib/thumb/v7e-m/nofp\libg.a(lib_a-sprintf.o)
 .ARM.attributes
                0x00000555       0x2e c:/progra~2/gnuarm~1/102021~1.10/bin/../lib/gcc/arm-none-eabi/10.3.1/../../../../arm-none-eabi/lib/thumb/v7e-m/nofp\libg.a(lib_a-svfprintf.o)
 .ARM.attributes
                0x00000583       0x2e c:/progra~2/gnuarm~1/102021~1.10/bin/../lib/gcc/arm-none-eabi/10.3.1/../../../../arm-none-eabi/lib/thumb/v7e-m/nofp\libg.a(lib_a-__call_atexit.o)
 .ARM.attributes
                0x000005b1       0x2e c:/progra~2/gnuarm~1/102021~1.10/bin/../lib/gcc/arm-none-eabi/10.3.1/../../../../arm-none-eabi/lib/thumb/v7e-m/nofp\libg.a(lib_a-atexit.o)
 .ARM.attributes
                0x000005df       0x2e c:/progra~2/gnuarm~1/102021~1.10/bin/../lib/gcc/arm-none-eabi/10.3.1/../../../../arm-none-eabi/lib/thumb/v7e-m/nofp\libg.a(lib_a-dtoa.o)
 .ARM.attributes
                0x0000060d       0x2e c:/progra~2/gnuarm~1/102021~1.10/bin/../lib/gcc/arm-none-eabi/10.3.1/../../../../arm-none-eabi/lib/thumb/v7e-m/nofp\libg.a(lib_a-fini.o)
 .ARM.attributes
                0x0000063b       0x2e c:/progra~2/gnuarm~1/102021~1.10/bin/../lib/gcc/arm-none-eabi/10.3.1/../../../../arm-none-eabi/lib/thumb/v7e-m/nofp\libg.a(lib_a-freer.o)
 .ARM.attributes
                0x00000669       0x2e c:/progra~2/gnuarm~1/102021~1.10/bin/../lib/gcc/arm-none-eabi/10.3.1/../../../../arm-none-eabi/lib/thumb/v7e-m/nofp\libg.a(lib_a-localeconv.o)
 .ARM.attributes
                0x00000697       0x2e c:/progra~2/gnuarm~1/102021~1.10/bin/../lib/gcc/arm-none-eabi/10.3.1/../../../../arm-none-eabi/lib/thumb/v7e-m/nofp\libg.a(lib_a-lock.o)
 .ARM.attributes
                0x000006c5       0x2e c:/progra~2/gnuarm~1/102021~1.10/bin/../lib/gcc/arm-none-eabi/10.3.1/../../../../arm-none-eabi/lib/thumb/v7e-m/nofp\libg.a(lib_a-mallocr.o)
 .ARM.attributes
                0x000006f3       0x1c c:/progra~2/gnuarm~1/102021~1.10/bin/../lib/gcc/arm-none-eabi/10.3.1/../../../../arm-none-eabi/lib/thumb/v7e-m/nofp\libg.a(lib_a-memchr.o)
 .ARM.attributes
                0x0000070f       0x1c c:/progra~2/gnuarm~1/102021~1.10/bin/../lib/gcc/arm-none-eabi/10.3.1/../../../../arm-none-eabi/lib/thumb/v7e-m/nofp\libg.a(lib_a-memcpy.o)
 .ARM.attributes
                0x0000072b       0x2e c:/progra~2/gnuarm~1/102021~1.10/bin/../lib/gcc/arm-none-eabi/10.3.1/../../../../arm-none-eabi/lib/thumb/v7e-m/nofp\libg.a(lib_a-mlock.o)
 .ARM.attributes
                0x00000759       0x2e c:/progra~2/gnuarm~1/102021~1.10/bin/../lib/gcc/arm-none-eabi/10.3.1/../../../../arm-none-eabi/lib/thumb/v7e-m/nofp\libg.a(lib_a-mprec.o)
 .ARM.attributes
                0x00000787       0x2e c:/progra~2/gnuarm~1/102021~1.10/bin/../lib/gcc/arm-none-eabi/10.3.1/../../../../arm-none-eabi/lib/thumb/v7e-m/nofp\libg.a(lib_a-s_frexp.o)
 .ARM.attributes
                0x000007b5       0x2e c:/progra~2/gnuarm~1/102021~1.10/bin/../lib/gcc/arm-none-eabi/10.3.1/../../../../arm-none-eabi/lib/thumb/v7e-m/nofp\libg.a(lib_a-sbrkr.o)
 .ARM.attributes
                0x000007e3       0x1c c:/progra~2/gnuarm~1/102021~1.10/bin/../lib/gcc/arm-none-eabi/10.3.1/../../../../arm-none-eabi/lib/thumb/v7e-m/nofp\libg.a(lib_a-strlen.o)
 .ARM.attributes
                0x000007ff       0x2e c:/progra~2/gnuarm~1/102021~1.10/bin/../lib/gcc/arm-none-eabi/10.3.1/../../../../arm-none-eabi/lib/thumb/v7e-m/nofp\libg.a(lib_a-strncpy.o)
 .ARM.attributes
                0x0000082d       0x2e c:/progra~2/gnuarm~1/102021~1.10/bin/../lib/gcc/arm-none-eabi/10.3.1/../../../../arm-none-eabi/lib/thumb/v7e-m/nofp\libg.a(lib_a-svfiprintf.o)
 .ARM.attributes
                0x0000085b       0x2e c:/progra~2/gnuarm~1/102021~1.10/bin/../lib/gcc/arm-none-eabi/10.3.1/../../../../arm-none-eabi/lib/thumb/v7e-m/nofp\libg.a(lib_a-__atexit.o)
 .ARM.attributes
                0x00000889       0x2e c:/progra~2/gnuarm~1/102021~1.10/bin/../lib/gcc/arm-none-eabi/10.3.1/../../../../arm-none-eabi/lib/thumb/v7e-m/nofp\libg.a(lib_a-assert.o)
 .ARM.attributes
                0x000008b7       0x2e c:/progra~2/gnuarm~1/102021~1.10/bin/../lib/gcc/arm-none-eabi/10.3.1/../../../../arm-none-eabi/lib/thumb/v7e-m/nofp\libg.a(lib_a-callocr.o)
 .ARM.attributes
                0x000008e5       0x2e c:/progra~2/gnuarm~1/102021~1.10/bin/../lib/gcc/arm-none-eabi/10.3.1/../../../../arm-none-eabi/lib/thumb/v7e-m/nofp\libg.a(lib_a-fiprintf.o)
 .ARM.attributes
                0x00000913       0x2e c:/progra~2/gnuarm~1/102021~1.10/bin/../lib/gcc/arm-none-eabi/10.3.1/../../../../arm-none-eabi/lib/thumb/v7e-m/nofp\libg.a(lib_a-locale.o)
 .ARM.attributes
                0x00000941       0x2e c:/progra~2/gnuarm~1/102021~1.10/bin/../lib/gcc/arm-none-eabi/10.3.1/../../../../arm-none-eabi/lib/thumb/v7e-m/nofp\libg.a(lib_a-mbtowc_r.o)
 .ARM.attributes
                0x0000096f       0x2e c:/progra~2/gnuarm~1/102021~1.10/bin/../lib/gcc/arm-none-eabi/10.3.1/../../../../arm-none-eabi/lib/thumb/v7e-m/nofp\libg.a(lib_a-memmove.o)
 .ARM.attributes
                0x0000099d       0x2e c:/progra~2/gnuarm~1/102021~1.10/bin/../lib/gcc/arm-none-eabi/10.3.1/../../../../arm-none-eabi/lib/thumb/v7e-m/nofp\libg.a(lib_a-reallocr.o)
 .ARM.attributes
                0x000009cb       0x2e c:/progra~2/gnuarm~1/102021~1.10/bin/../lib/gcc/arm-none-eabi/10.3.1/../../../../arm-none-eabi/lib/thumb/v7e-m/nofp\libg.a(lib_a-reent.o)
 .ARM.attributes
                0x000009f9       0x2e c:/progra~2/gnuarm~1/102021~1.10/bin/../lib/gcc/arm-none-eabi/10.3.1/../../../../arm-none-eabi/lib/thumb/v7e-m/nofp\libg.a(lib_a-vfiprintf.o)
 .ARM.attributes
                0x00000a27       0x2e c:/progra~2/gnuarm~1/102021~1.10/bin/../lib/gcc/arm-none-eabi/10.3.1/../../../../arm-none-eabi/lib/thumb/v7e-m/nofp\libg.a(lib_a-wctomb_r.o)
 .ARM.attributes
                0x00000a55       0x2e c:/progra~2/gnuarm~1/102021~1.10/bin/../lib/gcc/arm-none-eabi/10.3.1/../../../../arm-none-eabi/lib/thumb/v7e-m/nofp\libg.a(lib_a-wsetup.o)
 .ARM.attributes
                0x00000a83       0x2e c:/progra~2/gnuarm~1/102021~1.10/bin/../lib/gcc/arm-none-eabi/10.3.1/../../../../arm-none-eabi/lib/thumb/v7e-m/nofp\libg.a(lib_a-abort.o)
 .ARM.attributes
                0x00000ab1       0x2e c:/progra~2/gnuarm~1/102021~1.10/bin/../lib/gcc/arm-none-eabi/10.3.1/../../../../arm-none-eabi/lib/thumb/v7e-m/nofp\libg.a(lib_a-ctype_.o)
 .ARM.attributes
                0x00000adf       0x2e c:/progra~2/gnuarm~1/102021~1.10/bin/../lib/gcc/arm-none-eabi/10.3.1/../../../../arm-none-eabi/lib/thumb/v7e-m/nofp\libg.a(lib_a-fflush.o)
 .ARM.attributes
                0x00000b0d       0x2e c:/progra~2/gnuarm~1/102021~1.10/bin/../lib/gcc/arm-none-eabi/10.3.1/../../../../arm-none-eabi/lib/thumb/v7e-m/nofp\libg.a(lib_a-findfp.o)
 .ARM.attributes
                0x00000b3b       0x2e c:/progra~2/gnuarm~1/102021~1.10/bin/../lib/gcc/arm-none-eabi/10.3.1/../../../../arm-none-eabi/lib/thumb/v7e-m/nofp\libg.a(lib_a-fputwc.o)
 .ARM.attributes
                0x00000b69       0x2e c:/progra~2/gnuarm~1/102021~1.10/bin/../lib/gcc/arm-none-eabi/10.3.1/../../../../arm-none-eabi/lib/thumb/v7e-m/nofp\libg.a(lib_a-fvwrite.o)
 .ARM.attributes
                0x00000b97       0x2e c:/progra~2/gnuarm~1/102021~1.10/bin/../lib/gcc/arm-none-eabi/10.3.1/../../../../arm-none-eabi/lib/thumb/v7e-m/nofp\libg.a(lib_a-fwalk.o)
 .ARM.attributes
                0x00000bc5       0x2e c:/progra~2/gnuarm~1/102021~1.10/bin/../lib/gcc/arm-none-eabi/10.3.1/../../../../arm-none-eabi/lib/thumb/v7e-m/nofp\libg.a(lib_a-makebuf.o)
 .ARM.attributes
                0x00000bf3       0x2e c:/progra~2/gnuarm~1/102021~1.10/bin/../lib/gcc/arm-none-eabi/10.3.1/../../../../arm-none-eabi/lib/thumb/v7e-m/nofp\libg.a(lib_a-signal.o)
 .ARM.attributes
                0x00000c21       0x2e c:/progra~2/gnuarm~1/102021~1.10/bin/../lib/gcc/arm-none-eabi/10.3.1/../../../../arm-none-eabi/lib/thumb/v7e-m/nofp\libg.a(lib_a-signalr.o)
 .ARM.attributes
                0x00000c4f       0x2e c:/progra~2/gnuarm~1/102021~1.10/bin/../lib/gcc/arm-none-eabi/10.3.1/../../../../arm-none-eabi/lib/thumb/v7e-m/nofp\libg.a(lib_a-stdio.o)
 .ARM.attributes
                0x00000c7d       0x2e c:/progra~2/gnuarm~1/102021~1.10/bin/../lib/gcc/arm-none-eabi/10.3.1/../../../../arm-none-eabi/lib/thumb/v7e-m/nofp\libg.a(lib_a-wbuf.o)
 .ARM.attributes
                0x00000cab       0x2e c:/progra~2/gnuarm~1/102021~1.10/bin/../lib/gcc/arm-none-eabi/10.3.1/../../../../arm-none-eabi/lib/thumb/v7e-m/nofp\libg.a(lib_a-wcrtomb.o)
 .ARM.attributes
                0x00000cd9       0x2e c:/progra~2/gnuarm~1/102021~1.10/bin/../lib/gcc/arm-none-eabi/10.3.1/../../../../arm-none-eabi/lib/thumb/v7e-m/nofp\libg.a(lib_a-writer.o)
 .ARM.attributes
                0x00000d07       0x2e c:/progra~2/gnuarm~1/102021~1.10/bin/../lib/gcc/arm-none-eabi/10.3.1/../../../../arm-none-eabi/lib/thumb/v7e-m/nofp\libg.a(lib_a-closer.o)
 .ARM.attributes
                0x00000d35       0x2e c:/progra~2/gnuarm~1/102021~1.10/bin/../lib/gcc/arm-none-eabi/10.3.1/../../../../arm-none-eabi/lib/thumb/v7e-m/nofp\libg.a(lib_a-fclose.o)
 .ARM.attributes
                0x00000d63       0x2e c:/progra~2/gnuarm~1/102021~1.10/bin/../lib/gcc/arm-none-eabi/10.3.1/../../../../arm-none-eabi/lib/thumb/v7e-m/nofp\libg.a(lib_a-fstatr.o)
 .ARM.attributes
                0x00000d91       0x2e c:/progra~2/gnuarm~1/102021~1.10/bin/../lib/gcc/arm-none-eabi/10.3.1/../../../../arm-none-eabi/lib/thumb/v7e-m/nofp\libg.a(lib_a-isattyr.o)
 .ARM.attributes
                0x00000dbf       0x2e c:/progra~2/gnuarm~1/102021~1.10/bin/../lib/gcc/arm-none-eabi/10.3.1/../../../../arm-none-eabi/lib/thumb/v7e-m/nofp\libg.a(lib_a-lseekr.o)
 .ARM.attributes
                0x00000ded       0x2e c:/progra~2/gnuarm~1/102021~1.10/bin/../lib/gcc/arm-none-eabi/10.3.1/../../../../arm-none-eabi/lib/thumb/v7e-m/nofp\libg.a(lib_a-readr.o)
 .ARM.attributes
                0x00000e1b       0x1e c:/progra~2/gnuarm~1/102021~1.10/bin/../lib/gcc/arm-none-eabi/10.3.1/thumb/v7e-m/nofp\libgcc.a(_arm_addsubdf3.o)
 .ARM.attributes
                0x00000e39       0x1e c:/progra~2/gnuarm~1/102021~1.10/bin/../lib/gcc/arm-none-eabi/10.3.1/thumb/v7e-m/nofp\libgcc.a(_arm_muldivdf3.o)
 .ARM.attributes
                0x00000e57       0x1e c:/progra~2/gnuarm~1/102021~1.10/bin/../lib/gcc/arm-none-eabi/10.3.1/thumb/v7e-m/nofp\libgcc.a(_arm_cmpdf2.o)
 .ARM.attributes
                0x00000e75       0x1e c:/progra~2/gnuarm~1/102021~1.10/bin/../lib/gcc/arm-none-eabi/10.3.1/thumb/v7e-m/nofp\libgcc.a(_arm_unorddf2.o)
 .ARM.attributes
                0x00000e93       0x1e c:/progra~2/gnuarm~1/102021~1.10/bin/../lib/gcc/arm-none-eabi/10.3.1/thumb/v7e-m/nofp\libgcc.a(_arm_fixdfsi.o)
 .ARM.attributes
                0x00000eb1       0x1e c:/progra~2/gnuarm~1/102021~1.10/bin/../lib/gcc/arm-none-eabi/10.3.1/thumb/v7e-m/nofp/crtn.o
OUTPUT(Cubesat_stm32.elf elf32-littlearm)
LOAD linker stubs
LOAD c:/progra~2/gnuarm~1/102021~1.10/bin/../lib/gcc/arm-none-eabi/10.3.1/../../../../arm-none-eabi/lib/thumb/v7e-m/nofp\libc.a
LOAD c:/progra~2/gnuarm~1/102021~1.10/bin/../lib/gcc/arm-none-eabi/10.3.1/../../../../arm-none-eabi/lib/thumb/v7e-m/nofp\libm.a
LOAD c:/progra~2/gnuarm~1/102021~1.10/bin/../lib/gcc/arm-none-eabi/10.3.1/thumb/v7e-m/nofp\libgcc.a

.debug_info     0x00000000    0x18ae1
 .debug_info    0x00000000     0x1d65 CMakeFiles/Cubesat_stm32.elf.dir/Core/Src/main.c.obj
 .debug_info    0x00001d65     0x1298 CMakeFiles/Cubesat_stm32.elf.dir/Core/Src/stm32f4xx_hal_msp.c.obj
 .debug_info    0x00002ffd      0x12f CMakeFiles/Cubesat_stm32.elf.dir/Core/Src/stm32f4xx_it.c.obj
 .debug_info    0x0000312c      0x7af CMakeFiles/Cubesat_stm32.elf.dir/Core/Src/syscalls.c.obj
 .debug_info    0x000038db      0x174 CMakeFiles/Cubesat_stm32.elf.dir/Core/Src/sysmem.c.obj
 .debug_info    0x00003a4f      0x3a9 CMakeFiles/Cubesat_stm32.elf.dir/Core/Src/system_stm32f4xx.c.obj
 .debug_info    0x00003df8       0x22 CMakeFiles/Cubesat_stm32.elf.dir/Core/Startup/startup_stm32f411vetx.s.obj
 .debug_info    0x00003e1a      0x981 CMakeFiles/Cubesat_stm32.elf.dir/Drivers/STM32F4xx_HAL_Driver/Src/stm32f4xx_hal.c.obj
 .debug_info    0x0000479b     0x1008 CMakeFiles/Cubesat_stm32.elf.dir/Drivers/STM32F4xx_HAL_Driver/Src/stm32f4xx_hal_cortex.c.obj