Archive member included to satisfy reference by file (symbol)

c:/progra~2/gnuarm~1/102021~1.10/bin/../lib/gcc/arm-none-eabi/10.3.1/thumb/v7e-m/nofp\libgcc.a(_aeabi_uldivmod.o)
                              CMakeFiles/Cubesat_stm32.elf.dir/Drivers/STM32F4xx_HAL_Driver/Src/stm32f4xx_hal_rcc.c.obj (__aeabi_uldivmod)
c:/progra~2/gnuarm~1/102021~1.10/bin/../lib/gcc/arm-none-eabi/10.3.1/thumb/v7e-m/nofp\libgcc.a(_udivmoddi4.o)
                              c:/progra~2/gnuarm~1/102021~1.10/bin/../lib/gcc/arm-none-eabi/10.3.1/thumb/v7e-m/nofp\libgcc.a(_aeabi_uldivmod.o) (__udivmoddi4)
c:/progra~2/gnuarm~1/102021~1.10/bin/../lib/gcc/arm-none-eabi/10.3.1/thumb/v7e-m/nofp\libgcc.a(_dvmd_tls.o)
                              c:/progra~2/gnuarm~1/102021~1.10/bin/../lib/gcc/arm-none-eabi/10.3.1/thumb/v7e-m/nofp\libgcc.a(_aeabi_uldivmod.o) (__aeabi_ldiv0)
c:/progra~2/gnuarm~1/102021~1.10/bin/../lib/gcc/arm-none-eabi/10.3.1/../../../../arm-none-eabi/lib/thumb/v7e-m/nofp\libg.a(lib_a-errno.o)
                              CMakeFiles/Cubesat_stm32.elf.dir/Core/Src/syscalls.c.obj (__errno)
c:/progra~2/gnuarm~1/102021~1.10/bin/../lib/gcc/arm-none-eabi/10.3.1/../../../../arm-none-eabi/lib/thumb/v7e-m/nofp\libg.a(lib_a-exit.o)
                              c:/progra~2/gnuarm~1/102021~1.10/bin/../lib/gcc/arm-none-eabi/10.3.1/../../../../arm-none-eabi/lib/thumb/v7e-m/nofp/crt0.o (exit)
c:/progra~2/gnuarm~1/102021~1.10/bin/../lib/gcc/arm-none-eabi/10.3.1/../../../../arm-none-eabi/lib/thumb/v7e-m/nofp\libg.a(lib_a-impure.o)
                              c:/progra~2/gnuarm~1/102021~1.10/bin/../lib/gcc/arm-none-eabi/10.3.1/../../../../arm-none-eabi/lib/thumb/v7e-m/nofp\libg.a(lib_a-exit.o) (_global_impure_ptr)
c:/progra~2/gnuarm~1/102021~1.10/bin/../lib/gcc/arm-none-eabi/10.3.1/../../../../arm-none-eabi/lib/thumb/v7e-m/nofp\libg.a(lib_a-init.o)
                              c:/progra~2/gnuarm~1/102021~1.10/bin/../lib/gcc/arm-none-eabi/10.3.1/../../../../arm-none-eabi/lib/thumb/v7e-m/nofp/crt0.o (__libc_init_array)
c:/progra~2/gnuarm~1/102021~1.10/bin/../lib/gcc/arm-none-eabi/10.3.1/../../../../arm-none-eabi/lib/thumb/v7e-m/nofp\libg.a(lib_a-memset.o)
                              c:/progra~2/gnuarm~1/102021~1.10/bin/../lib/gcc/arm-none-eabi/10.3.1/../../../../arm-none-eabi/lib/thumb/v7e-m/nofp/crt0.o (memset)
c:/progra~2/gnuarm~1/102021~1.10/bin/../lib/gcc/arm-none-eabi/10.3.1/../../../../arm-none-eabi/lib/thumb/v7e-m/nofp\libg.a(lib_a-__call_atexit.o)
                              c:/progra~2/gnuarm~1/102021~1.10/bin/../lib/gcc/arm-none-eabi/10.3.1/../../../../arm-none-eabi/lib/thumb/v7e-m/nofp\libg.a(lib_a-exit.o) (__call_exitprocs)
c:/progra~2/gnuarm~1/102021~1.10/bin/../lib/gcc/arm-none-eabi/10.3.1/../../../../arm-none-eabi/lib/thumb/v7e-m/nofp\libg.a(lib_a-atexit.o)
                              c:/progra~2/gnuarm~1/102021~1.10/bin/../lib/gcc/arm-none-eabi/10.3.1/../../../../arm-none-eabi/lib/thumb/v7e-m/nofp\libg.a(lib_a-__call_atexit.o) (atexit)
c:/progra~2/gnuarm~1/102021~1.10/bin/../lib/gcc/arm-none-eabi/10.3.1/../../../../arm-none-eabi/lib/thumb/v7e-m/nofp\libg.a(lib_a-fini.o)
                              c:/progra~2/gnuarm~1/102021~1.10/bin/../lib/gcc/arm-none-eabi/10.3.1/../../../../arm-none-eabi/lib/thumb/v7e-m/nofp\libg.a(lib_a-__call_atexit.o) (__libc_fini_array)
c:/progra~2/gnuarm~1/102021~1.10/bin/../lib/gcc/arm-none-eabi/10.3.1/../../../../arm-none-eabi/lib/thumb/v7e-m/nofp\libg.a(lib_a-lock.o)
                              c:/progra~2/gnuarm~1/102021~1.10/bin/../lib/gcc/arm-none-eabi/10.3.1/../../../../arm-none-eabi/lib/thumb/v7e-m/nofp\libg.a(lib_a-__call_atexit.o) (__retarget_lock_acquire_recursive)
c:/progra~2/gnuarm~1/102021~1.10/bin/../lib/gcc/arm-none-eabi/10.3.1/../../../../arm-none-eabi/lib/thumb/v7e-m/nofp\libg.a(lib_a-__atexit.o)
                              c:/progra~2/gnuarm~1/102021~1.10/bin/../lib/gcc/arm-none-eabi/10.3.1/../../../../arm-none-eabi/lib/thumb/v7e-m/nofp\libg.a(lib_a-atexit.o) (__register_exitproc)

Discarded input sections

 .text          0x00000000        0x0 c:/progra~2/gnuarm~1/102021~1.10/bin/../lib/gcc/arm-none-eabi/10.3.1/thumb/v7e-m/nofp/crti.o
 .data          0x00000000        0x0 c:/progra~2/gnuarm~1/102021~1.10/bin/../lib/gcc/arm-none-eabi/10.3.1/thumb/v7e-m/nofp/crti.o
 .bss           0x00000000        0x0 c:/progra~2/gnuarm~1/102021~1.10/bin/../lib/gcc/arm-none-eabi/10.3.1/thumb/v7e-m/nofp/crti.o
 .data          0x00000000        0x4 c:/progra~2/gnuarm~1/102021~1.10/bin/../lib/gcc/arm-none-eabi/10.3.1/thumb/v7e-m/nofp/crtbegin.o
 .rodata        0x00000000       0x24 c:/progra~2/gnuarm~1/102021~1.10/bin/../lib/gcc/arm-none-eabi/10.3.1/thumb/v7e-m/nofp/crtbegin.o
 .text          0x00000000       0x7c c:/progra~2/gnuarm~1/102021~1.10/bin/../lib/gcc/arm-none-eabi/10.3.1/../../../../arm-none-eabi/lib/thumb/v7e-m/nofp/crt0.o
[...]
Memory Configuration

Name             Origin             Length             Attributes
RAM              0x20000000         0x00020000         xrw
FLASH            0x08000000         0x00080000         xr
*default*        0x00000000         0xffffffff

Linker script and memory map

LOAD c:/progra~2/gnuarm~1/102021~1.10/bin/../lib/gcc/arm-none-eabi/10.3.1/thumb/v7e-m/nofp/crti.o
LOAD c:/progra~2/gnuarm~1/102021~1.10/bin/../lib/gcc/arm-none-eabi/10.3.1/thumb/v7e-m/nofp/crtbegin.o
LOAD c:/progra~2/gnuarm~1/102021~1.10/bin/../lib/gcc/arm-none-eabi/10.3.1/../../../../arm-none-eabi/lib/thumb/v7e-m/nofp/crt0.o
LOAD CMakeFiles/Cubesat_stm32.elf.dir/Core/Src/main.c.obj
LOAD CMakeFiles/Cubesat_stm32.elf.dir/Core/Src/stm32f4xx_hal_msp.c.obj
LOAD CMakeFiles/Cubesat_stm32.elf.dir/Core/Src/stm32f4xx_it.c.obj
LOAD CMakeFiles/Cubesat_stm32.elf.dir/Core/Src/syscalls.c.obj
LOAD CMakeFiles/Cubesat_stm32.elf.dir/Core/Src/sysmem.c.obj
LOAD CMakeFiles/Cubesat_stm32.elf.dir/Core/Src/system_stm32f4xx.c.obj
LOAD CMakeFiles/Cubesat_stm32.elf.dir/Core/Startup/startup_stm32f411vetx.s.obj
LOAD CMakeFiles/Cubesat_stm32.elf.dir/Drivers/STM32F4xx_HAL_Driver/Src/stm32f4xx_hal.c.obj
LOAD CMakeFiles/Cubesat_stm32.elf.dir/Drivers/STM32F4xx_HAL_Driver/Src/stm32f4xx_hal_cortex.c.obj
LOAD CMakeFiles/Cubesat_stm32.elf.dir/Drivers/STM32F4xx_HAL_Driver/Src/stm32f4xx_hal_dma.c.obj
LOAD CMakeFiles/Cubesat_stm32.elf.dir/Drivers/STM32F4xx_HAL_Driver/Src/stm32f4xx_hal_dma_ex.c.obj
LOAD CMakeFiles/Cubesat_stm32.elf.dir/Drivers/STM32F4xx_HAL_Driver/Src/stm32f4xx_hal_exti.c.obj
LOAD CMakeFiles/Cubesat_stm32.elf.dir/Drivers/STM32F4xx_HAL_Driver/Src/stm32f4xx_hal_flash.c.obj
LOAD CMakeFiles/Cubesat_stm32.elf.dir/Drivers/STM32F4xx_HAL_Driver/Src/stm32f4xx_hal_flash_ex.c.obj
LOAD CMakeFiles/Cubesat_stm32.elf.dir/Drivers/STM32F4xx_HAL_Driver/Src/stm32f4xx_hal_flash_ramfunc.c.obj
LOAD CMakeFiles/Cubesat_stm32.elf.dir/Drivers/STM32F4xx_HAL_Driver/Src/stm32f4xx_hal_gpio.c.obj
LOAD CMakeFiles/Cubesat_stm32.elf.dir/Drivers/STM32F4xx_HAL_Driver/Src/stm32f4xx_hal_pwr.c.obj
LOAD CMakeFiles/Cubesat_stm32.elf.dir/Drivers/STM32F4xx_HAL_Driver/Src/stm32f4xx_hal_pwr_ex.c.obj
LOAD CMakeFiles/Cubesat_stm32.elf.dir/Drivers/STM32F4xx_HAL_Driver/Src/stm32f4xx_hal_rcc.c.obj
LOAD CMakeFiles/Cubesat_stm32.elf.dir/Drivers/STM32F4xx_HAL_Driver/Src/stm32f4xx_hal_rcc_ex.c.obj
LOAD CMakeFiles/Cubesat_stm32.elf.dir/Drivers/STM32F4xx_HAL_Driver/Src/stm32f4xx_hal_tim.c.obj
LOAD CMakeFiles/Cubesat_stm32.elf.dir/Drivers/STM32F4xx_HAL_Driver/Src/stm32f4xx_hal_tim_ex.c.obj
START GROUP
LOAD c:/progra~2/gnuarm~1/102021~1.10/bin/../lib/gcc/arm-none-eabi/10.3.1/thumb/v7e-m/nofp\libgcc.a
LOAD c:/progra~2/gnuarm~1/102021~1.10/bin/../lib/gcc/arm-none-eabi/10.3.1/../../../../arm-none-eabi/lib/thumb/v7e-m/nofp\libg.a
LOAD c:/progra~2/gnuarm~1/102021~1.10/bin/../lib/gcc/arm-none-eabi/10.3.1/../../../../arm-none-eabi/lib/thumb/v7e-m/nofp\libc.a
END GROUP
LOAD c:/progra~2/gnuarm~1/102021~1.10/bin/../lib/gcc/arm-none-eabi/10.3.1/thumb/v7e-m/nofp/crtend.o
LOAD c:/progra~2/gnuarm~1/102021~1.10/bin/../lib/gcc/arm-none-eabi/10.3.1/thumb/v7e-m/nofp/crtn.o
                0x20020000                _estack = (ORIGIN (RAM) + LENGTH (RAM))
                0x00000200                _Min_Heap_Size = 0x200
                0x00000400                _Min_Stack_Size = 0x400

.isr_vector     0x08000000      0x198
                0x08000000                . = ALIGN (0x4)
 *(.isr_vector)
 .isr_vector    0x08000000      0x198 CMakeFiles/Cubesat_stm32.elf.dir/Core/Startup/startup_stm32f411vetx.s.obj
                0x08000000                g_pfnVectors
                0x08000198                . = ALIGN (0x4)

.text           0x08000198     0x1078
                0x08000198                . = ALIGN (0x4)
 *(.text)
 .text          0x08000198       0x40 c:/progra~2/gnuarm~1/102021~1.10/bin/../lib/gcc/arm-none-eabi/10.3.1/thumb/v7e-m/nofp/crtbegin.o
 .text          0x080001d8       0x30 c:/progra~2/gnuarm~1/102021~1.10/bin/../lib/gcc/arm-none-eabi/10.3.1/thumb/v7e-m/nofp\libgcc.a(_aeabi_uldivmod.o)
                0x080001d8                __aeabi_uldivmod
 .text          0x08000208      0x2d0 c:/progra~2/gnuarm~1/102021~1.10/bin/../lib/gcc/arm-none-eabi/10.3.1/thumb/v7e-m/nofp\libgcc.a(_udivmoddi4.o)
                0x08000208                __udivmoddi4
 .text          0x080004d8        0x4 c:/progra~2/gnuarm~1/102021~1.10/bin/../lib/gcc/arm-none-eabi/10.3.1/thumb/v7e-m/nofp\libgcc.a(_dvmd_tls.o)
                0x080004d8                __aeabi_idiv0
                0x080004d8                __aeabi_ldiv0
 *(.text*)
 .text.MX_GPIO_Init
                0x080004dc       0x7c CMakeFiles/Cubesat_stm32.elf.dir/Core/Src/main.c.obj
 .text.Error_Handler
                0x08000558        0x4 CMakeFiles/Cubesat_stm32.elf.dir/Core/Src/main.c.obj
                0x08000558                Error_Handler
 .text.SystemClock_Config
                0x0800055c       0xa0 CMakeFiles/Cubesat_stm32.elf.dir/Core/Src/main.c.obj
                0x0800055c                SystemClock_Config
 .text.main     0x080005fc       0x24 CMakeFiles/Cubesat_stm32.elf.dir/Core/Src/main.c.obj
                0x080005fc                main
 .text.HAL_MspInit
                0x08000620       0x38 CMakeFiles/Cubesat_stm32.elf.dir/Core/Src/stm32f4xx_hal_msp.c.obj
                0x08000620                HAL_MspInit
 .text.NMI_Handler
                0x08000658        0x2 CMakeFiles/Cubesat_stm32.elf.dir/Core/Src/stm32f4xx_it.c.obj
                0x08000658                NMI_Handler
 .text.HardFault_Handler
                0x0800065a        0x2 CMakeFiles/Cubesat_stm32.elf.dir/Core/Src/stm32f4xx_it.c.obj
                0x0800065a                HardFault_Handler
 .text.MemManage_Handler
                0x0800065c        0x2 CMakeFiles/Cubesat_stm32.elf.dir/Core/Src/stm32f4xx_it.c.obj
                0x0800065c                MemManage_Handler
 .text.BusFault_Handler
                0x0800065e        0x2 CMakeFiles/Cubesat_stm32.elf.dir/Core/Src/stm32f4xx_it.c.obj
                0x0800065e                BusFault_Handler
 .text.UsageFault_Handler
                0x08000660        0x2 CMakeFiles/Cubesat_stm32.elf.dir/Core/Src/stm32f4xx_it.c.obj
                0x08000660                UsageFault_Handler
 .text.SVC_Handler
                0x08000662        0x2 CMakeFiles/Cubesat_stm32.elf.dir/Core/Src/stm32f4xx_it.c.obj
                0x08000662                SVC_Handler
 .text.DebugMon_Handler
                0x08000664        0x2 CMakeFiles/Cubesat_stm32.elf.dir/Core/Src/stm32f4xx_it.c.obj
                0x08000664                DebugMon_Handler
 .text.PendSV_Handler
                0x08000666        0x2 CMakeFiles/Cubesat_stm32.elf.dir/Core/Src/stm32f4xx_it.c.obj
                0x08000666                PendSV_Handler
 .text.SysTick_Handler
                0x08000668        0x8 CMakeFiles/Cubesat_stm32.elf.dir/Core/Src/stm32f4xx_it.c.obj
                0x08000668                SysTick_Handler
 .text.SystemInit
                0x08000670        0x2 CMakeFiles/Cubesat_stm32.elf.dir/Core/Src/system_stm32f4xx.c.obj
                0x08000670                SystemInit
 *fill*         0x08000672        0x2 
 .text.Reset_Handler
                0x08000674       0x50 CMakeFiles/Cubesat_stm32.elf.dir/Core/Startup/startup_stm32f411vetx.s.obj
                0x08000674                Reset_Handler
 .text.Default_Handler
                0x080006c4        0x2 CMakeFiles/Cubesat_stm32.elf.dir/Core/Startup/startup_stm32f411vetx.s.obj
                0x080006c4                RTC_Alarm_IRQHandler
                0x080006c4                EXTI2_IRQHandler
                0x080006c4                SPI4_IRQHandler
                0x080006c4                TIM1_CC_IRQHandler
                0x080006c4                DMA2_Stream5_IRQHandler
                0x080006c4                DMA1_Stream5_IRQHandler
                0x080006c4                PVD_IRQHandler
                0x080006c4                SDIO_IRQHandler
                0x080006c4                TAMP_STAMP_IRQHandler
                0x080006c4                EXTI3_IRQHandler
                0x080006c4                TIM1_UP_TIM10_IRQHandler
                0x080006c4                I2C3_ER_IRQHandler
                0x080006c4                EXTI0_IRQHandler
                0x080006c4                I2C2_EV_IRQHandler
                0x080006c4                DMA1_Stream2_IRQHandler
                0x080006c4                FPU_IRQHandler
                0x080006c4                DMA2_Stream2_IRQHandler
                0x080006c4                SPI1_IRQHandler
                0x080006c4                TIM1_BRK_TIM9_IRQHandler
                0x080006c4                DMA2_Stream3_IRQHandler
                0x080006c4                USART6_IRQHandler
                0x080006c4                DMA2_Stream0_IRQHandler
                0x080006c4                TIM4_IRQHandler
                0x080006c4                I2C1_EV_IRQHandler
                0x080006c4                DMA1_Stream6_IRQHandler
                0x080006c4                DMA1_Stream1_IRQHandler
                0x080006c4                TIM3_IRQHandler
                0x080006c4                RCC_IRQHandler
                0x080006c4                Default_Handler
                0x080006c4                EXTI15_10_IRQHandler
                0x080006c4                ADC_IRQHandler
                0x080006c4                DMA1_Stream7_IRQHandler
                0x080006c4                SPI5_IRQHandler
                0x080006c4                TIM5_IRQHandler
                0x080006c4                DMA2_Stream7_IRQHandler
                0x080006c4                I2C3_EV_IRQHandler
                0x080006c4                EXTI9_5_IRQHandler
                0x080006c4                RTC_WKUP_IRQHandler
                0x080006c4                SPI2_IRQHandler
                0x080006c4                DMA1_Stream0_IRQHandler
                0x080006c4                EXTI4_IRQHandler
                0x080006c4                WWDG_IRQHandler
                0x080006c4                TIM2_IRQHandler
                0x080006c4                OTG_FS_WKUP_IRQHandler
                0x080006c4                TIM1_TRG_COM_TIM11_IRQHandler
                0x080006c4                EXTI1_IRQHandler
                0x080006c4                USART2_IRQHandler
                0x080006c4                I2C2_ER_IRQHandler
                0x080006c4                DMA2_Stream1_IRQHandler
                0x080006c4                FLASH_IRQHandler
                0x080006c4                DMA2_Stream4_IRQHandler
                0x080006c4                USART1_IRQHandler
                0x080006c4                OTG_FS_IRQHandler
                0x080006c4                SPI3_IRQHandler
                0x080006c4                DMA1_Stream4_IRQHandler
                0x080006c4                I2C1_ER_IRQHandler
                0x080006c4                DMA2_Stream6_IRQHandler
                0x080006c4                DMA1_Stream3_IRQHandler
 *fill*         0x080006c6        0x2 
 .text.HAL_InitTick
                0x080006c8       0x4c CMakeFiles/Cubesat_stm32.elf.dir/Drivers/STM32F4xx_HAL_Driver/Src/stm32f4xx_hal.c.obj
                0x080006c8                HAL_InitTick
 .text.HAL_Init
                0x08000714       0x34 CMakeFiles/Cubesat_stm32.elf.dir/Drivers/STM32F4xx_HAL_Driver/Src/stm32f4xx_hal.c.obj
                0x08000714                HAL_Init
 .text.HAL_IncTick
                0x08000748       0x18 CMakeFiles/Cubesat_stm32.elf.dir/Drivers/STM32F4xx_HAL_Driver/Src/stm32f4xx_hal.c.obj
                0x08000748                HAL_IncTick
 .text.HAL_GetTick
                0x08000760        0xc CMakeFiles/Cubesat_stm32.elf.dir/Drivers/STM32F4xx_HAL_Driver/Src/stm32f4xx_hal.c.obj
                0x08000760                HAL_GetTick
 .text.HAL_Delay
                0x0800076c       0x28 CMakeFiles/Cubesat_stm32.elf.dir/Drivers/STM32F4xx_HAL_Driver/Src/stm32f4xx_hal.c.obj
                0x0800076c                HAL_Delay
 .text.HAL_NVIC_SetPriorityGrouping
                0x08000794       0x24 CMakeFiles/Cubesat_stm32.elf.dir/Drivers/STM32F4xx_HAL_Driver/Src/stm32f4xx_hal_cortex.c.obj
                0x08000794                HAL_NVIC_SetPriorityGrouping
 .text.HAL_NVIC_SetPriority
                0x080007b8       0x70 CMakeFiles/Cubesat_stm32.elf.dir/Drivers/STM32F4xx_HAL_Driver/Src/stm32f4xx_hal_cortex.c.obj
                0x080007b8                HAL_NVIC_SetPriority
 .text.HAL_SYSTICK_Config
                0x08000828       0x28 CMakeFiles/Cubesat_stm32.elf.dir/Drivers/STM32F4xx_HAL_Driver/Src/stm32f4xx_hal_cortex.c.obj
                0x08000828                HAL_SYSTICK_Config
 .text.HAL_GPIO_Init
                0x08000850      0x1c0 CMakeFiles/Cubesat_stm32.elf.dir/Drivers/STM32F4xx_HAL_Driver/Src/stm32f4xx_hal_gpio.c.obj
                0x08000850                HAL_GPIO_Init
 .text.HAL_GPIO_WritePin
                0x08000a10        0xc CMakeFiles/Cubesat_stm32.elf.dir/Drivers/STM32F4xx_HAL_Driver/Src/stm32f4xx_hal_gpio.c.obj
                0x08000a10                HAL_GPIO_WritePin
 .text.HAL_GPIO_TogglePin
                0x08000a1c       0x12 CMakeFiles/Cubesat_stm32.elf.dir/Drivers/STM32F4xx_HAL_Driver/Src/stm32f4xx_hal_gpio.c.obj
                0x08000a1c                HAL_GPIO_TogglePin
 *fill*         0x08000a2e        0x2 
 .text.HAL_RCC_OscConfig
                0x08000a30      0x3f8 CMakeFiles/Cubesat_stm32.elf.dir/Drivers/STM32F4xx_HAL_Driver/Src/stm32f4xx_hal_rcc.c.obj
                0x08000a30                HAL_RCC_OscConfig
 .text.HAL_RCC_GetSysClockFreq
                0x08000e28       0xa4 CMakeFiles/Cubesat_stm32.elf.dir/Drivers/STM32F4xx_HAL_Driver/Src/stm32f4xx_hal_rcc.c.obj
                0x08000e28                HAL_RCC_GetSysClockFreq
 .text.HAL_RCC_ClockConfig
                0x08000ecc      0x160 CMakeFiles/Cubesat_stm32.elf.dir/Drivers/STM32F4xx_HAL_Driver/Src/stm32f4xx_hal_rcc.c.obj
                0x08000ecc                HAL_RCC_ClockConfig
 .text.__libc_init_array
                0x0800102c       0x48 c:/progra~2/gnuarm~1/102021~1.10/bin/../lib/gcc/arm-none-eabi/10.3.1/../../../../arm-none-eabi/lib/thumb/v7e-m/nofp\libg.a(lib_a-init.o)
                0x0800102c                __libc_init_array
 .text.memset   0x08001074       0xa4 c:/progra~2/gnuarm~1/102021~1.10/bin/../lib/gcc/arm-none-eabi/10.3.1/../../../../arm-none-eabi/lib/thumb/v7e-m/nofp\libg.a(lib_a-memset.o)
                0x08001074                memset
 .text.startup.register_fini
                0x08001118       0x14 c:/progra~2/gnuarm~1/102021~1.10/bin/../lib/gcc/arm-none-eabi/10.3.1/../../../../arm-none-eabi/lib/thumb/v7e-m/nofp\libg.a(lib_a-__call_atexit.o)
 .text.atexit   0x0800112c        0xc c:/progra~2/gnuarm~1/102021~1.10/bin/../lib/gcc/arm-none-eabi/10.3.1/../../../../arm-none-eabi/lib/thumb/v7e-m/nofp\libg.a(lib_a-atexit.o)
                0x0800112c                atexit
 .text.__libc_fini_array
                0x08001138       0x2c c:/progra~2/gnuarm~1/102021~1.10/bin/../lib/gcc/arm-none-eabi/10.3.1/../../../../arm-none-eabi/lib/thumb/v7e-m/nofp\libg.a(lib_a-fini.o)
                0x08001138                __libc_fini_array
 .text.__retarget_lock_acquire_recursive
                0x08001164        0x4 c:/progra~2/gnuarm~1/102021~1.10/bin/../lib/gcc/arm-none-eabi/10.3.1/../../../../arm-none-eabi/lib/thumb/v7e-m/nofp\libg.a(lib_a-lock.o)
                0x08001164                __retarget_lock_acquire_recursive
 .text.__retarget_lock_release_recursive
                0x08001168        0x4 c:/progra~2/gnuarm~1/102021~1.10/bin/../lib/gcc/arm-none-eabi/10.3.1/../../../../arm-none-eabi/lib/thumb/v7e-m/nofp\libg.a(lib_a-lock.o)
                0x08001168                __retarget_lock_release_recursive
 .text.__register_exitproc
                0x0800116c       0x8c c:/progra~2/gnuarm~1/102021~1.10/bin/../lib/gcc/arm-none-eabi/10.3.1/../../../../arm-none-eabi/lib/thumb/v7e-m/nofp\libg.a(lib_a-__atexit.o)
                0x0800116c                __register_exitproc
 *(.glue_7)
 .glue_7        0x080011f8        0x0 linker stubs
 *(.glue_7t)
 .glue_7t       0x080011f8        0x0 linker stubs
 *(.eh_frame)
 .eh_frame      0x080011f8        0x0 c:/progra~2/gnuarm~1/102021~1.10/bin/../lib/gcc/arm-none-eabi/10.3.1/thumb/v7e-m/nofp/crtbegin.o
 *(.init)
 .init          0x080011f8        0x4 c:/progra~2/gnuarm~1/102021~1.10/bin/../lib/gcc/arm-none-eabi/10.3.1/thumb/v7e-m/nofp/crti.o
                0x080011f8                _init
 .init          0x080011fc        0x8 c:/progra~2/gnuarm~1/102021~1.10/bin/../lib/gcc/arm-none-eabi/10.3.1/thumb/v7e-m/nofp/crtn.o
 *(.fini)
 .fini          0x08001204        0x4 c:/progra~2/gnuarm~1/102021~1.10/bin/../lib/gcc/arm-none-eabi/10.3.1/thumb/v7e-m/nofp/crti.o
                0x08001204                _fini
 .fini          0x08001208        0x8 c:/progra~2/gnuarm~1/102021~1.10/bin/../lib/gcc/arm-none-eabi/10.3.1/thumb/v7e-m/nofp/crtn.o
                0x08001210                . = ALIGN (0x4)
                0x08001210                _etext = .

.vfp11_veneer   0x08001210        0x0
 .vfp11_veneer  0x08001210        0x0 linker stubs

.v4_bx          0x08001210        0x0
 .v4_bx         0x08001210        0x0 linker stubs

.iplt           0x08001210        0x0
 .iplt          0x08001210        0x0 c:/progra~2/gnuarm~1/102021~1.10/bin/../lib/gcc/arm-none-eabi/10.3.1/thumb/v7e-m/nofp/crtbegin.o

.rodata         0x08001210       0x14
                0x08001210                . = ALIGN (0x4)
 *(.rodata)
 *(.rodata*)
 .rodata.AHBPrescTable
                0x08001210       0x10 CMakeFiles/Cubesat_stm32.elf.dir/Core/Src/system_stm32f4xx.c.obj
                0x08001210                AHBPrescTable
 .rodata._global_impure_ptr
                0x08001220        0x4 c:/progra~2/gnuarm~1/102021~1.10/bin/../lib/gcc/arm-none-eabi/10.3.1/../../../../arm-none-eabi/lib/thumb/v7e-m/nofp\libg.a(lib_a-impure.o)
                0x08001220                _global_impure_ptr
                0x08001224                . = ALIGN (0x4)

.ARM.extab      0x08001224        0x0
                0x08001224                . = ALIGN (0x4)
 *(.ARM.extab* .gnu.linkonce.armextab.*)
                0x08001224                . = ALIGN (0x4)

.ARM            0x08001224        0x8
                0x08001224                . = ALIGN (0x4)
                0x08001224                __exidx_start = .
 *(.ARM.exidx*)
 .ARM.exidx     0x08001224        0x8 c:/progra~2/gnuarm~1/102021~1.10/bin/../lib/gcc/arm-none-eabi/10.3.1/thumb/v7e-m/nofp\libgcc.a(_udivmoddi4.o)
                0x0800122c                __exidx_end = .
                0x0800122c                . = ALIGN (0x4)

.rel.dyn        0x0800122c        0x0
 .rel.iplt      0x0800122c        0x0 c:/progra~2/gnuarm~1/102021~1.10/bin/../lib/gcc/arm-none-eabi/10.3.1/thumb/v7e-m/nofp/crtbegin.o

.preinit_array  0x0800122c        0x0
                0x0800122c                . = ALIGN (0x4)
                0x0800122c                PROVIDE (__preinit_array_start = .)
 *(.preinit_array*)
                0x0800122c                PROVIDE (__preinit_array_end = .)
                0x0800122c                . = ALIGN (0x4)

.init_array     0x0800122c        0x8
                0x0800122c                . = ALIGN (0x4)
                0x0800122c                PROVIDE (__init_array_start = .)
 *(SORT_BY_NAME(.init_array.*))
 .init_array.00000
                0x0800122c        0x4 c:/progra~2/gnuarm~1/102021~1.10/bin/../lib/gcc/arm-none-eabi/10.3.1/../../../../arm-none-eabi/lib/thumb/v7e-m/nofp\libg.a(lib_a-__call_atexit.o)
 *(.init_array*)
 .init_array    0x08001230        0x4 c:/progra~2/gnuarm~1/102021~1.10/bin/../lib/gcc/arm-none-eabi/10.3.1/thumb/v7e-m/nofp/crtbegin.o
                0x08001234                PROVIDE (__init_array_end = .)
                0x08001234                . = ALIGN (0x4)

.fini_array     0x08001234        0x4
                0x08001234                . = ALIGN (0x4)
                0x08001234                PROVIDE (__fini_array_start = .)
 *(SORT_BY_NAME(.fini_array.*))
 *(.fini_array*)
 .fini_array    0x08001234        0x4 c:/progra~2/gnuarm~1/102021~1.10/bin/../lib/gcc/arm-none-eabi/10.3.1/thumb/v7e-m/nofp/crtbegin.o
                0x08001238                PROVIDE (__fini_array_end = .)
                0x08001238                . = ALIGN (0x4)
                0x08001238                _sidata = LOADADDR (.data)

.data           0x20000000      0x43c load address 0x08001238
                0x20000000                . = ALIGN (0x4)
                0x20000000                _sdata = .
 *(.data)
 *(.data*)
 .data.SystemCoreClock
                0x20000000        0x4 CMakeFiles/Cubesat_stm32.elf.dir/Core/Src/system_stm32f4xx.c.obj
                0x20000000                SystemCoreClock
 .data.uwTickFreq
                0x20000004        0x1 CMakeFiles/Cubesat_stm32.elf.dir/Drivers/STM32F4xx_HAL_Driver/Src/stm32f4xx_hal.c.obj
                0x20000004                uwTickFreq
 *fill*         0x20000005        0x3 
 .data.uwTickPrio
                0x20000008        0x4 CMakeFiles/Cubesat_stm32.elf.dir/Drivers/STM32F4xx_HAL_Driver/Src/stm32f4xx_hal.c.obj
                0x20000008                uwTickPrio
 *fill*         0x2000000c        0x4 
 .data.impure_data
                0x20000010      0x428 c:/progra~2/gnuarm~1/102021~1.10/bin/../lib/gcc/arm-none-eabi/10.3.1/../../../../arm-none-eabi/lib/thumb/v7e-m/nofp\libg.a(lib_a-impure.o)
 .data.__atexit_recursive_mutex
                0x20000438        0x4 c:/progra~2/gnuarm~1/102021~1.10/bin/../lib/gcc/arm-none-eabi/10.3.1/../../../../arm-none-eabi/lib/thumb/v7e-m/nofp\libg.a(lib_a-__call_atexit.o)
                0x20000438                __atexit_recursive_mutex
 *(.RamFunc)
 *(.RamFunc*)
                0x2000043c                . = ALIGN (0x4)
                0x2000043c                _edata = .

.igot.plt       0x2000043c        0x0 load address 0x08001674
 .igot.plt      0x2000043c        0x0 c:/progra~2/gnuarm~1/102021~1.10/bin/../lib/gcc/arm-none-eabi/10.3.1/thumb/v7e-m/nofp/crtbegin.o
                0x2000043c                . = ALIGN (0x4)

.bss            0x2000043c       0x24 load address 0x08001674
                0x2000043c                _sbss = .
                0x2000043c                __bss_start__ = _sbss
 *(.bss)
 .bss           0x2000043c       0x1c c:/progra~2/gnuarm~1/102021~1.10/bin/../lib/gcc/arm-none-eabi/10.3.1/thumb/v7e-m/nofp/crtbegin.o
 *(.bss*)
 .bss.uwTick    0x20000458        0x4 CMakeFiles/Cubesat_stm32.elf.dir/Drivers/STM32F4xx_HAL_Driver/Src/stm32f4xx_hal.c.obj
                0x20000458                uwTick
 .bss.__lock___atexit_recursive_mutex
                0x2000045c        0x1 c:/progra~2/gnuarm~1/102021~1.10/bin/../lib/gcc/arm-none-eabi/10.3.1/../../../../arm-none-eabi/lib/thumb/v7e-m/nofp\libg.a(lib_a-lock.o)
                0x2000045c                __lock___atexit_recursive_mutex
 *(COMMON)
                0x20000460                . = ALIGN (0x4)
 *fill*         0x2000045d        0x3 
                0x20000460                _ebss = .
                0x20000460                __bss_end__ = _ebss

._user_heap_stack
                0x20000460      0x600 load address 0x08001674
                0x20000460                . = ALIGN (0x8)
                [!provide]                PROVIDE (end = .)
                0x20000460                PROVIDE (_end = .)
                0x20000660                . = (. + _Min_Heap_Size)
 *fill*         0x20000460      0x200 
                0x20000a60                . = (. + _Min_Stack_Size)
 *fill*         0x20000660      0x400 
                0x20000a60                . = ALIGN (0x8)

/DISCARD/
 libc.a(*)
 libm.a(*)
 libgcc.a(*)

.ARM.attributes
                0x00000000       0x2a
 *(.ARM.attributes)
 .ARM.attributes
                0x00000000       0x1e c:/progra~2/gnuarm~1/102021~1.10/bin/../lib/gcc/arm-none-eabi/10.3.1/thumb/v7e-m/nofp/crti.o
 .ARM.attributes
                0x0000001e       0x2e c:/progra~2/gnuarm~1/102021~1.10/bin/../lib/gcc/arm-none-eabi/10.3.1/thumb/v7e-m/nofp/crtbegin.o
 .ARM.attributes
                0x0000004c       0x2e CMakeFiles/Cubesat_stm32.elf.dir/Core/Src/main.c.obj
 .ARM.attributes
                0x0000007a       0x2e CMakeFiles/Cubesat_stm32.elf.dir/Core/Src/stm32f4xx_hal_msp.c.obj
 .ARM.attributes
                0x000000a8       0x2e CMakeFiles/Cubesat_stm32.elf.dir/Core/Src/stm32f4xx_it.c.obj
 .ARM.attributes
                0x000000d6       0x2e CMakeFiles/Cubesat_stm32.elf.dir/Core/Src/system_stm32f4xx.c.obj
 .ARM.attributes
                0x00000104       0x21 CMakeFiles/Cubesat_stm32.elf.dir/Core/Startup/startup_stm32f411vetx.s.obj
 .ARM.attributes
                0x00000125       0x2e CMakeFiles/Cubesat_stm32.elf.dir/Drivers/STM32F4xx_HAL_Driver/Src/stm32f4xx_hal.c.obj
 .ARM.attributes
                0x00000153       0x2e CMakeFiles/Cubesat_stm32.elf.dir/Drivers/STM32F4xx_HAL_Driver/Src/stm32f4xx_hal_cortex.c.obj
 .ARM.attributes
                0x00000181       0x2e CMakeFiles/Cubesat_stm32.elf.dir/Drivers/STM32F4xx_HAL_Driver/Src/stm32f4xx_hal_gpio.c.obj
 .ARM.attributes
                0x000001af       0x2e CMakeFiles/Cubesat_stm32.elf.dir/Drivers/STM32F4xx_HAL_Driver/Src/stm32f4xx_hal_rcc.c.obj
 .ARM.attributes
                0x000001dd       0x1e c:/progra~2/gnuarm~1/102021~1.10/bin/../lib/gcc/arm-none-eabi/10.3.1/thumb/v7e-m/nofp\libgcc.a(_aeabi_uldivmod.o)
 .ARM.attributes
                0x000001fb       0x2e c:/progra~2/gnuarm~1/102021~1.10/bin/../lib/gcc/arm-none-eabi/10.3.1/thumb/v7e-m/nofp\libgcc.a(_udivmoddi4.o)
 .ARM.attributes
                0x00000229       0x1e c:/progra~2/gnuarm~1/102021~1.10/bin/../lib/gcc/arm-none-eabi/10.3.1/thumb/v7e-m/nofp\libgcc.a(_dvmd_tls.o)
 .ARM.attributes
                0x00000247       0x2e c:/progra~2/gnuarm~1/102021~1.10/bin/../lib/gcc/arm-none-eabi/10.3.1/../../../../arm-none-eabi/lib/thumb/v7e-m/nofp\libg.a(lib_a-impure.o)
 .ARM.attributes
                0x00000275       0x2e c:/progra~2/gnuarm~1/102021~1.10/bin/../lib/gcc/arm-none-eabi/10.3.1/../../../../arm-none-eabi/lib/thumb/v7e-m/nofp\libg.a(lib_a-init.o)
 .ARM.attributes
                0x000002a3       0x2e c:/progra~2/gnuarm~1/102021~1.10/bin/../lib/gcc/arm-none-eabi/10.3.1/../../../../arm-none-eabi/lib/thumb/v7e-m/nofp\libg.a(lib_a-memset.o)
 .ARM.attributes
                0x000002d1       0x2e c:/progra~2/gnuarm~1/102021~1.10/bin/../lib/gcc/arm-none-eabi/10.3.1/../../../../arm-none-eabi/lib/thumb/v7e-m/nofp\libg.a(lib_a-__call_atexit.o)
 .ARM.attributes
                0x000002ff       0x2e c:/progra~2/gnuarm~1/102021~1.10/bin/../lib/gcc/arm-none-eabi/10.3.1/../../../../arm-none-eabi/lib/thumb/v7e-m/nofp\libg.a(lib_a-atexit.o)
 .ARM.attributes
                0x0000032d       0x2e c:/progra~2/gnuarm~1/102021~1.10/bin/../lib/gcc/arm-none-eabi/10.3.1/../../../../arm-none-eabi/lib/thumb/v7e-m/nofp\libg.a(lib_a-fini.o)
 .ARM.attributes
                0x0000035b       0x2e c:/progra~2/gnuarm~1/102021~1.10/bin/../lib/gcc/arm-none-eabi/10.3.1/../../../../arm-none-eabi/lib/thumb/v7e-m/nofp\libg.a(lib_a-lock.o)
 .ARM.attributes
                0x00000389       0x2e c:/progra~2/gnuarm~1/102021~1.10/bin/../lib/gcc/arm-none-eabi/10.3.1/../../../../arm-none-eabi/lib/thumb/v7e-m/nofp\libg.a(lib_a-__atexit.o)
 .ARM.attributes
                0x000003b7       0x1e c:/progra~2/gnuarm~1/102021~1.10/bin/../lib/gcc/arm-none-eabi/10.3.1/thumb/v7e-m/nofp/crtn.o
OUTPUT(Cubesat_stm32.elf elf32-littlearm)
LOAD linker stubs
LOAD c:/progra~2/gnuarm~1/102021~1.10/bin/../lib/gcc/arm-none-eabi/10.3.1/../../../../arm-none-eabi/lib/thumb/v7e-m/nofp\libc.a
LOAD c:/progra~2/gnuarm~1/102021~1.10/bin/../lib/gcc/arm-none-eabi/10.3.1/../../../../arm-none-eabi/lib/thumb/v7e-m/nofp\libm.a
LOAD c:/progra~2/gnuarm~1/102021~1.10/bin/../lib/gcc/arm-none-eabi/10.3.1/thumb/v7e-m/nofp\libgcc.a

.debug_info     0x00000000     0x3c29
 .debug_info    0x00000000      0x7d8 CMakeFiles/Cubesat_stm32.elf.dir/Core/Src/main.c.obj
 .debug_info    0x000007d8      0x2d0 CMakeFiles/Cubesat_stm32.elf.dir/Core/Src/stm32f4xx_hal_msp.c.obj
 .debug_info    0x00000aa8      0x12f CMakeFiles/Cubesat_stm32.elf.dir/Core/Src/stm32f4xx_it.c.obj
 .debug_info    0x00000bd7      0x3a9 CMakeFiles/Cubesat_stm32.elf.dir/Core/Src/system_stm32f4xx.c.obj
 .debug_info    0x00000f80       0x22 CMakeFiles/Cubesat_stm32.elf.dir/Core/Startup/startup_stm32f411vetx.s.obj
 .debug_info    0x00000fa2      0x981 CMakeFiles/Cubesat_stm32.elf.dir/Drivers/STM32F4xx_HAL_Driver/Src/stm32f4xx_hal.c.obj
 .debug_info    0x00001923     0x1008 CMakeFiles/Cubesat_stm32.elf.dir/Drivers/STM32F4xx_HAL_Driver/Src/stm32f4xx_hal_cortex.c.obj
 .debug_info    0x0000292b      0x7d4 CMakeFiles/Cubesat_stm32.elf.dir/Drivers/STM32F4xx_HAL_Driver/Src/stm32f4xx_hal_gpio.c.obj
 .debug_info    0x000030ff      0xb2a CMakeFiles/Cubesat_stm32.elf.dir/Drivers/STM32F4xx_HAL_Driver/Src/stm32f4xx_hal_rcc.c.obj

.debug_abbrev   0x00000000      0xe70
 .debug_abbrev  0x00000000      0x1dc CMakeFiles/Cubesat_stm32.elf.dir/Core/Src/main.c.obj
 .debug_abbrev  0x000001dc       0xd1 CMakeFiles/Cubesat_stm32.elf.dir/Core/Src/stm32f4xx_hal_msp.c.obj
 .debug_abbrev  0x000002ad       0x7e CMakeFiles/Cubesat_stm32.elf.dir/Core/Src/stm32f4xx_it.c.obj
 .debug_abbrev  0x0000032b      0x119 CMakeFiles/Cubesat_stm32.elf.dir/Core/Src/system_stm32f4xx.c.obj
 .debug_abbrev  0x00000444       0x12 CMakeFiles/Cubesat_stm32.elf.dir/Core/Startup/startup_stm32f411vetx.s.obj
 .debug_abbrev  0x00000456      0x237 CMakeFiles/Cubesat_stm32.elf.dir/Drivers/STM32F4xx_HAL_Driver/Src/stm32f4xx_hal.c.obj
 .debug_abbrev  0x0000068d      0x36a CMakeFiles/Cubesat_stm32.elf.dir/Drivers/STM32F4xx_HAL_Driver/Src/stm32f4xx_hal_cortex.c.obj
 .debug_abbrev  0x000009f7      0x1ef CMakeFiles/Cubesat_stm32.elf.dir/Drivers/STM32F4xx_HAL_Driver/Src/stm32f4xx_hal_gpio.c.obj
 .debug_abbrev  0x00000be6      0x28a CMakeFiles/Cubesat_stm32.elf.dir/Drivers/STM32F4xx_HAL_Driver/Src/stm32f4xx_hal_rcc.c.obj

.debug_aranges  0x00000000      0x380
 .debug_aranges
                0x00000000       0x38 CMakeFiles/Cubesat_stm32.elf.dir/Core/Src/main.c.obj
 .debug_aranges
                0x00000038       0x20 CMakeFiles/Cubesat_stm32.elf.dir/Core/Src/stm32f4xx_hal_msp.c.obj
 .debug_aranges
                0x00000058       0x60 CMakeFiles/Cubesat_stm32.elf.dir/Core/Src/stm32f4xx_it.c.obj
 .debug_aranges
                0x000000b8       0x28 CMakeFiles/Cubesat_stm32.elf.dir/Core/Src/system_stm32f4xx.c.obj
 .debug_aranges
                0x000000e0       0x28 CMakeFiles/Cubesat_stm32.elf.dir/Core/Startup/startup_stm32f411vetx.s.obj
 .debug_aranges
                0x00000108       0xf0 CMakeFiles/Cubesat_stm32.elf.dir/Drivers/STM32F4xx_HAL_Driver/Src/stm32f4xx_hal.c.obj
 .debug_aranges
                0x000001f8       0xa8 CMakeFiles/Cubesat_stm32.elf.dir/Drivers/STM32F4xx_HAL_Driver/Src/stm32f4xx_hal_cortex.c.obj
 .debug_aranges
                0x000002a0       0x58 CMakeFiles/Cubesat_stm32.elf.dir/Drivers/STM32F4xx_HAL_Driver/Src/stm32f4xx_hal_gpio.c.obj
 .debug_aranges
                0x000002f8       0x88 CMakeFiles/Cubesat_stm32.elf.dir/Drivers/STM32F4xx_HAL_Driver/Src/stm32f4xx_hal_rcc.c.obj

.debug_ranges   0x00000000      0x370
 .debug_ranges  0x00000000       0x28 CMakeFiles/Cubesat_stm32.elf.dir/Core/Src/main.c.obj
 .debug_ranges  0x00000028       0x10 CMakeFiles/Cubesat_stm32.elf.dir/Core/Src/stm32f4xx_hal_msp.c.obj
 .debug_ranges  0x00000038       0x50 CMakeFiles/Cubesat_stm32.elf.dir/Core/Src/stm32f4xx_it.c.obj
 .debug_ranges  0x00000088       0x18 CMakeFiles/Cubesat_stm32.elf.dir/Core/Src/system_stm32f4xx.c.obj
 .debug_ranges  0x000000a0       0x20 CMakeFiles/Cubesat_stm32.elf.dir/Core/Startup/startup_stm32f411vetx.s.obj
 .debug_ranges  0x000000c0       0xe0 CMakeFiles/Cubesat_stm32.elf.dir/Drivers/STM32F4xx_HAL_Driver/Src/stm32f4xx_hal.c.obj
 .debug_ranges  0x000001a0       0xf8 CMakeFiles/Cubesat_stm32.elf.dir/Drivers/STM32F4xx_HAL_Driver/Src/stm32f4xx_hal_cortex.c.obj
 .debug_ranges  0x00000298       0x48 CMakeFiles/Cubesat_stm32.elf.dir/Drivers/STM32F4xx_HAL_Driver/Src/stm32f4xx_hal_gpio.c.obj
 .debug_ranges  0x000002e0       0x90 CMakeFiles/Cubesat_stm32.elf.dir/Drivers/STM32F4xx_HAL_Driver/Src/stm32f4xx_hal_rcc.c.obj

.debug_line     0x00000000     0x2999
 .debug_line    0x00000000      0x3be CMakeFiles/Cubesat_stm32.elf.dir/Core/Src/main.c.obj
 .debug_line    0x000003be      0x174 CMakeFiles/Cubesat_stm32.elf.dir/Core/Src/stm32f4xx_hal_msp.c.obj
 .debug_line    0x00000532      0x1b5 CMakeFiles/Cubesat_stm32.elf.dir/Core/Src/stm32f4xx_it.c.obj
 .debug_line    0x000006e7      0x23d CMakeFiles/Cubesat_stm32.elf.dir/Core/Src/system_stm32f4xx.c.obj
 .debug_line    0x00000924       0xa4 CMakeFiles/Cubesat_stm32.elf.dir/Core/Startup/startup_stm32f411vetx.s.obj
 .debug_line    0x000009c8      0x5bd CMakeFiles/Cubesat_stm32.elf.dir/Drivers/STM32F4xx_HAL_Driver/Src/stm32f4xx_hal.c.obj
 .debug_line    0x00000f85      0x7d0 CMakeFiles/Cubesat_stm32.elf.dir/Drivers/STM32F4xx_HAL_Driver/Src/stm32f4xx_hal_cortex.c.obj
 .debug_line    0x00001755      0x6fc CMakeFiles/Cubesat_stm32.elf.dir/Drivers/STM32F4xx_HAL_Driver/Src/stm32f4xx_hal_gpio.c.obj
 .debug_line    0x00001e51      0xb48 CMakeFiles/Cubesat_stm32.elf.dir/Drivers/STM32F4xx_HAL_Driver/Src/stm32f4xx_hal_rcc.c.obj

.debug_str      0x00000000     0x1641
 .debug_str     0x00000000      0x533 CMakeFiles/Cubesat_stm32.elf.dir/Core/Src/main.c.obj
                                0x592 (size before relaxing)
 .debug_str     0x00000533       0x48 CMakeFiles/Cubesat_stm32.elf.dir/Core/Src/stm32f4xx_hal_msp.c.obj
                                0x2f7 (size before relaxing)
 .debug_str     0x0000057b       0xd3 CMakeFiles/Cubesat_stm32.elf.dir/Core/Src/stm32f4xx_it.c.obj
                                0x259 (size before relaxing)
 .debug_str     0x0000064e       0xa3 CMakeFiles/Cubesat_stm32.elf.dir/Core/Src/system_stm32f4xx.c.obj
                                0x35d (size before relaxing)
 .debug_str     0x000006f1       0x52 CMakeFiles/Cubesat_stm32.elf.dir/Core/Startup/startup_stm32f411vetx.s.obj
                                 0x83 (size before relaxing)
 .debug_str     0x00000743      0x71e CMakeFiles/Cubesat_stm32.elf.dir/Drivers/STM32F4xx_HAL_Driver/Src/stm32f4xx_hal.c.obj
                                0xa3e (size before relaxing)
 .debug_str     0x00000e61      0x4df CMakeFiles/Cubesat_stm32.elf.dir/Drivers/STM32F4xx_HAL_Driver/Src/stm32f4xx_hal_cortex.c.obj
                                0xafe (size before relaxing)
 .debug_str     0x00001340      0x141 CMakeFiles/Cubesat_stm32.elf.dir/Drivers/STM32F4xx_HAL_Driver/Src/stm32f4xx_hal_gpio.c.obj
                                0x51c (size before relaxing)
 .debug_str     0x00001481      0x1c0 CMakeFiles/Cubesat_stm32.elf.dir/Drivers/STM32F4xx_HAL_Driver/Src/stm32f4xx_hal_rcc.c.obj
                                0x742 (size before relaxing)

.comment        0x00000000       0x49
 .comment       0x00000000       0x49 CMakeFiles/Cubesat_stm32.elf.dir/Core/Src/main.c.obj
                                 0x4a (size before relaxing)
 .comment       0x00000049       0x4a CMakeFiles/Cubesat_stm32.elf.dir/Core/Src/stm32f4xx_hal_msp.c.obj
 .comment       0x00000049       0x4a CMakeFiles/Cubesat_stm32.elf.dir/Core/Src/stm32f4xx_it.c.obj
 .comment       0x00000049       0x4a CMakeFiles/Cubesat_stm32.elf.dir/Core/Src/system_stm32f4xx.c.obj
 .comment       0x00000049       0x4a CMakeFiles/Cubesat_stm32.elf.dir/Drivers/STM32F4xx_HAL_Driver/Src/stm32f4xx_hal.c.obj
 .comment       0x00000049       0x4a CMakeFiles/Cubesat_stm32.elf.dir/Drivers/STM32F4xx_HAL_Driver/Src/stm32f4xx_hal_cortex.c.obj
 .comment       0x00000049       0x4a CMakeFiles/Cubesat_stm32.elf.dir/Drivers/STM32F4xx_HAL_Driver/Src/stm32f4xx_hal_gpio.c.obj
 .comment       0x00000049       0x4a CMakeFiles/Cubesat_stm32.elf.dir/Drivers/STM32F4xx_HAL_Driver/Src/stm32f4xx_hal_rcc.c.obj

.debug_frame    0x00000000      0x93c
 .debug_frame   0x00000000       0x78 CMakeFiles/Cubesat_stm32.elf.dir/Core/Src/main.c.obj
 .debug_frame   0x00000078       0x28 CMakeFiles/Cubesat_stm32.elf.dir/Core/Src/stm32f4xx_hal_msp.c.obj
 .debug_frame   0x000000a0       0xa8 CMakeFiles/Cubesat_stm32.elf.dir/Core/Src/stm32f4xx_it.c.obj
 .debug_frame   0x00000148       0x30 CMakeFiles/Cubesat_stm32.elf.dir/Core/Src/system_stm32f4xx.c.obj
 .debug_frame   0x00000178      0x1ec CMakeFiles/Cubesat_stm32.elf.dir/Drivers/STM32F4xx_HAL_Driver/Src/stm32f4xx_hal.c.obj
 .debug_frame   0x00000364      0x148 CMakeFiles/Cubesat_stm32.elf.dir/Drivers/STM32F4xx_HAL_Driver/Src/stm32f4xx_hal_cortex.c.obj
 .debug_frame   0x000004ac       0xd8 CMakeFiles/Cubesat_stm32.elf.dir/Drivers/STM32F4xx_HAL_Driver/Src/stm32f4xx_hal_gpio.c.obj
 .debug_frame   0x00000584      0x16c CMakeFiles/Cubesat_stm32.elf.dir/Drivers/STM32F4xx_HAL_Driver/Src/stm32f4xx_hal_rcc.c.obj
 .debug_frame   0x000006f0       0x2c c:/progra~2/gnuarm~1/102021~1.10/bin/../lib/gcc/arm-none-eabi/10.3.1/thumb/v7e-m/nofp\libgcc.a(_aeabi_uldivmod.o)
 .debug_frame   0x0000071c       0x34 c:/progra~2/gnuarm~1/102021~1.10/bin/../lib/gcc/arm-none-eabi/10.3.1/thumb/v7e-m/nofp\libgcc.a(_udivmoddi4.o)
 .debug_frame   0x00000750       0x2c c:/progra~2/gnuarm~1/102021~1.10/bin/../lib/gcc/arm-none-eabi/10.3.1/../../../../arm-none-eabi/lib/thumb/v7e-m/nofp\libg.a(lib_a-init.o)
 .debug_frame   0x0000077c       0x2c c:/progra~2/gnuarm~1/102021~1.10/bin/../lib/gcc/arm-none-eabi/10.3.1/../../../../arm-none-eabi/lib/thumb/v7e-m/nofp\libg.a(lib_a-memset.o)
 .debug_frame   0x000007a8       0x5c c:/progra~2/gnuarm~1/102021~1.10/bin/../lib/gcc/arm-none-eabi/10.3.1/../../../../arm-none-eabi/lib/thumb/v7e-m/nofp\libg.a(lib_a-__call_atexit.o)
 .debug_frame   0x00000804       0x20 c:/progra~2/gnuarm~1/102021~1.10/bin/../lib/gcc/arm-none-eabi/10.3.1/../../../../arm-none-eabi/lib/thumb/v7e-m/nofp\libg.a(lib_a-atexit.o)
 .debug_frame   0x00000824       0x34 c:/progra~2/gnuarm~1/102021~1.10/bin/../lib/gcc/arm-none-eabi/10.3.1/../../../../arm-none-eabi/lib/thumb/v7e-m/nofp\libg.a(lib_a-fini.o)
 .debug_frame   0x00000858       0xb0 c:/progra~2/gnuarm~1/102021~1.10/bin/../lib/gcc/arm-none-eabi/10.3.1/../../../../arm-none-eabi/lib/thumb/v7e-m/nofp\libg.a(lib_a-lock.o)
 .debug_frame   0x00000908       0x34 c:/progra~2/gnuarm~1/102021~1.10/bin/../lib/gcc/arm-none-eabi/10.3.1/../../../../arm-none-eabi/lib/thumb/v7e-m/nofp\libg.a(lib_a-__atexit.o)

.debug_loc      0x00000000     0x1489
 .debug_loc     0x00000000      0x158 CMakeFiles/Cubesat_stm32.elf.dir/Core/Src/system_stm32f4xx.c.obj
 .debug_loc     0x00000158      0x141 CMakeFiles/Cubesat_stm32.elf.dir/Drivers/STM32F4xx_HAL_Driver/Src/stm32f4xx_hal.c.obj
 .debug_loc     0x00000299      0x744 CMakeFiles/Cubesat_stm32.elf.dir/Drivers/STM32F4xx_HAL_Driver/Src/stm32f4xx_hal_cortex.c.obj
 .debug_loc     0x000009dd      0x520 CMakeFiles/Cubesat_stm32.elf.dir/Drivers/STM32F4xx_HAL_Driver/Src/stm32f4xx_hal_gpio.c.obj
 .debug_loc     0x00000efd      0x58c CMakeFiles/Cubesat_stm32.elf.dir/Drivers/STM32F4xx_HAL_Driver/Src/stm32f4xx_hal_rcc.c.obj
