Archive member included to satisfy reference by file (symbol)

c:/progra~2/gnuarm~1/102021~1.10/bin/../lib/gcc/arm-none-eabi/10.3.1/thumb/v7e-m/nofp\libgcc.a(_aeabi_uldivmod.o)
                              CMakeFiles/Cubesat_stm32.elf.dir/Drivers/STM32F4xx_HAL_Driver/Src/stm32f4xx_hal_rcc.c.obj (__aeabi_uldivmod)
c:/progra~2/gnuarm~1/102021~1.10/bin/../lib/gcc/arm-none-eabi/10.3.1/thumb/v7e-m/nofp\libgcc.a(_udivmoddi4.o)
                              c:/progra~2/gnuarm~1/102021~1.10/bin/../lib/gcc/arm-none-eabi/10.3.1/thumb/v7e-m/nofp\libgcc.a(_aeabi_uldivmod.o) (__udivmoddi4)
c:/progra~2/gnuarm~1/102021~1.10/bin/../lib/gcc/arm-none-eabi/10.3.1/thumb/v7e-m/nofp\libgcc.a(_dvmd_tls.o)
                              c:/progra~2/gnuarm~1/102021~1.10/bin/../lib/gcc/arm-none-eabi/10.3.1/thumb/v7e-m/nofp\libgcc.a(_aeabi_uldivmod.o) (__aeabi_ldiv0)
c:/progra~2/gnuarm~1/102021~1.10/bin/../lib/gcc/arm-none-eabi/10.3.1/../../../../arm-none-eabi/lib/thumb/v7e-m/nofp\libg.a(lib_a-errno.o)
                              CMakeFiles/Cubesat_stm32.elf.dir/Core/Src/syscalls.c.obj (__errno)
c:/progra~2/gnuarm~1/102021~1.10/bin/../lib/gcc/arm-none-eabi/10.3.1/../../../../arm-none-eabi/lib/thumb/v7e-m/nofp\libg.a(lib_a-exit.o)
                              c:/progra~2/gnuarm~1/102021~1.10/bin/../lib/gcc/arm-none-eabi/10.3.1/../../../../arm-none-eabi/lib/thumb/v7e-m/nofp/crt0.o (exit)
c:/progra~2/gnuarm~1/102021~1.10/bin/../lib/gcc/arm-none-eabi/10.3.1/../../../../arm-none-eabi/lib/thumb/v7e-m/nofp\libg.a(lib_a-impure.o)
                              c:/progra~2/gnuarm~1/102021~1.10/bin/../lib/gcc/arm-none-eabi/10.3.1/../../../../arm-none-eabi/lib/thumb/v7e-m/nofp\libg.a(lib_a-exit.o) (_global_impure_ptr)
c:/progra~2/gnuarm~1/102021~1.10/bin/../lib/gcc/arm-none-eabi/10.3.1/../../../../arm-none-eabi/lib/thumb/v7e-m/nofp\libg.a(lib_a-init.o)
                              c:/progra~2/gnuarm~1/102021~1.10/bin/../lib/gcc/arm-none-eabi/10.3.1/../../../../arm-none-eabi/lib/thumb/v7e-m/nofp/crt0.o (__libc_init_array)
c:/progra~2/gnuarm~1/102021~1.10/bin/../lib/gcc/arm-none-eabi/10.3.1/../../../../arm-none-eabi/lib/thumb/v7e-m/nofp\libg.a(lib_a-memset.o)
                              c:/progra~2/gnuarm~1/102021~1.10/bin/../lib/gcc/arm-none-eabi/10.3.1/../../../../arm-none-eabi/lib/thumb/v7e-m/nofp/crt0.o (memset)
c:/progra~2/gnuarm~1/102021~1.10/bin/../lib/gcc/arm-none-eabi/10.3.1/../../../../arm-none-eabi/lib/thumb/v7e-m/nofp\libg.a(lib_a-__call_atexit.o)
                              c:/progra~2/gnuarm~1/102021~1.10/bin/../lib/gcc/arm-none-eabi/10.3.1/../../../../arm-none-eabi/lib/thumb/v7e-m/nofp\libg.a(lib_a-exit.o) (__call_exitprocs)
c:/progra~2/gnuarm~1/102021~1.10/bin/../lib/gcc/arm-none-eabi/10.3.1/../../../../arm-none-eabi/lib/thumb/v7e-m/nofp\libg.a(lib_a-atexit.o)
                              c:/progra~2/gnuarm~1/102021~1.10/bin/../lib/gcc/arm-none-eabi/10.3.1/../../../../arm-none-eabi/lib/thumb/v7e-m/nofp\libg.a(lib_a-__call_atexit.o) (atexit)
c:/progra~2/gnuarm~1/102021~1.10/bin/../lib/gcc/arm-none-eabi/10.3.1/../../../../arm-none-eabi/lib/thumb/v7e-m/nofp\libg.a(lib_a-fini.o)
                              c:/progra~2/gnuarm~1/102021~1.10/bin/../lib/gcc/arm-none-eabi/10.3.1/../../../../arm-none-eabi/lib/thumb/v7e-m/nofp\libg.a(lib_a-__call_atexit.o) (__libc_fini_array)
c:/progra~2/gnuarm~1/102021~1.10/bin/../lib/gcc/arm-none-eabi/10.3.1/../../../../arm-none-eabi/lib/thumb/v7e-m/nofp\libg.a(lib_a-lock.o)
                              c:/progra~2/gnuarm~1/102021~1.10/bin/../lib/gcc/arm-none-eabi/10.3.1/../../../../arm-none-eabi/lib/thumb/v7e-m/nofp\libg.a(lib_a-__call_atexit.o) (__retarget_lock_acquire_recursive)
c:/progra~2/gnuarm~1/102021~1.10/bin/../lib/gcc/arm-none-eabi/10.3.1/../../../../arm-none-eabi/lib/thumb/v7e-m/nofp\libg.a(lib_a-__atexit.o)
                              c:/progra~2/gnuarm~1/102021~1.10/bin/../lib/gcc/arm-none-eabi/10.3.1/../../../../arm-none-eabi/lib/thumb/v7e-m/nofp\libg.a(lib_a-atexit.o) (__register_exitproc)

Discarded input sections

 .text          0x00000000        0x0 c:/progra~2/gnuarm~1/102021~1.10/bin/../lib/gcc/arm-none-eabi/10.3.1/thumb/v7e-m/nofp/crti.o
 .data          0x00000000        0x0 c:/progra~2/gnuarm~1/102021~1.10/bin/../lib/gcc/arm-none-eabi/10.3.1/thumb/v7e-m/nofp/crti.o
 .bss           0x00000000        0x0 c:/progra~2/gnuarm~1/102021~1.10/bin/../lib/gcc/arm-none-eabi/10.3.1/thumb/v7e-m/nofp/crti.o
 .data          0x00000000        0x4 c:/progra~2/gnuarm~1/102021~1.10/bin/../lib/gcc/arm-none-eabi/10.3.1/thumb/v7e-m/nofp/crtbegin.o
 .rodata        0x00000000       0x24 c:/progra~2/gnuarm~1/102021~1.10/bin/../lib/gcc/arm-none-eabi/10.3.1/thumb/v7e-m/nofp/crtbegin.o
 .text          0x00000000       0x7c c:/progra~2/gnuarm~1/102021~1.10/bin/../lib/gcc/arm-none-eabi/10.3.1/../../../../arm-none-eabi/lib/thumb/v7e-m/nofp/crt0.o
[...]
Memory Configuration

Name             Origin             Length             Attributes
RAM              0x20000000         0x00020000         xrw
FLASH            0x08000000         0x00080000         xr
*default*        0x00000000         0xffffffff

Linker script and memory map

LOAD c:/progra~2/gnuarm~1/102021~1.10/bin/../lib/gcc/arm-none-eabi/10.3.1/thumb/v7e-m/nofp/crti.o
LOAD c:/progra~2/gnuarm~1/102021~1.10/bin/../lib/gcc/arm-none-eabi/10.3.1/thumb/v7e-m/nofp/crtbegin.o
LOAD c:/progra~2/gnuarm~1/102021~1.10/bin/../lib/gcc/arm-none-eabi/10.3.1/../../../../arm-none-eabi/lib/thumb/v7e-m/nofp/crt0.o
LOAD CMakeFiles/Cubesat_stm32.elf.dir/Core/Src/main.c.obj
LOAD CMakeFiles/Cubesat_stm32.elf.dir/Core/Src/stm32f4xx_hal_msp.c.obj
LOAD CMakeFiles/Cubesat_stm32.elf.dir/Core/Src/stm32f4xx_it.c.obj
LOAD CMakeFiles/Cubesat_stm32.elf.dir/Core/Src/syscalls.c.obj
LOAD CMakeFiles/Cubesat_stm32.elf.dir/Core/Src/sysmem.c.obj
LOAD CMakeFiles/Cubesat_stm32.elf.dir/Core/Src/system_stm32f4xx.c.obj
LOAD CMakeFiles/Cubesat_stm32.elf.dir/Core/Startup/startup_stm32f411vetx.s.obj
LOAD CMakeFiles/Cubesat_stm32.elf.dir/Drivers/STM32F4xx_HAL_Driver/Src/stm32f4xx_hal.c.obj
LOAD CMakeFiles/Cubesat_stm32.elf.dir/Drivers/STM32F4xx_HAL_Driver/Src/stm32f4xx_hal_cortex.c.obj
LOAD CMakeFiles/Cubesat_stm32.elf.dir/Drivers/STM32F4xx_HAL_Driver/Src/stm32f4xx_hal_dma.c.obj
LOAD CMakeFiles/Cubesat_stm32.elf.dir/Drivers/STM32F4xx_HAL_Driver/Src/stm32f4xx_hal_dma_ex.c.obj
LOAD CMakeFiles/Cubesat_stm32.elf.dir/Drivers/STM32F4xx_HAL_Driver/Src/stm32f4xx_hal_exti.c.obj
LOAD CMakeFiles/Cubesat_stm32.elf.dir/Drivers/STM32F4xx_HAL_Driver/Src/stm32f4xx_hal_flash.c.obj
LOAD CMakeFiles/Cubesat_stm32.elf.dir/Drivers/STM32F4xx_HAL_Driver/Src/stm32f4xx_hal_flash_ex.c.obj
LOAD CMakeFiles/Cubesat_stm32.elf.dir/Drivers/STM32F4xx_HAL_Driver/Src/stm32f4xx_hal_flash_ramfunc.c.obj
LOAD CMakeFiles/Cubesat_stm32.elf.dir/Drivers/STM32F4xx_HAL_Driver/Src/stm32f4xx_hal_gpio.c.obj
LOAD CMakeFiles/Cubesat_stm32.elf.dir/Drivers/STM32F4xx_HAL_Driver/Src/stm32f4xx_hal_pwr.c.obj
LOAD CMakeFiles/Cubesat_stm32.elf.dir/Drivers/STM32F4xx_HAL_Driver/Src/stm32f4xx_hal_pwr_ex.c.obj
LOAD CMakeFiles/Cubesat_stm32.elf.dir/Drivers/STM32F4xx_HAL_Driver/Src/stm32f4xx_hal_rcc.c.obj
LOAD CMakeFiles/Cubesat_stm32.elf.dir/Drivers/STM32F4xx_HAL_Driver/Src/stm32f4xx_hal_rcc_ex.c.obj
LOAD CMakeFiles/Cubesat_stm32.elf.dir/Drivers/STM32F4xx_HAL_Driver/Src/stm32f4xx_hal_tim.c.obj
LOAD CMakeFiles/Cubesat_stm32.elf.dir/Drivers/STM32F4xx_HAL_Driver/Src/stm32f4xx_hal_tim_ex.c.obj
LOAD CMakeFiles/Cubesat_stm32.elf.dir/Drivers/STM32F4xx_HAL_Driver/Src/stm32f4xx_hal_uart.c.obj
START GROUP
LOAD c:/progra~2/gnuarm~1/102021~1.10/bin/../lib/gcc/arm-none-eabi/10.3.1/thumb/v7e-m/nofp\libgcc.a
LOAD c:/progra~2/gnuarm~1/102021~1.10/bin/../lib/gcc/arm-none-eabi/10.3.1/../../../../arm-none-eabi/lib/thumb/v7e-m/nofp\libg.a
LOAD c:/progra~2/gnuarm~1/102021~1.10/bin/../lib/gcc/arm-none-eabi/10.3.1/../../../../arm-none-eabi/lib/thumb/v7e-m/nofp\libc.a
END GROUP
LOAD c:/progra~2/gnuarm~1/102021~1.10/bin/../lib/gcc/arm-none-eabi/10.3.1/thumb/v7e-m/nofp/crtend.o
LOAD c:/progra~2/gnuarm~1/102021~1.10/bin/../lib/gcc/arm-none-eabi/10.3.1/thumb/v7e-m/nofp/crtn.o
                0x20020000                _estack = (ORIGIN (RAM) + LENGTH (RAM))
                0x00000200                _Min_Heap_Size = 0x200
                0x00000400                _Min_Stack_Size = 0x400

.isr_vector     0x08000000      0x198
                0x08000000                . = ALIGN (0x4)
 *(.isr_vector)
 .isr_vector    0x08000000      0x198 CMakeFiles/Cubesat_stm32.elf.dir/Core/Startup/startup_stm32f411vetx.s.obj
                0x08000000                g_pfnVectors
                0x08000198                . = ALIGN (0x4)

.text           0x08000198     0x1524
                0x08000198                . = ALIGN (0x4)
 *(.text)
 .text          0x08000198       0x40 c:/progra~2/gnuarm~1/102021~1.10/bin/../lib/gcc/arm-none-eabi/10.3.1/thumb/v7e-m/nofp/crtbegin.o
 .text          0x080001d8       0x30 c:/progra~2/gnuarm~1/102021~1.10/bin/../lib/gcc/arm-none-eabi/10.3.1/thumb/v7e-m/nofp\libgcc.a(_aeabi_uldivmod.o)
                0x080001d8                __aeabi_uldivmod
 .text          0x08000208      0x2d0 c:/progra~2/gnuarm~1/102021~1.10/bin/../lib/gcc/arm-none-eabi/10.3.1/thumb/v7e-m/nofp\libgcc.a(_udivmoddi4.o)
                0x08000208                __udivmoddi4
 .text          0x080004d8        0x4 c:/progra~2/gnuarm~1/102021~1.10/bin/../lib/gcc/arm-none-eabi/10.3.1/thumb/v7e-m/nofp\libgcc.a(_dvmd_tls.o)
                0x080004d8                __aeabi_idiv0
                0x080004d8                __aeabi_ldiv0
 *(.text*)
 .text.MX_GPIO_Init
                0x080004dc       0xa4 CMakeFiles/Cubesat_stm32.elf.dir/Core/Src/main.c.obj
 .text.Error_Handler
                0x08000580        0x4 CMakeFiles/Cubesat_stm32.elf.dir/Core/Src/main.c.obj
                0x08000580                Error_Handler
 .text.MX_USART1_UART_Init
                0x08000584       0x34 CMakeFiles/Cubesat_stm32.elf.dir/Core/Src/main.c.obj
 .text.SystemClock_Config
                0x080005b8       0xa0 CMakeFiles/Cubesat_stm32.elf.dir/Core/Src/main.c.obj
                0x080005b8                SystemClock_Config
 .text.main     0x08000658       0xbc CMakeFiles/Cubesat_stm32.elf.dir/Core/Src/main.c.obj
                0x08000658                main
 .text.HAL_MspInit
                0x08000714       0x38 CMakeFiles/Cubesat_stm32.elf.dir/Core/Src/stm32f4xx_hal_msp.c.obj
                0x08000714                HAL_MspInit
 .text.HAL_UART_MspInit
                0x0800074c       0x9c CMakeFiles/Cubesat_stm32.elf.dir/Core/Src/stm32f4xx_hal_msp.c.obj
                0x0800074c                HAL_UART_MspInit
 .text.NMI_Handler
                0x080007e8        0x2 CMakeFiles/Cubesat_stm32.elf.dir/Core/Src/stm32f4xx_it.c.obj
                0x080007e8                NMI_Handler
 .text.HardFault_Handler
                0x080007ea        0x2 CMakeFiles/Cubesat_stm32.elf.dir/Core/Src/stm32f4xx_it.c.obj
                0x080007ea                HardFault_Handler
 .text.MemManage_Handler
                0x080007ec        0x2 CMakeFiles/Cubesat_stm32.elf.dir/Core/Src/stm32f4xx_it.c.obj
                0x080007ec                MemManage_Handler
 .text.BusFault_Handler
                0x080007ee        0x2 CMakeFiles/Cubesat_stm32.elf.dir/Core/Src/stm32f4xx_it.c.obj
                0x080007ee                BusFault_Handler
 .text.UsageFault_Handler
                0x080007f0        0x2 CMakeFiles/Cubesat_stm32.elf.dir/Core/Src/stm32f4xx_it.c.obj
                0x080007f0                UsageFault_Handler
 .text.SVC_Handler
                0x080007f2        0x2 CMakeFiles/Cubesat_stm32.elf.dir/Core/Src/stm32f4xx_it.c.obj
                0x080007f2                SVC_Handler
 .text.DebugMon_Handler
                0x080007f4        0x2 CMakeFiles/Cubesat_stm32.elf.dir/Core/Src/stm32f4xx_it.c.obj
                0x080007f4                DebugMon_Handler
 .text.PendSV_Handler
                0x080007f6        0x2 CMakeFiles/Cubesat_stm32.elf.dir/Core/Src/stm32f4xx_it.c.obj
                0x080007f6                PendSV_Handler
 .text.SysTick_Handler
                0x080007f8        0x8 CMakeFiles/Cubesat_stm32.elf.dir/Core/Src/stm32f4xx_it.c.obj
                0x080007f8                SysTick_Handler
 .text.SystemInit
                0x08000800        0x2 CMakeFiles/Cubesat_stm32.elf.dir/Core/Src/system_stm32f4xx.c.obj
                0x08000800                SystemInit
 *fill*         0x08000802        0x2 
 .text.Reset_Handler
                0x08000804       0x50 CMakeFiles/Cubesat_stm32.elf.dir/Core/Startup/startup_stm32f411vetx.s.obj
                0x08000804                Reset_Handler
 .text.Default_Handler
                0x08000854        0x2 CMakeFiles/Cubesat_stm32.elf.dir/Core/Startup/startup_stm32f411vetx.s.obj
                0x08000854                RTC_Alarm_IRQHandler
                0x08000854                EXTI2_IRQHandler
                0x08000854                SPI4_IRQHandler
                0x08000854                TIM1_CC_IRQHandler
                0x08000854                DMA2_Stream5_IRQHandler
                0x08000854                DMA1_Stream5_IRQHandler
                0x08000854                PVD_IRQHandler
                0x08000854                SDIO_IRQHandler
                0x08000854                TAMP_STAMP_IRQHandler
                0x08000854                EXTI3_IRQHandler
                0x08000854                TIM1_UP_TIM10_IRQHandler
                0x08000854                I2C3_ER_IRQHandler
                0x08000854                EXTI0_IRQHandler
                0x08000854                I2C2_EV_IRQHandler
                0x08000854                DMA1_Stream2_IRQHandler
                0x08000854                FPU_IRQHandler
                0x08000854                DMA2_Stream2_IRQHandler
                0x08000854                SPI1_IRQHandler
                0x08000854                TIM1_BRK_TIM9_IRQHandler
                0x08000854                DMA2_Stream3_IRQHandler
                0x08000854                USART6_IRQHandler
                0x08000854                DMA2_Stream0_IRQHandler
                0x08000854                TIM4_IRQHandler
                0x08000854                I2C1_EV_IRQHandler
                0x08000854                DMA1_Stream6_IRQHandler
                0x08000854                DMA1_Stream1_IRQHandler
                0x08000854                TIM3_IRQHandler
                0x08000854                RCC_IRQHandler
                0x08000854                Default_Handler
                0x08000854                EXTI15_10_IRQHandler
                0x08000854                ADC_IRQHandler
                0x08000854                DMA1_Stream7_IRQHandler
                0x08000854                SPI5_IRQHandler
                0x08000854                TIM5_IRQHandler
                0x08000854                DMA2_Stream7_IRQHandler
                0x08000854                I2C3_EV_IRQHandler
                0x08000854                EXTI9_5_IRQHandler
                0x08000854                RTC_WKUP_IRQHandler
                0x08000854                SPI2_IRQHandler
                0x08000854                DMA1_Stream0_IRQHandler
                0x08000854                EXTI4_IRQHandler
                0x08000854                WWDG_IRQHandler
                0x08000854                TIM2_IRQHandler
                0x08000854                OTG_FS_WKUP_IRQHandler
                0x08000854                TIM1_TRG_COM_TIM11_IRQHandler
                0x08000854                EXTI1_IRQHandler
                0x08000854                USART2_IRQHandler
                0x08000854                I2C2_ER_IRQHandler
                0x08000854                DMA2_Stream1_IRQHandler
                0x08000854                FLASH_IRQHandler
                0x08000854                DMA2_Stream4_IRQHandler
                0x08000854                USART1_IRQHandler
                0x08000854                OTG_FS_IRQHandler
                0x08000854                SPI3_IRQHandler
                0x08000854                DMA1_Stream4_IRQHandler
                0x08000854                I2C1_ER_IRQHandler
                0x08000854                DMA2_Stream6_IRQHandler
                0x08000854                DMA1_Stream3_IRQHandler
 *fill*         0x08000856        0x2 
 .text.HAL_InitTick
                0x08000858       0x4c CMakeFiles/Cubesat_stm32.elf.dir/Drivers/STM32F4xx_HAL_Driver/Src/stm32f4xx_hal.c.obj
                0x08000858                HAL_InitTick
 .text.HAL_Init
                0x080008a4       0x34 CMakeFiles/Cubesat_stm32.elf.dir/Drivers/STM32F4xx_HAL_Driver/Src/stm32f4xx_hal.c.obj
                0x080008a4                HAL_Init
 .text.HAL_IncTick
                0x080008d8       0x18 CMakeFiles/Cubesat_stm32.elf.dir/Drivers/STM32F4xx_HAL_Driver/Src/stm32f4xx_hal.c.obj
                0x080008d8                HAL_IncTick
 .text.HAL_GetTick
                0x080008f0        0xc CMakeFiles/Cubesat_stm32.elf.dir/Drivers/STM32F4xx_HAL_Driver/Src/stm32f4xx_hal.c.obj
                0x080008f0                HAL_GetTick
 .text.HAL_Delay
                0x080008fc       0x28 CMakeFiles/Cubesat_stm32.elf.dir/Drivers/STM32F4xx_HAL_Driver/Src/stm32f4xx_hal.c.obj
                0x080008fc                HAL_Delay
 .text.HAL_NVIC_SetPriorityGrouping
                0x08000924       0x24 CMakeFiles/Cubesat_stm32.elf.dir/Drivers/STM32F4xx_HAL_Driver/Src/stm32f4xx_hal_cortex.c.obj
                0x08000924                HAL_NVIC_SetPriorityGrouping
 .text.HAL_NVIC_SetPriority
                0x08000948       0x70 CMakeFiles/Cubesat_stm32.elf.dir/Drivers/STM32F4xx_HAL_Driver/Src/stm32f4xx_hal_cortex.c.obj
                0x08000948                HAL_NVIC_SetPriority
 .text.HAL_SYSTICK_Config
                0x080009b8       0x28 CMakeFiles/Cubesat_stm32.elf.dir/Drivers/STM32F4xx_HAL_Driver/Src/stm32f4xx_hal_cortex.c.obj
                0x080009b8                HAL_SYSTICK_Config
 .text.HAL_GPIO_Init
                0x080009e0      0x1c0 CMakeFiles/Cubesat_stm32.elf.dir/Drivers/STM32F4xx_HAL_Driver/Src/stm32f4xx_hal_gpio.c.obj
                0x080009e0                HAL_GPIO_Init
 .text.HAL_GPIO_WritePin
                0x08000ba0        0xc CMakeFiles/Cubesat_stm32.elf.dir/Drivers/STM32F4xx_HAL_Driver/Src/stm32f4xx_hal_gpio.c.obj
                0x08000ba0                HAL_GPIO_WritePin
 .text.HAL_GPIO_TogglePin
                0x08000bac       0x12 CMakeFiles/Cubesat_stm32.elf.dir/Drivers/STM32F4xx_HAL_Driver/Src/stm32f4xx_hal_gpio.c.obj
                0x08000bac                HAL_GPIO_TogglePin
 *fill*         0x08000bbe        0x2 
 .text.HAL_RCC_OscConfig
                0x08000bc0      0x3f8 CMakeFiles/Cubesat_stm32.elf.dir/Drivers/STM32F4xx_HAL_Driver/Src/stm32f4xx_hal_rcc.c.obj
                0x08000bc0                HAL_RCC_OscConfig
 .text.HAL_RCC_GetSysClockFreq
                0x08000fb8       0xa4 CMakeFiles/Cubesat_stm32.elf.dir/Drivers/STM32F4xx_HAL_Driver/Src/stm32f4xx_hal_rcc.c.obj
                0x08000fb8                HAL_RCC_GetSysClockFreq
 .text.HAL_RCC_ClockConfig
                0x0800105c      0x160 CMakeFiles/Cubesat_stm32.elf.dir/Drivers/STM32F4xx_HAL_Driver/Src/stm32f4xx_hal_rcc.c.obj
                0x0800105c                HAL_RCC_ClockConfig
 .text.HAL_RCC_GetHCLKFreq
                0x080011bc        0xc CMakeFiles/Cubesat_stm32.elf.dir/Drivers/STM32F4xx_HAL_Driver/Src/stm32f4xx_hal_rcc.c.obj
                0x080011bc                HAL_RCC_GetHCLKFreq
 .text.HAL_RCC_GetPCLK1Freq
                0x080011c8       0x20 CMakeFiles/Cubesat_stm32.elf.dir/Drivers/STM32F4xx_HAL_Driver/Src/stm32f4xx_hal_rcc.c.obj
                0x080011c8                HAL_RCC_GetPCLK1Freq
 .text.HAL_RCC_GetPCLK2Freq
                0x080011e8       0x20 CMakeFiles/Cubesat_stm32.elf.dir/Drivers/STM32F4xx_HAL_Driver/Src/stm32f4xx_hal_rcc.c.obj
                0x080011e8                HAL_RCC_GetPCLK2Freq
 .text.UART_SetConfig
                0x08001208      0x110 CMakeFiles/Cubesat_stm32.elf.dir/Drivers/STM32F4xx_HAL_Driver/Src/stm32f4xx_hal_uart.c.obj
 .text.UART_WaitOnFlagUntilTimeout
                0x08001318       0x88 CMakeFiles/Cubesat_stm32.elf.dir/Drivers/STM32F4xx_HAL_Driver/Src/stm32f4xx_hal_uart.c.obj
 .text.HAL_UART_Init
                0x080013a0       0x5e CMakeFiles/Cubesat_stm32.elf.dir/Drivers/STM32F4xx_HAL_Driver/Src/stm32f4xx_hal_uart.c.obj
                0x080013a0                HAL_UART_Init
 .text.HAL_UART_Transmit
                0x080013fe       0xd8 CMakeFiles/Cubesat_stm32.elf.dir/Drivers/STM32F4xx_HAL_Driver/Src/stm32f4xx_hal_uart.c.obj
                0x080013fe                HAL_UART_Transmit
 *fill*         0x080014d6        0x2 
 .text.__libc_init_array
                0x080014d8       0x48 c:/progra~2/gnuarm~1/102021~1.10/bin/../lib/gcc/arm-none-eabi/10.3.1/../../../../arm-none-eabi/lib/thumb/v7e-m/nofp\libg.a(lib_a-init.o)
                0x080014d8                __libc_init_array
 .text.memset   0x08001520       0xa4 c:/progra~2/gnuarm~1/102021~1.10/bin/../lib/gcc/arm-none-eabi/10.3.1/../../../../arm-none-eabi/lib/thumb/v7e-m/nofp\libg.a(lib_a-memset.o)
                0x08001520                memset
 .text.startup.register_fini
                0x080015c4       0x14 c:/progra~2/gnuarm~1/102021~1.10/bin/../lib/gcc/arm-none-eabi/10.3.1/../../../../arm-none-eabi/lib/thumb/v7e-m/nofp\libg.a(lib_a-__call_atexit.o)
 .text.atexit   0x080015d8        0xc c:/progra~2/gnuarm~1/102021~1.10/bin/../lib/gcc/arm-none-eabi/10.3.1/../../../../arm-none-eabi/lib/thumb/v7e-m/nofp\libg.a(lib_a-atexit.o)
                0x080015d8                atexit
 .text.__libc_fini_array
                0x080015e4       0x2c c:/progra~2/gnuarm~1/102021~1.10/bin/../lib/gcc/arm-none-eabi/10.3.1/../../../../arm-none-eabi/lib/thumb/v7e-m/nofp\libg.a(lib_a-fini.o)
                0x080015e4                __libc_fini_array
 .text.__retarget_lock_acquire_recursive
                0x08001610        0x4 c:/progra~2/gnuarm~1/102021~1.10/bin/../lib/gcc/arm-none-eabi/10.3.1/../../../../arm-none-eabi/lib/thumb/v7e-m/nofp\libg.a(lib_a-lock.o)
                0x08001610                __retarget_lock_acquire_recursive
 .text.__retarget_lock_release_recursive
                0x08001614        0x4 c:/progra~2/gnuarm~1/102021~1.10/bin/../lib/gcc/arm-none-eabi/10.3.1/../../../../arm-none-eabi/lib/thumb/v7e-m/nofp\libg.a(lib_a-lock.o)
                0x08001614                __retarget_lock_release_recursive
 .text.__register_exitproc
                0x08001618       0x8c c:/progra~2/gnuarm~1/102021~1.10/bin/../lib/gcc/arm-none-eabi/10.3.1/../../../../arm-none-eabi/lib/thumb/v7e-m/nofp\libg.a(lib_a-__atexit.o)
                0x08001618                __register_exitproc
 *(.glue_7)
 .glue_7        0x080016a4        0x0 linker stubs
 *(.glue_7t)
 .glue_7t       0x080016a4        0x0 linker stubs
 *(.eh_frame)
 .eh_frame      0x080016a4        0x0 c:/progra~2/gnuarm~1/102021~1.10/bin/../lib/gcc/arm-none-eabi/10.3.1/thumb/v7e-m/nofp/crtbegin.o
 *(.init)
 .init          0x080016a4        0x4 c:/progra~2/gnuarm~1/102021~1.10/bin/../lib/gcc/arm-none-eabi/10.3.1/thumb/v7e-m/nofp/crti.o
                0x080016a4                _init
 .init          0x080016a8        0x8 c:/progra~2/gnuarm~1/102021~1.10/bin/../lib/gcc/arm-none-eabi/10.3.1/thumb/v7e-m/nofp/crtn.o
 *(.fini)
 .fini          0x080016b0        0x4 c:/progra~2/gnuarm~1/102021~1.10/bin/../lib/gcc/arm-none-eabi/10.3.1/thumb/v7e-m/nofp/crti.o
                0x080016b0                _fini
 .fini          0x080016b4        0x8 c:/progra~2/gnuarm~1/102021~1.10/bin/../lib/gcc/arm-none-eabi/10.3.1/thumb/v7e-m/nofp/crtn.o
                0x080016bc                . = ALIGN (0x4)
                0x080016bc                _etext = .

.vfp11_veneer   0x080016bc        0x0
 .vfp11_veneer  0x080016bc        0x0 linker stubs

.v4_bx          0x080016bc        0x0
 .v4_bx         0x080016bc        0x0 linker stubs

.iplt           0x080016bc        0x0
 .iplt          0x080016bc        0x0 c:/progra~2/gnuarm~1/102021~1.10/bin/../lib/gcc/arm-none-eabi/10.3.1/thumb/v7e-m/nofp/crtbegin.o

.rodata         0x080016bc       0x1c
                0x080016bc                . = ALIGN (0x4)
 *(.rodata)
 *(.rodata*)
 .rodata.AHBPrescTable
                0x080016bc       0x10 CMakeFiles/Cubesat_stm32.elf.dir/Core/Src/system_stm32f4xx.c.obj
                0x080016bc                AHBPrescTable
 .rodata.APBPrescTable
                0x080016cc        0x8 CMakeFiles/Cubesat_stm32.elf.dir/Core/Src/system_stm32f4xx.c.obj
                0x080016cc                APBPrescTable
 .rodata._global_impure_ptr
                0x080016d4        0x4 c:/progra~2/gnuarm~1/102021~1.10/bin/../lib/gcc/arm-none-eabi/10.3.1/../../../../arm-none-eabi/lib/thumb/v7e-m/nofp\libg.a(lib_a-impure.o)
                0x080016d4                _global_impure_ptr
                0x080016d8                . = ALIGN (0x4)

.ARM.extab      0x080016d8        0x0
                0x080016d8                . = ALIGN (0x4)
 *(.ARM.extab* .gnu.linkonce.armextab.*)
                0x080016d8                . = ALIGN (0x4)

.ARM            0x080016d8        0x8
                0x080016d8                . = ALIGN (0x4)
                0x080016d8                __exidx_start = .
 *(.ARM.exidx*)
 .ARM.exidx     0x080016d8        0x8 c:/progra~2/gnuarm~1/102021~1.10/bin/../lib/gcc/arm-none-eabi/10.3.1/thumb/v7e-m/nofp\libgcc.a(_udivmoddi4.o)
                0x080016e0                __exidx_end = .
                0x080016e0                . = ALIGN (0x4)

.rel.dyn        0x080016e0        0x0
 .rel.iplt      0x080016e0        0x0 c:/progra~2/gnuarm~1/102021~1.10/bin/../lib/gcc/arm-none-eabi/10.3.1/thumb/v7e-m/nofp/crtbegin.o

.preinit_array  0x080016e0        0x0
                0x080016e0                . = ALIGN (0x4)
                0x080016e0                PROVIDE (__preinit_array_start = .)
 *(.preinit_array*)
                0x080016e0                PROVIDE (__preinit_array_end = .)
                0x080016e0                . = ALIGN (0x4)

.init_array     0x080016e0        0x8
                0x080016e0                . = ALIGN (0x4)
                0x080016e0                PROVIDE (__init_array_start = .)
 *(SORT_BY_NAME(.init_array.*))
 .init_array.00000
                0x080016e0        0x4 c:/progra~2/gnuarm~1/102021~1.10/bin/../lib/gcc/arm-none-eabi/10.3.1/../../../../arm-none-eabi/lib/thumb/v7e-m/nofp\libg.a(lib_a-__call_atexit.o)
 *(.init_array*)
 .init_array    0x080016e4        0x4 c:/progra~2/gnuarm~1/102021~1.10/bin/../lib/gcc/arm-none-eabi/10.3.1/thumb/v7e-m/nofp/crtbegin.o
                0x080016e8                PROVIDE (__init_array_end = .)
                0x080016e8                . = ALIGN (0x4)

.fini_array     0x080016e8        0x4
                0x080016e8                . = ALIGN (0x4)
                0x080016e8                PROVIDE (__fini_array_start = .)
 *(SORT_BY_NAME(.fini_array.*))
 *(.fini_array*)
 .fini_array    0x080016e8        0x4 c:/progra~2/gnuarm~1/102021~1.10/bin/../lib/gcc/arm-none-eabi/10.3.1/thumb/v7e-m/nofp/crtbegin.o
                0x080016ec                PROVIDE (__fini_array_end = .)
                0x080016ec                . = ALIGN (0x4)
                0x080016ec                _sidata = LOADADDR (.data)

.data           0x20000000      0x43c load address 0x080016ec
                0x20000000                . = ALIGN (0x4)
                0x20000000                _sdata = .
 *(.data)
 *(.data*)
 .data.SystemCoreClock
                0x20000000        0x4 CMakeFiles/Cubesat_stm32.elf.dir/Core/Src/system_stm32f4xx.c.obj
                0x20000000                SystemCoreClock
 .data.uwTickFreq
                0x20000004        0x1 CMakeFiles/Cubesat_stm32.elf.dir/Drivers/STM32F4xx_HAL_Driver/Src/stm32f4xx_hal.c.obj
                0x20000004                uwTickFreq
 *fill*         0x20000005        0x3 
 .data.uwTickPrio
                0x20000008        0x4 CMakeFiles/Cubesat_stm32.elf.dir/Drivers/STM32F4xx_HAL_Driver/Src/stm32f4xx_hal.c.obj
                0x20000008                uwTickPrio
 *fill*         0x2000000c        0x4 
 .data.impure_data
                0x20000010      0x428 c:/progra~2/gnuarm~1/102021~1.10/bin/../lib/gcc/arm-none-eabi/10.3.1/../../../../arm-none-eabi/lib/thumb/v7e-m/nofp\libg.a(lib_a-impure.o)
 .data.__atexit_recursive_mutex
                0x20000438        0x4 c:/progra~2/gnuarm~1/102021~1.10/bin/../lib/gcc/arm-none-eabi/10.3.1/../../../../arm-none-eabi/lib/thumb/v7e-m/nofp\libg.a(lib_a-__call_atexit.o)
                0x20000438                __atexit_recursive_mutex
 *(.RamFunc)
 *(.RamFunc*)
                0x2000043c                . = ALIGN (0x4)
                0x2000043c                _edata = .

.igot.plt       0x2000043c        0x0 load address 0x08001b28
 .igot.plt      0x2000043c        0x0 c:/progra~2/gnuarm~1/102021~1.10/bin/../lib/gcc/arm-none-eabi/10.3.1/thumb/v7e-m/nofp/crtbegin.o
                0x2000043c                . = ALIGN (0x4)

.bss            0x2000043c       0x68 load address 0x08001b28
                0x2000043c                _sbss = .
                0x2000043c                __bss_start__ = _sbss
 *(.bss)
 .bss           0x2000043c       0x1c c:/progra~2/gnuarm~1/102021~1.10/bin/../lib/gcc/arm-none-eabi/10.3.1/thumb/v7e-m/nofp/crtbegin.o
 *(.bss*)
 .bss.huart1    0x20000458       0x44 CMakeFiles/Cubesat_stm32.elf.dir/Core/Src/main.c.obj
                0x20000458                huart1
 .bss.uwTick    0x2000049c        0x4 CMakeFiles/Cubesat_stm32.elf.dir/Drivers/STM32F4xx_HAL_Driver/Src/stm32f4xx_hal.c.obj
                0x2000049c                uwTick
 .bss.__lock___atexit_recursive_mutex
                0x200004a0        0x1 c:/progra~2/gnuarm~1/102021~1.10/bin/../lib/gcc/arm-none-eabi/10.3.1/../../../../arm-none-eabi/lib/thumb/v7e-m/nofp\libg.a(lib_a-lock.o)
                0x200004a0                __lock___atexit_recursive_mutex
 *(COMMON)
                0x200004a4                . = ALIGN (0x4)
 *fill*         0x200004a1        0x3 
                0x200004a4                _ebss = .
                0x200004a4                __bss_end__ = _ebss

._user_heap_stack
                0x200004a4      0x604 load address 0x08001b28
                0x200004a8                . = ALIGN (0x8)
 *fill*         0x200004a4        0x4 
                [!provide]                PROVIDE (end = .)
                0x200004a8                PROVIDE (_end = .)
                0x200006a8                . = (. + _Min_Heap_Size)
 *fill*         0x200004a8      0x200 
                0x20000aa8                . = (. + _Min_Stack_Size)
 *fill*         0x200006a8      0x400 
                0x20000aa8                . = ALIGN (0x8)

/DISCARD/
 libc.a(*)
 libm.a(*)
 libgcc.a(*)

.ARM.attributes
                0x00000000       0x2a
 *(.ARM.attributes)
 .ARM.attributes
                0x00000000       0x1e c:/progra~2/gnuarm~1/102021~1.10/bin/../lib/gcc/arm-none-eabi/10.3.1/thumb/v7e-m/nofp/crti.o
 .ARM.attributes
                0x0000001e       0x2e c:/progra~2/gnuarm~1/102021~1.10/bin/../lib/gcc/arm-none-eabi/10.3.1/thumb/v7e-m/nofp/crtbegin.o
 .ARM.attributes
                0x0000004c       0x2e CMakeFiles/Cubesat_stm32.elf.dir/Core/Src/main.c.obj
 .ARM.attributes
                0x0000007a       0x2e CMakeFiles/Cubesat_stm32.elf.dir/Core/Src/stm32f4xx_hal_msp.c.obj
 .ARM.attributes
                0x000000a8       0x2e CMakeFiles/Cubesat_stm32.elf.dir/Core/Src/stm32f4xx_it.c.obj
 .ARM.attributes
                0x000000d6       0x2e CMakeFiles/Cubesat_stm32.elf.dir/Core/Src/system_stm32f4xx.c.obj
 .ARM.attributes
                0x00000104       0x21 CMakeFiles/Cubesat_stm32.elf.dir/Core/Startup/startup_stm32f411vetx.s.obj
 .ARM.attributes
                0x00000125       0x2e CMakeFiles/Cubesat_stm32.elf.dir/Drivers/STM32F4xx_HAL_Driver/Src/stm32f4xx_hal.c.obj
 .ARM.attributes
                0x00000153       0x2e CMakeFiles/Cubesat_stm32.elf.dir/Drivers/STM32F4xx_HAL_Driver/Src/stm32f4xx_hal_cortex.c.obj
 .ARM.attributes
                0x00000181       0x2e CMakeFiles/Cubesat_stm32.elf.dir/Drivers/STM32F4xx_HAL_Driver/Src/stm32f4xx_hal_gpio.c.obj
 .ARM.attributes
                0x000001af       0x2e CMakeFiles/Cubesat_stm32.elf.dir/Drivers/STM32F4xx_HAL_Driver/Src/stm32f4xx_hal_rcc.c.obj
 .ARM.attributes
                0x000001dd       0x2e CMakeFiles/Cubesat_stm32.elf.dir/Drivers/STM32F4xx_HAL_Driver/Src/stm32f4xx_hal_uart.c.obj
 .ARM.attributes
                0x0000020b       0x1e c:/progra~2/gnuarm~1/102021~1.10/bin/../lib/gcc/arm-none-eabi/10.3.1/thumb/v7e-m/nofp\libgcc.a(_aeabi_uldivmod.o)
 .ARM.attributes
                0x00000229       0x2e c:/progra~2/gnuarm~1/102021~1.10/bin/../lib/gcc/arm-none-eabi/10.3.1/thumb/v7e-m/nofp\libgcc.a(_udivmoddi4.o)
 .ARM.attributes
                0x00000257       0x1e c:/progra~2/gnuarm~1/102021~1.10/bin/../lib/gcc/arm-none-eabi/10.3.1/thumb/v7e-m/nofp\libgcc.a(_dvmd_tls.o)
 .ARM.attributes
                0x00000275       0x2e c:/progra~2/gnuarm~1/102021~1.10/bin/../lib/gcc/arm-none-eabi/10.3.1/../../../../arm-none-eabi/lib/thumb/v7e-m/nofp\libg.a(lib_a-impure.o)
 .ARM.attributes
                0x000002a3       0x2e c:/progra~2/gnuarm~1/102021~1.10/bin/../lib/gcc/arm-none-eabi/10.3.1/../../../../arm-none-eabi/lib/thumb/v7e-m/nofp\libg.a(lib_a-init.o)
 .ARM.attributes
                0x000002d1       0x2e c:/progra~2/gnuarm~1/102021~1.10/bin/../lib/gcc/arm-none-eabi/10.3.1/../../../../arm-none-eabi/lib/thumb/v7e-m/nofp\libg.a(lib_a-memset.o)
 .ARM.attributes
                0x000002ff       0x2e c:/progra~2/gnuarm~1/102021~1.10/bin/../lib/gcc/arm-none-eabi/10.3.1/../../../../arm-none-eabi/lib/thumb/v7e-m/nofp\libg.a(lib_a-__call_atexit.o)
 .ARM.attributes
                0x0000032d       0x2e c:/progra~2/gnuarm~1/102021~1.10/bin/../lib/gcc/arm-none-eabi/10.3.1/../../../../arm-none-eabi/lib/thumb/v7e-m/nofp\libg.a(lib_a-atexit.o)
 .ARM.attributes
                0x0000035b       0x2e c:/progra~2/gnuarm~1/102021~1.10/bin/../lib/gcc/arm-none-eabi/10.3.1/../../../../arm-none-eabi/lib/thumb/v7e-m/nofp\libg.a(lib_a-fini.o)
 .ARM.attributes
                0x00000389       0x2e c:/progra~2/gnuarm~1/102021~1.10/bin/../lib/gcc/arm-none-eabi/10.3.1/../../../../arm-none-eabi/lib/thumb/v7e-m/nofp\libg.a(lib_a-lock.o)
 .ARM.attributes
                0x000003b7       0x2e c:/progra~2/gnuarm~1/102021~1.10/bin/../lib/gcc/arm-none-eabi/10.3.1/../../../../arm-none-eabi/lib/thumb/v7e-m/nofp\libg.a(lib_a-__atexit.o)
 .ARM.attributes
                0x000003e5       0x1e c:/progra~2/gnuarm~1/102021~1.10/bin/../lib/gcc/arm-none-eabi/10.3.1/thumb/v7e-m/nofp/crtn.o
OUTPUT(Cubesat_stm32.elf elf32-littlearm)
LOAD linker stubs
LOAD c:/progra~2/gnuarm~1/102021~1.10/bin/../lib/gcc/arm-none-eabi/10.3.1/../../../../arm-none-eabi/lib/thumb/v7e-m/nofp\libc.a
LOAD c:/progra~2/gnuarm~1/102021~1.10/bin/../lib/gcc/arm-none-eabi/10.3.1/../../../../arm-none-eabi/lib/thumb/v7e-m/nofp\libm.a
LOAD c:/progra~2/gnuarm~1/102021~1.10/bin/../lib/gcc/arm-none-eabi/10.3.1/thumb/v7e-m/nofp\libgcc.a

.debug_info     0x00000000     0x8c09
 .debug_info    0x00000000      0xe3d CMakeFiles/Cubesat_stm32.elf.dir/Core/Src/main.c.obj
 .debug_info    0x00000e3d      0xa05 CMakeFiles/Cubesat_stm32.elf.dir/Core/Src/stm32f4xx_hal_msp.c.obj
 .debug_info    0x00001842      0x12f CMakeFiles/Cubesat_stm32.elf.dir/Core/Src/stm32f4xx_it.c.obj
 .debug_info    0x00001971      0x3a9 CMakeFiles/Cubesat_stm32.elf.dir/Core/Src/system_stm32f4xx.c.obj
 .debug_info    0x00001d1a       0x22 CMakeFiles/Cubesat_stm32.elf.dir/Core/Startup/startup_stm32f411vetx.s.obj
 .debug_info    0x00001d3c      0x981 CMakeFiles/Cubesat_stm32.elf.dir/Drivers/STM32F4xx_HAL_Driver/Src/stm32f4xx_hal.c.obj
 .debug_info    0x000026bd     0x1008 CMakeFiles/Cubesat_stm32.elf.dir/Drivers/STM32F4xx_HAL_Driver/Src/stm32f4xx_hal_cortex.c.obj
 .debug_info    0x000036c5      0x7d4 CMakeFiles/Cubesat_stm32.elf.dir/Drivers/STM32F4xx_HAL_Driver/Src/stm32f4xx_hal_gpio.c.obj
 .debug_info    0x00003e99      0xb2a CMakeFiles/Cubesat_stm32.elf.dir/Drivers/STM32F4xx_HAL_Driver/Src/stm32f4xx_hal_rcc.c.obj
 .debug_info    0x000049c3     0x4246 CMakeFiles/Cubesat_stm32.elf.dir/Drivers/STM32F4xx_HAL_Driver/Src/stm32f4xx_hal_uart.c.obj

.debug_abbrev   0x00000000     0x129b
 .debug_abbrev  0x00000000      0x227 CMakeFiles/Cubesat_stm32.elf.dir/Core/Src/main.c.obj
 .debug_abbrev  0x00000227      0x1a3 CMakeFiles/Cubesat_stm32.elf.dir/Core/Src/stm32f4xx_hal_msp.c.obj
 .debug_abbrev  0x000003ca       0x7e CMakeFiles/Cubesat_stm32.elf.dir/Core/Src/stm32f4xx_it.c.obj
 .debug_abbrev  0x00000448      0x119 CMakeFiles/Cubesat_stm32.elf.dir/Core/Src/system_stm32f4xx.c.obj
 .debug_abbrev  0x00000561       0x12 CMakeFiles/Cubesat_stm32.elf.dir/Core/Startup/startup_stm32f411vetx.s.obj
 .debug_abbrev  0x00000573      0x237 CMakeFiles/Cubesat_stm32.elf.dir/Drivers/STM32F4xx_HAL_Driver/Src/stm32f4xx_hal.c.obj
 .debug_abbrev  0x000007aa      0x36a CMakeFiles/Cubesat_stm32.elf.dir/Drivers/STM32F4xx_HAL_Driver/Src/stm32f4xx_hal_cortex.c.obj
 .debug_abbrev  0x00000b14      0x1ef CMakeFiles/Cubesat_stm32.elf.dir/Drivers/STM32F4xx_HAL_Driver/Src/stm32f4xx_hal_gpio.c.obj
 .debug_abbrev  0x00000d03      0x28a CMakeFiles/Cubesat_stm32.elf.dir/Drivers/STM32F4xx_HAL_Driver/Src/stm32f4xx_hal_rcc.c.obj
 .debug_abbrev  0x00000f8d      0x30e CMakeFiles/Cubesat_stm32.elf.dir/Drivers/STM32F4xx_HAL_Driver/Src/stm32f4xx_hal_uart.c.obj

.debug_aranges  0x00000000      0x598
 .debug_aranges
                0x00000000       0x40 CMakeFiles/Cubesat_stm32.elf.dir/Core/Src/main.c.obj
 .debug_aranges
                0x00000040       0x30 CMakeFiles/Cubesat_stm32.elf.dir/Core/Src/stm32f4xx_hal_msp.c.obj
 .debug_aranges
                0x00000070       0x60 CMakeFiles/Cubesat_stm32.elf.dir/Core/Src/stm32f4xx_it.c.obj
 .debug_aranges
                0x000000d0       0x28 CMakeFiles/Cubesat_stm32.elf.dir/Core/Src/system_stm32f4xx.c.obj
 .debug_aranges
                0x000000f8       0x28 CMakeFiles/Cubesat_stm32.elf.dir/Core/Startup/startup_stm32f411vetx.s.obj
 .debug_aranges
                0x00000120       0xf0 CMakeFiles/Cubesat_stm32.elf.dir/Drivers/STM32F4xx_HAL_Driver/Src/stm32f4xx_hal.c.obj
 .debug_aranges
                0x00000210       0xa8 CMakeFiles/Cubesat_stm32.elf.dir/Drivers/STM32F4xx_HAL_Driver/Src/stm32f4xx_hal_cortex.c.obj
 .debug_aranges
                0x000002b8       0x58 CMakeFiles/Cubesat_stm32.elf.dir/Drivers/STM32F4xx_HAL_Driver/Src/stm32f4xx_hal_gpio.c.obj
 .debug_aranges
                0x00000310       0x88 CMakeFiles/Cubesat_stm32.elf.dir/Drivers/STM32F4xx_HAL_Driver/Src/stm32f4xx_hal_rcc.c.obj
 .debug_aranges
                0x00000398      0x200 CMakeFiles/Cubesat_stm32.elf.dir/Drivers/STM32F4xx_HAL_Driver/Src/stm32f4xx_hal_uart.c.obj

.debug_ranges   0x00000000      0x590
 .debug_ranges  0x00000000       0x30 CMakeFiles/Cubesat_stm32.elf.dir/Core/Src/main.c.obj
 .debug_ranges  0x00000030       0x20 CMakeFiles/Cubesat_stm32.elf.dir/Core/Src/stm32f4xx_hal_msp.c.obj
 .debug_ranges  0x00000050       0x50 CMakeFiles/Cubesat_stm32.elf.dir/Core/Src/stm32f4xx_it.c.obj
 .debug_ranges  0x000000a0       0x18 CMakeFiles/Cubesat_stm32.elf.dir/Core/Src/system_stm32f4xx.c.obj
 .debug_ranges  0x000000b8       0x20 CMakeFiles/Cubesat_stm32.elf.dir/Core/Startup/startup_stm32f411vetx.s.obj
 .debug_ranges  0x000000d8       0xe0 CMakeFiles/Cubesat_stm32.elf.dir/Drivers/STM32F4xx_HAL_Driver/Src/stm32f4xx_hal.c.obj
 .debug_ranges  0x000001b8       0xf8 CMakeFiles/Cubesat_stm32.elf.dir/Drivers/STM32F4xx_HAL_Driver/Src/stm32f4xx_hal_cortex.c.obj
 .debug_ranges  0x000002b0       0x48 CMakeFiles/Cubesat_stm32.elf.dir/Drivers/STM32F4xx_HAL_Driver/Src/stm32f4xx_hal_gpio.c.obj
 .debug_ranges  0x000002f8       0x90 CMakeFiles/Cubesat_stm32.elf.dir/Drivers/STM32F4xx_HAL_Driver/Src/stm32f4xx_hal_rcc.c.obj
 .debug_ranges  0x00000388      0x208 CMakeFiles/Cubesat_stm32.elf.dir/Drivers/STM32F4xx_HAL_Driver/Src/stm32f4xx_hal_uart.c.obj

.debug_line     0x00000000     0x7261
 .debug_line    0x00000000      0x4da CMakeFiles/Cubesat_stm32.elf.dir/Core/Src/main.c.obj
 .debug_line    0x000004da      0x2da CMakeFiles/Cubesat_stm32.elf.dir/Core/Src/stm32f4xx_hal_msp.c.obj
 .debug_line    0x000007b4      0x1b5 CMakeFiles/Cubesat_stm32.elf.dir/Core/Src/stm32f4xx_it.c.obj
 .debug_line    0x00000969      0x23d CMakeFiles/Cubesat_stm32.elf.dir/Core/Src/system_stm32f4xx.c.obj
 .debug_line    0x00000ba6       0xa4 CMakeFiles/Cubesat_stm32.elf.dir/Core/Startup/startup_stm32f411vetx.s.obj
 .debug_line    0x00000c4a      0x5bd CMakeFiles/Cubesat_stm32.elf.dir/Drivers/STM32F4xx_HAL_Driver/Src/stm32f4xx_hal.c.obj
 .debug_line    0x00001207      0x7d0 CMakeFiles/Cubesat_stm32.elf.dir/Drivers/STM32F4xx_HAL_Driver/Src/stm32f4xx_hal_cortex.c.obj
 .debug_line    0x000019d7      0x6fc CMakeFiles/Cubesat_stm32.elf.dir/Drivers/STM32F4xx_HAL_Driver/Src/stm32f4xx_hal_gpio.c.obj
 .debug_line    0x000020d3      0xb48 CMakeFiles/Cubesat_stm32.elf.dir/Drivers/STM32F4xx_HAL_Driver/Src/stm32f4xx_hal_rcc.c.obj
 .debug_line    0x00002c1b     0x4646 CMakeFiles/Cubesat_stm32.elf.dir/Drivers/STM32F4xx_HAL_Driver/Src/stm32f4xx_hal_uart.c.obj

.debug_str      0x00000000     0x20d9
 .debug_str     0x00000000      0x959 CMakeFiles/Cubesat_stm32.elf.dir/Core/Src/main.c.obj
                                0x9f6 (size before relaxing)
 .debug_str     0x00000959       0x82 CMakeFiles/Cubesat_stm32.elf.dir/Core/Src/stm32f4xx_hal_msp.c.obj
                                0x7ee (size before relaxing)
 .debug_str     0x000009db       0xd3 CMakeFiles/Cubesat_stm32.elf.dir/Core/Src/stm32f4xx_it.c.obj
                                0x259 (size before relaxing)
 .debug_str     0x00000aae       0xa3 CMakeFiles/Cubesat_stm32.elf.dir/Core/Src/system_stm32f4xx.c.obj
                                0x35d (size before relaxing)
 .debug_str     0x00000b51       0x52 CMakeFiles/Cubesat_stm32.elf.dir/Core/Startup/startup_stm32f411vetx.s.obj
                                 0x83 (size before relaxing)
 .debug_str     0x00000ba3      0x71e CMakeFiles/Cubesat_stm32.elf.dir/Drivers/STM32F4xx_HAL_Driver/Src/stm32f4xx_hal.c.obj
                                0xa3e (size before relaxing)
 .debug_str     0x000012c1      0x4ce CMakeFiles/Cubesat_stm32.elf.dir/Drivers/STM32F4xx_HAL_Driver/Src/stm32f4xx_hal_cortex.c.obj
                                0xafe (size before relaxing)
 .debug_str     0x0000178f      0x131 CMakeFiles/Cubesat_stm32.elf.dir/Drivers/STM32F4xx_HAL_Driver/Src/stm32f4xx_hal_gpio.c.obj
                                0x51c (size before relaxing)
 .debug_str     0x000018c0      0x1c0 CMakeFiles/Cubesat_stm32.elf.dir/Drivers/STM32F4xx_HAL_Driver/Src/stm32f4xx_hal_rcc.c.obj
                                0x742 (size before relaxing)
 .debug_str     0x00001a80      0x659 CMakeFiles/Cubesat_stm32.elf.dir/Drivers/STM32F4xx_HAL_Driver/Src/stm32f4xx_hal_uart.c.obj
                                0xd83 (size before relaxing)

.comment        0x00000000       0x49
 .comment       0x00000000       0x49 CMakeFiles/Cubesat_stm32.elf.dir/Core/Src/main.c.obj
                                 0x4a (size before relaxing)
 .comment       0x00000049       0x4a CMakeFiles/Cubesat_stm32.elf.dir/Core/Src/stm32f4xx_hal_msp.c.obj
 .comment       0x00000049       0x4a CMakeFiles/Cubesat_stm32.elf.dir/Core/Src/stm32f4xx_it.c.obj
 .comment       0x00000049       0x4a CMakeFiles/Cubesat_stm32.elf.dir/Core/Src/system_stm32f4xx.c.obj
 .comment       0x00000049       0x4a CMakeFiles/Cubesat_stm32.elf.dir/Drivers/STM32F4xx_HAL_Driver/Src/stm32f4xx_hal.c.obj
 .comment       0x00000049       0x4a CMakeFiles/Cubesat_stm32.elf.dir/Drivers/STM32F4xx_HAL_Driver/Src/stm32f4xx_hal_cortex.c.obj
 .comment       0x00000049       0x4a CMakeFiles/Cubesat_stm32.elf.dir/Drivers/STM32F4xx_HAL_Driver/Src/stm32f4xx_hal_gpio.c.obj
 .comment       0x00000049       0x4a CMakeFiles/Cubesat_stm32.elf.dir/Drivers/STM32F4xx_HAL_Driver/Src/stm32f4xx_hal_rcc.c.obj
 .comment       0x00000049       0x4a CMakeFiles/Cubesat_stm32.elf.dir/Drivers/STM32F4xx_HAL_Driver/Src/stm32f4xx_hal_uart.c.obj

.debug_frame    0x00000000      0xf60
 .debug_frame   0x00000000       0x90 CMakeFiles/Cubesat_stm32.elf.dir/Core/Src/main.c.obj
 .debug_frame   0x00000090       0x68 CMakeFiles/Cubesat_stm32.elf.dir/Core/Src/stm32f4xx_hal_msp.c.obj
 .debug_frame   0x000000f8       0xa8 CMakeFiles/Cubesat_stm32.elf.dir/Core/Src/stm32f4xx_it.c.obj
 .debug_frame   0x000001a0       0x30 CMakeFiles/Cubesat_stm32.elf.dir/Core/Src/system_stm32f4xx.c.obj
 .debug_frame   0x000001d0      0x1ec CMakeFiles/Cubesat_stm32.elf.dir/Drivers/STM32F4xx_HAL_Driver/Src/stm32f4xx_hal.c.obj
 .debug_frame   0x000003bc      0x148 CMakeFiles/Cubesat_stm32.elf.dir/Drivers/STM32F4xx_HAL_Driver/Src/stm32f4xx_hal_cortex.c.obj
 .debug_frame   0x00000504       0xd8 CMakeFiles/Cubesat_stm32.elf.dir/Drivers/STM32F4xx_HAL_Driver/Src/stm32f4xx_hal_gpio.c.obj
 .debug_frame   0x000005dc      0x16c CMakeFiles/Cubesat_stm32.elf.dir/Drivers/STM32F4xx_HAL_Driver/Src/stm32f4xx_hal_rcc.c.obj
 .debug_frame   0x00000748      0x5cc CMakeFiles/Cubesat_stm32.elf.dir/Drivers/STM32F4xx_HAL_Driver/Src/stm32f4xx_hal_uart.c.obj
 .debug_frame   0x00000d14       0x2c c:/progra~2/gnuarm~1/102021~1.10/bin/../lib/gcc/arm-none-eabi/10.3.1/thumb/v7e-m/nofp\libgcc.a(_aeabi_uldivmod.o)
 .debug_frame   0x00000d40       0x34 c:/progra~2/gnuarm~1/102021~1.10/bin/../lib/gcc/arm-none-eabi/10.3.1/thumb/v7e-m/nofp\libgcc.a(_udivmoddi4.o)
 .debug_frame   0x00000d74       0x2c c:/progra~2/gnuarm~1/102021~1.10/bin/../lib/gcc/arm-none-eabi/10.3.1/../../../../arm-none-eabi/lib/thumb/v7e-m/nofp\libg.a(lib_a-init.o)
 .debug_frame   0x00000da0       0x2c c:/progra~2/gnuarm~1/102021~1.10/bin/../lib/gcc/arm-none-eabi/10.3.1/../../../../arm-none-eabi/lib/thumb/v7e-m/nofp\libg.a(lib_a-memset.o)
 .debug_frame   0x00000dcc       0x5c c:/progra~2/gnuarm~1/102021~1.10/bin/../lib/gcc/arm-none-eabi/10.3.1/../../../../arm-none-eabi/lib/thumb/v7e-m/nofp\libg.a(lib_a-__call_atexit.o)
 .debug_frame   0x00000e28       0x20 c:/progra~2/gnuarm~1/102021~1.10/bin/../lib/gcc/arm-none-eabi/10.3.1/../../../../arm-none-eabi/lib/thumb/v7e-m/nofp\libg.a(lib_a-atexit.o)
 .debug_frame   0x00000e48       0x34 c:/progra~2/gnuarm~1/102021~1.10/bin/../lib/gcc/arm-none-eabi/10.3.1/../../../../arm-none-eabi/lib/thumb/v7e-m/nofp\libg.a(lib_a-fini.o)
 .debug_frame   0x00000e7c       0xb0 c:/progra~2/gnuarm~1/102021~1.10/bin/../lib/gcc/arm-none-eabi/10.3.1/../../../../arm-none-eabi/lib/thumb/v7e-m/nofp\libg.a(lib_a-lock.o)
 .debug_frame   0x00000f2c       0x34 c:/progra~2/gnuarm~1/102021~1.10/bin/../lib/gcc/arm-none-eabi/10.3.1/../../../../arm-none-eabi/lib/thumb/v7e-m/nofp\libg.a(lib_a-__atexit.o)

.debug_loc      0x00000000     0x5eb8
 .debug_loc     0x00000000       0x84 CMakeFiles/Cubesat_stm32.elf.dir/Core/Src/stm32f4xx_hal_msp.c.obj
 .debug_loc     0x00000084      0x158 CMakeFiles/Cubesat_stm32.elf.dir/Core/Src/system_stm32f4xx.c.obj
 .debug_loc     0x000001dc      0x141 CMakeFiles/Cubesat_stm32.elf.dir/Drivers/STM32F4xx_HAL_Driver/Src/stm32f4xx_hal.c.obj
 .debug_loc     0x0000031d      0x744 CMakeFiles/Cubesat_stm32.elf.dir/Drivers/STM32F4xx_HAL_Driver/Src/stm32f4xx_hal_cortex.c.obj
 .debug_loc     0x00000a61      0x520 CMakeFiles/Cubesat_stm32.elf.dir/Drivers/STM32F4xx_HAL_Driver/Src/stm32f4xx_hal_gpio.c.obj
 .debug_loc     0x00000f81      0x58c CMakeFiles/Cubesat_stm32.elf.dir/Drivers/STM32F4xx_HAL_Driver/Src/stm32f4xx_hal_rcc.c.obj
 .debug_loc     0x0000150d     0x49ab CMakeFiles/Cubesat_stm32.elf.dir/Drivers/STM32F4xx_HAL_Driver/Src/stm32f4xx_hal_uart.c.obj
