Archive member included to satisfy reference by file (symbol)

c:/progra~2/gnuarm~1/102021~1.10/bin/../lib/gcc/arm-none-eabi/10.3.1/thumb/v7e-m/nofp\libgcc.a(_arm_muldf3.o)
                              CMakeFiles/Cubesat_stm32.elf.dir/Core/Src/Waveshare_10Dof-D.c.obj (__aeabi_dmul)
c:/progra~2/gnuarm~1/102021~1.10/bin/../lib/gcc/arm-none-eabi/10.3.1/thumb/v7e-m/nofp\libgcc.a(_arm_mulsf3.o)
                              CMakeFiles/Cubesat_stm32.elf.dir/Core/Src/Waveshare_10Dof-D.c.obj (__aeabi_fmul)
c:/progra~2/gnuarm~1/102021~1.10/bin/../lib/gcc/arm-none-eabi/10.3.1/thumb/v7e-m/nofp\libgcc.a(_arm_addsubdf3.o)
                              CMakeFiles/Cubesat_stm32.elf.dir/Core/Src/Waveshare_10Dof-D.c.obj (__aeabi_dsub)
c:/progra~2/gnuarm~1/102021~1.10/bin/../lib/gcc/arm-none-eabi/10.3.1/thumb/v7e-m/nofp\libgcc.a(_arm_muldivdf3.o)
                              CMakeFiles/Cubesat_stm32.elf.dir/Core/Src/Waveshare_10Dof-D.c.obj (__aeabi_ddiv)
c:/progra~2/gnuarm~1/102021~1.10/bin/../lib/gcc/arm-none-eabi/10.3.1/thumb/v7e-m/nofp\libgcc.a(_arm_fixdfsi.o)
                              CMakeFiles/Cubesat_stm32.elf.dir/Core/Src/Waveshare_10Dof-D.c.obj (__aeabi_d2iz)
c:/progra~2/gnuarm~1/102021~1.10/bin/../lib/gcc/arm-none-eabi/10.3.1/thumb/v7e-m/nofp\libgcc.a(_arm_truncdfsf2.o)
                              CMakeFiles/Cubesat_stm32.elf.dir/Core/Src/Waveshare_10Dof-D.c.obj (__aeabi_d2f)
c:/progra~2/gnuarm~1/102021~1.10/bin/../lib/gcc/arm-none-eabi/10.3.1/thumb/v7e-m/nofp\libgcc.a(_arm_addsubsf3.o)
                              CMakeFiles/Cubesat_stm32.elf.dir/Core/Src/Waveshare_10Dof-D.c.obj (__aeabi_fsub)
c:/progra~2/gnuarm~1/102021~1.10/bin/../lib/gcc/arm-none-eabi/10.3.1/thumb/v7e-m/nofp\libgcc.a(_arm_muldivsf3.o)
                              CMakeFiles/Cubesat_stm32.elf.dir/Core/Src/Waveshare_10Dof-D.c.obj (__aeabi_fdiv)
c:/progra~2/gnuarm~1/102021~1.10/bin/../lib/gcc/arm-none-eabi/10.3.1/thumb/v7e-m/nofp\libgcc.a(_arm_cmpsf2.o)
                              CMakeFiles/Cubesat_stm32.elf.dir/Core/Src/Waveshare_10Dof-D.c.obj (__aeabi_fcmpeq)
c:/progra~2/gnuarm~1/102021~1.10/bin/../lib/gcc/arm-none-eabi/10.3.1/thumb/v7e-m/nofp\libgcc.a(_arm_fixsfsi.o)
                              CMakeFiles/Cubesat_stm32.elf.dir/Core/Src/Waveshare_10Dof-D.c.obj (__aeabi_f2iz)
c:/progra~2/gnuarm~1/102021~1.10/bin/../lib/gcc/arm-none-eabi/10.3.1/thumb/v7e-m/nofp\libgcc.a(_aeabi_uldivmod.o)
                              CMakeFiles/Cubesat_stm32.elf.dir/Core/Src/Waveshare_10Dof-D.c.obj (__aeabi_uldivmod)
c:/progra~2/gnuarm~1/102021~1.10/bin/../lib/gcc/arm-none-eabi/10.3.1/thumb/v7e-m/nofp\libgcc.a(_fixunsdfdi.o)
                              CMakeFiles/Cubesat_stm32.elf.dir/Core/Src/Waveshare_10Dof-D.c.obj (__aeabi_d2ulz)
c:/progra~2/gnuarm~1/102021~1.10/bin/../lib/gcc/arm-none-eabi/10.3.1/thumb/v7e-m/nofp\libgcc.a(_udivmoddi4.o)
                              c:/progra~2/gnuarm~1/102021~1.10/bin/../lib/gcc/arm-none-eabi/10.3.1/thumb/v7e-m/nofp\libgcc.a(_aeabi_uldivmod.o) (__udivmoddi4)
c:/progra~2/gnuarm~1/102021~1.10/bin/../lib/gcc/arm-none-eabi/10.3.1/thumb/v7e-m/nofp\libgcc.a(_dvmd_tls.o)
                              c:/progra~2/gnuarm~1/102021~1.10/bin/../lib/gcc/arm-none-eabi/10.3.1/thumb/v7e-m/nofp\libgcc.a(_aeabi_uldivmod.o) (__aeabi_ldiv0)
c:/progra~2/gnuarm~1/102021~1.10/bin/../lib/gcc/arm-none-eabi/10.3.1/thumb/v7e-m/nofp\libgcc.a(_arm_fixunsdfsi.o)
                              c:/progra~2/gnuarm~1/102021~1.10/bin/../lib/gcc/arm-none-eabi/10.3.1/thumb/v7e-m/nofp\libgcc.a(_fixunsdfdi.o) (__aeabi_d2uiz)
c:/progra~2/gnuarm~1/102021~1.10/bin/../lib/gcc/arm-none-eabi/10.3.1/../../../../arm-none-eabi/lib/thumb/v7e-m/nofp\libg.a(lib_a-errno.o)
                              CMakeFiles/Cubesat_stm32.elf.dir/Core/Src/syscalls.c.obj (__errno)
c:/progra~2/gnuarm~1/102021~1.10/bin/../lib/gcc/arm-none-eabi/10.3.1/../../../../arm-none-eabi/lib/thumb/v7e-m/nofp\libg.a(lib_a-exit.o)
                              c:/progra~2/gnuarm~1/102021~1.10/bin/../lib/gcc/arm-none-eabi/10.3.1/../../../../arm-none-eabi/lib/thumb/v7e-m/nofp/crt0.o (exit)
c:/progra~2/gnuarm~1/102021~1.10/bin/../lib/gcc/arm-none-eabi/10.3.1/../../../../arm-none-eabi/lib/thumb/v7e-m/nofp\libg.a(lib_a-impure.o)
                              c:/progra~2/gnuarm~1/102021~1.10/bin/../lib/gcc/arm-none-eabi/10.3.1/../../../../arm-none-eabi/lib/thumb/v7e-m/nofp\libg.a(lib_a-exit.o) (_global_impure_ptr)
c:/progra~2/gnuarm~1/102021~1.10/bin/../lib/gcc/arm-none-eabi/10.3.1/../../../../arm-none-eabi/lib/thumb/v7e-m/nofp\libg.a(lib_a-init.o)
                              c:/progra~2/gnuarm~1/102021~1.10/bin/../lib/gcc/arm-none-eabi/10.3.1/../../../../arm-none-eabi/lib/thumb/v7e-m/nofp/crt0.o (__libc_init_array)
c:/progra~2/gnuarm~1/102021~1.10/bin/../lib/gcc/arm-none-eabi/10.3.1/../../../../arm-none-eabi/lib/thumb/v7e-m/nofp\libg.a(lib_a-memset.o)
[...]
Memory Configuration

Name             Origin             Length             Attributes
RAM              0x20000000         0x00020000         xrw
FLASH            0x08000000         0x00080000         xr
*default*        0x00000000         0xffffffff

Linker script and memory map

LOAD c:/progra~2/gnuarm~1/102021~1.10/bin/../lib/gcc/arm-none-eabi/10.3.1/thumb/v7e-m/nofp/crti.o
LOAD c:/progra~2/gnuarm~1/102021~1.10/bin/../lib/gcc/arm-none-eabi/10.3.1/thumb/v7e-m/nofp/crtbegin.o
LOAD c:/progra~2/gnuarm~1/102021~1.10/bin/../lib/gcc/arm-none-eabi/10.3.1/../../../../arm-none-eabi/lib/thumb/v7e-m/nofp/crt0.o
LOAD CMakeFiles/Cubesat_stm32.elf.dir/Core/Src/Waveshare_10Dof-D.c.obj
LOAD CMakeFiles/Cubesat_stm32.elf.dir/Core/Src/gpio.c.obj
LOAD CMakeFiles/Cubesat_stm32.elf.dir/Core/Src/i2c.c.obj
LOAD CMakeFiles/Cubesat_stm32.elf.dir/Core/Src/main.c.obj
LOAD CMakeFiles/Cubesat_stm32.elf.dir/Core/Src/sdio.c.obj
LOAD CMakeFiles/Cubesat_stm32.elf.dir/Core/Src/stm32f4xx_hal_msp.c.obj
LOAD CMakeFiles/Cubesat_stm32.elf.dir/Core/Src/stm32f4xx_it.c.obj
LOAD CMakeFiles/Cubesat_stm32.elf.dir/Core/Src/syscalls.c.obj
LOAD CMakeFiles/Cubesat_stm32.elf.dir/Core/Src/sysmem.c.obj
LOAD CMakeFiles/Cubesat_stm32.elf.dir/Core/Src/system_stm32f4xx.c.obj
LOAD CMakeFiles/Cubesat_stm32.elf.dir/Core/Src/usart.c.obj
LOAD CMakeFiles/Cubesat_stm32.elf.dir/Core/Startup/startup_stm32f411vetx.s.obj
LOAD CMakeFiles/Cubesat_stm32.elf.dir/Drivers/STM32F4xx_HAL_Driver/Src/stm32f4xx_hal.c.obj
LOAD CMakeFiles/Cubesat_stm32.elf.dir/Drivers/STM32F4xx_HAL_Driver/Src/stm32f4xx_hal_cortex.c.obj
LOAD CMakeFiles/Cubesat_stm32.elf.dir/Drivers/STM32F4xx_HAL_Driver/Src/stm32f4xx_hal_dma.c.obj
LOAD CMakeFiles/Cubesat_stm32.elf.dir/Drivers/STM32F4xx_HAL_Driver/Src/stm32f4xx_hal_dma_ex.c.obj
LOAD CMakeFiles/Cubesat_stm32.elf.dir/Drivers/STM32F4xx_HAL_Driver/Src/stm32f4xx_hal_exti.c.obj
LOAD CMakeFiles/Cubesat_stm32.elf.dir/Drivers/STM32F4xx_HAL_Driver/Src/stm32f4xx_hal_flash.c.obj
LOAD CMakeFiles/Cubesat_stm32.elf.dir/Drivers/STM32F4xx_HAL_Driver/Src/stm32f4xx_hal_flash_ex.c.obj
LOAD CMakeFiles/Cubesat_stm32.elf.dir/Drivers/STM32F4xx_HAL_Driver/Src/stm32f4xx_hal_flash_ramfunc.c.obj
LOAD CMakeFiles/Cubesat_stm32.elf.dir/Drivers/STM32F4xx_HAL_Driver/Src/stm32f4xx_hal_gpio.c.obj
LOAD CMakeFiles/Cubesat_stm32.elf.dir/Drivers/STM32F4xx_HAL_Driver/Src/stm32f4xx_hal_i2c.c.obj
LOAD CMakeFiles/Cubesat_stm32.elf.dir/Drivers/STM32F4xx_HAL_Driver/Src/stm32f4xx_hal_i2c_ex.c.obj
LOAD CMakeFiles/Cubesat_stm32.elf.dir/Drivers/STM32F4xx_HAL_Driver/Src/stm32f4xx_hal_pwr.c.obj
LOAD CMakeFiles/Cubesat_stm32.elf.dir/Drivers/STM32F4xx_HAL_Driver/Src/stm32f4xx_hal_pwr_ex.c.obj
LOAD CMakeFiles/Cubesat_stm32.elf.dir/Drivers/STM32F4xx_HAL_Driver/Src/stm32f4xx_hal_rcc.c.obj
LOAD CMakeFiles/Cubesat_stm32.elf.dir/Drivers/STM32F4xx_HAL_Driver/Src/stm32f4xx_hal_rcc_ex.c.obj
LOAD CMakeFiles/Cubesat_stm32.elf.dir/Drivers/STM32F4xx_HAL_Driver/Src/stm32f4xx_hal_sd.c.obj
LOAD CMakeFiles/Cubesat_stm32.elf.dir/Drivers/STM32F4xx_HAL_Driver/Src/stm32f4xx_hal_tim.c.obj
LOAD CMakeFiles/Cubesat_stm32.elf.dir/Drivers/STM32F4xx_HAL_Driver/Src/stm32f4xx_hal_tim_ex.c.obj
LOAD CMakeFiles/Cubesat_stm32.elf.dir/Drivers/STM32F4xx_HAL_Driver/Src/stm32f4xx_hal_uart.c.obj
LOAD CMakeFiles/Cubesat_stm32.elf.dir/Drivers/STM32F4xx_HAL_Driver/Src/stm32f4xx_ll_sdmmc.c.obj
LOAD CMakeFiles/Cubesat_stm32.elf.dir/FATFS/App/fatfs.c.obj
LOAD CMakeFiles/Cubesat_stm32.elf.dir/FATFS/Target/bsp_driver_sd.c.obj
LOAD CMakeFiles/Cubesat_stm32.elf.dir/FATFS/Target/sd_diskio.c.obj
LOAD CMakeFiles/Cubesat_stm32.elf.dir/Middlewares/Third_Party/FatFs/src/diskio.c.obj
LOAD CMakeFiles/Cubesat_stm32.elf.dir/Middlewares/Third_Party/FatFs/src/ff.c.obj
LOAD CMakeFiles/Cubesat_stm32.elf.dir/Middlewares/Third_Party/FatFs/src/ff_gen_drv.c.obj
LOAD CMakeFiles/Cubesat_stm32.elf.dir/Middlewares/Third_Party/FatFs/src/option/syscall.c.obj
START GROUP
LOAD c:/progra~2/gnuarm~1/102021~1.10/bin/../lib/gcc/arm-none-eabi/10.3.1/thumb/v7e-m/nofp\libgcc.a
LOAD c:/progra~2/gnuarm~1/102021~1.10/bin/../lib/gcc/arm-none-eabi/10.3.1/../../../../arm-none-eabi/lib/thumb/v7e-m/nofp\libg.a
LOAD c:/progra~2/gnuarm~1/102021~1.10/bin/../lib/gcc/arm-none-eabi/10.3.1/../../../../arm-none-eabi/lib/thumb/v7e-m/nofp\libc.a
END GROUP
LOAD c:/progra~2/gnuarm~1/102021~1.10/bin/../lib/gcc/arm-none-eabi/10.3.1/thumb/v7e-m/nofp/crtend.o
LOAD c:/progra~2/gnuarm~1/102021~1.10/bin/../lib/gcc/arm-none-eabi/10.3.1/thumb/v7e-m/nofp/crtn.o
                0x20020000                _estack = (ORIGIN (RAM) + LENGTH (RAM))
                0x00000200                _Min_Heap_Size = 0x200
                0x00000400                _Min_Stack_Size = 0x400

.isr_vector     0x08000000      0x198
                0x08000000                . = ALIGN (0x4)
 *(.isr_vector)
 .isr_vector    0x08000000      0x198 CMakeFiles/Cubesat_stm32.elf.dir/Core/Startup/startup_stm32f411vetx.s.obj
                0x08000000                g_pfnVectors
                0x08000198                . = ALIGN (0x4)

.text           0x080001c0    0x10a6c
                0x080001c0                . = ALIGN (0x4)
 *(.text)
 .text          0x080001c0       0x40 c:/progra~2/gnuarm~1/102021~1.10/bin/../lib/gcc/arm-none-eabi/10.3.1/thumb/v7e-m/nofp/crtbegin.o
 .text          0x08000200      0x378 c:/progra~2/gnuarm~1/102021~1.10/bin/../lib/gcc/arm-none-eabi/10.3.1/thumb/v7e-m/nofp\libgcc.a(_arm_addsubdf3.o)
                0x08000200                __aeabi_drsub
                0x08000208                __aeabi_dsub
                0x08000208                __subdf3
                0x0800020c                __aeabi_dadd
                0x0800020c                __adddf3
                0x08000484                __floatunsidf
                0x08000484                __aeabi_ui2d
                0x080004a4                __floatsidf
                0x080004a4                __aeabi_i2d
                0x080004c8                __aeabi_f2d
                0x080004c8                __extendsfdf2
                0x0800050c                __floatundidf
                0x0800050c                __aeabi_ul2d
                0x0800051c                __floatdidf
                0x0800051c                __aeabi_l2d
 .text          0x08000578      0x424 c:/progra~2/gnuarm~1/102021~1.10/bin/../lib/gcc/arm-none-eabi/10.3.1/thumb/v7e-m/nofp\libgcc.a(_arm_muldivdf3.o)
                0x08000578                __aeabi_dmul
                0x08000578                __muldf3
                0x080007cc                __divdf3
                0x080007cc                __aeabi_ddiv
 .text          0x0800099c       0x50 c:/progra~2/gnuarm~1/102021~1.10/bin/../lib/gcc/arm-none-eabi/10.3.1/thumb/v7e-m/nofp\libgcc.a(_arm_fixdfsi.o)
                0x0800099c                __aeabi_d2iz
                0x0800099c                __fixdfsi
 .text          0x080009ec       0xa0 c:/progra~2/gnuarm~1/102021~1.10/bin/../lib/gcc/arm-none-eabi/10.3.1/thumb/v7e-m/nofp\libgcc.a(_arm_truncdfsf2.o)
                0x080009ec                __truncdfsf2
                0x080009ec                __aeabi_d2f
 .text          0x08000a8c      0x21c c:/progra~2/gnuarm~1/102021~1.10/bin/../lib/gcc/arm-none-eabi/10.3.1/thumb/v7e-m/nofp\libgcc.a(_arm_addsubsf3.o)
                0x08000a8c                __aeabi_frsub
                0x08000a94                __subsf3
                0x08000a94                __aeabi_fsub
                0x08000a98                __aeabi_fadd
                0x08000a98                __addsf3
                0x08000bf8                __aeabi_ui2f
                0x08000bf8                __floatunsisf
                0x08000c00                __aeabi_i2f
                0x08000c00                __floatsisf
                0x08000c1c                __aeabi_ul2f
                0x08000c1c                __floatundisf
                0x08000c2c                __aeabi_l2f
                0x08000c2c                __floatdisf
 .text          0x08000ca8      0x2a0 c:/progra~2/gnuarm~1/102021~1.10/bin/../lib/gcc/arm-none-eabi/10.3.1/thumb/v7e-m/nofp\libgcc.a(_arm_muldivsf3.o)
                0x08000ca8                __mulsf3
                0x08000ca8                __aeabi_fmul
                0x08000e10                __aeabi_fdiv
                0x08000e10                __divsf3
 .text          0x08000f48       0xec c:/progra~2/gnuarm~1/102021~1.10/bin/../lib/gcc/arm-none-eabi/10.3.1/thumb/v7e-m/nofp\libgcc.a(_arm_cmpsf2.o)
                0x08000f48                __gesf2
                0x08000f48                __gtsf2
                0x08000f50                __lesf2
                0x08000f50                __ltsf2
                0x08000f58                __nesf2
                0x08000f58                __eqsf2
                0x08000f58                __cmpsf2
                0x08000fb8                __aeabi_cfrcmple
                0x08000fc0                __aeabi_cfcmpeq
                0x08000fc0                __aeabi_cfcmple
                0x08000fd0                __aeabi_fcmpeq
                0x08000fe4                __aeabi_fcmplt
                0x08000ff8                __aeabi_fcmple
                0x0800100c                __aeabi_fcmpge
                0x08001020                __aeabi_fcmpgt
 .text          0x08001034       0x4c c:/progra~2/gnuarm~1/102021~1.10/bin/../lib/gcc/arm-none-eabi/10.3.1/thumb/v7e-m/nofp\libgcc.a(_arm_fixsfsi.o)
                0x08001034                __aeabi_f2iz
                0x08001034                __fixsfsi
 .text          0x08001080       0x30 c:/progra~2/gnuarm~1/102021~1.10/bin/../lib/gcc/arm-none-eabi/10.3.1/thumb/v7e-m/nofp\libgcc.a(_aeabi_uldivmod.o)
                0x08001080                __aeabi_uldivmod
 .text          0x080010b0       0x3c c:/progra~2/gnuarm~1/102021~1.10/bin/../lib/gcc/arm-none-eabi/10.3.1/thumb/v7e-m/nofp\libgcc.a(_fixunsdfdi.o)
                0x080010b0                __fixunsdfdi
                0x080010b0                __aeabi_d2ulz
 .text          0x080010ec      0x2d0 c:/progra~2/gnuarm~1/102021~1.10/bin/../lib/gcc/arm-none-eabi/10.3.1/thumb/v7e-m/nofp\libgcc.a(_udivmoddi4.o)
                0x080010ec                __udivmoddi4
 .text          0x080013bc        0x4 c:/progra~2/gnuarm~1/102021~1.10/bin/../lib/gcc/arm-none-eabi/10.3.1/thumb/v7e-m/nofp\libgcc.a(_dvmd_tls.o)
                0x080013bc                __aeabi_idiv0
                0x080013bc                __aeabi_ldiv0
 .text          0x080013c0       0x40 c:/progra~2/gnuarm~1/102021~1.10/bin/../lib/gcc/arm-none-eabi/10.3.1/thumb/v7e-m/nofp\libgcc.a(_arm_fixunsdfsi.o)
                0x080013c0                __aeabi_d2uiz
                0x080013c0                __fixunsdfsi
 .text          0x08001400       0xdc c:/progra~2/gnuarm~1/102021~1.10/bin/../lib/gcc/arm-none-eabi/10.3.1/../../../../arm-none-eabi/lib/thumb/v7e-m/nofp\libg.a(lib_a-strlen.o)
                0x08001400                strlen
 *fill*         0x080014dc        0x4 
 .text          0x080014e0       0xa0 c:/progra~2/gnuarm~1/102021~1.10/bin/../lib/gcc/arm-none-eabi/10.3.1/../../../../arm-none-eabi/lib/thumb/v7e-m/nofp\libg.a(lib_a-memchr.o)
                0x080014e0                memchr
 .text          0x08001580      0x134 c:/progra~2/gnuarm~1/102021~1.10/bin/../lib/gcc/arm-none-eabi/10.3.1/../../../../arm-none-eabi/lib/thumb/v7e-m/nofp\libg.a(lib_a-memcpy.o)
                0x08001580                memcpy
 .text          0x080016b4      0x110 c:/progra~2/gnuarm~1/102021~1.10/bin/../lib/gcc/arm-none-eabi/10.3.1/thumb/v7e-m/nofp\libgcc.a(_arm_cmpdf2.o)
                0x080016b4                __gtdf2
                0x080016b4                __gedf2
                0x080016bc                __ltdf2
                0x080016bc                __ledf2
                0x080016c4                __nedf2
                0x080016c4                __eqdf2
                0x080016c4                __cmpdf2
                0x08001740                __aeabi_cdrcmple
                0x08001750                __aeabi_cdcmpeq
                0x08001750                __aeabi_cdcmple
                0x08001760                __aeabi_dcmpeq
                0x08001774                __aeabi_dcmplt
                0x08001788                __aeabi_dcmple
                0x0800179c                __aeabi_dcmpge
                0x080017b0                __aeabi_dcmpgt
 .text          0x080017c4       0x2c c:/progra~2/gnuarm~1/102021~1.10/bin/../lib/gcc/arm-none-eabi/10.3.1/thumb/v7e-m/nofp\libgcc.a(_arm_unorddf2.o)
                0x080017c4                __unorddf2
                0x080017c4                __aeabi_dcmpun
 *(.text*)
 .text.I2C_ReadOneByte
                0x080017f0       0x30 CMakeFiles/Cubesat_stm32.elf.dir/Core/Src/Waveshare_10Dof-D.c.obj
                0x080017f0                I2C_ReadOneByte
 .text.I2C_WriteOneByte
                0x08001820       0x2c CMakeFiles/Cubesat_stm32.elf.dir/Core/Src/Waveshare_10Dof-D.c.obj
                0x08001820                I2C_WriteOneByte
 .text.invSqrt  0x0800184c       0x3c CMakeFiles/Cubesat_stm32.elf.dir/Core/Src/Waveshare_10Dof-D.c.obj
                0x0800184c                invSqrt
 .text.imuAHRSupdate
                0x08001888      0x69c CMakeFiles/Cubesat_stm32.elf.dir/Core/Src/Waveshare_10Dof-D.c.obj
                0x08001888                imuAHRSupdate
 .text.icm20948Check
                0x08001f24       0x16 CMakeFiles/Cubesat_stm32.elf.dir/Core/Src/Waveshare_10Dof-D.c.obj
                0x08001f24                icm20948Check
 .text.icm20948ReadSecondary
                0x08001f3a       0xaa CMakeFiles/Cubesat_stm32.elf.dir/Core/Src/Waveshare_10Dof-D.c.obj
                0x08001f3a                icm20948ReadSecondary
 .text.icm20948WriteSecondary
                0x08001fe4       0x96 CMakeFiles/Cubesat_stm32.elf.dir/Core/Src/Waveshare_10Dof-D.c.obj
                0x08001fe4                icm20948WriteSecondary
 .text.icm20948CalAvgValue
                0x0800207a       0x3c CMakeFiles/Cubesat_stm32.elf.dir/Core/Src/Waveshare_10Dof-D.c.obj
                0x0800207a                icm20948CalAvgValue
 *fill*         0x080020b6        0x2 
 .text.icm20948GyroRead
                0x080020b8       0xe8 CMakeFiles/Cubesat_stm32.elf.dir/Core/Src/Waveshare_10Dof-D.c.obj
                0x080020b8                icm20948GyroRead
 .text.icm20948AccelRead
                0x080021a0       0xc8 CMakeFiles/Cubesat_stm32.elf.dir/Core/Src/Waveshare_10Dof-D.c.obj
                0x080021a0                icm20948AccelRead
 .text.icm20948MagRead
                0x08002268       0xcc CMakeFiles/Cubesat_stm32.elf.dir/Core/Src/Waveshare_10Dof-D.c.obj
                0x08002268                icm20948MagRead
 *fill*         0x08002334        0x4 
 .text.imuDataGet
                0x08002338      0x300 CMakeFiles/Cubesat_stm32.elf.dir/Core/Src/Waveshare_10Dof-D.c.obj
                0x08002338                imuDataGet
 .text.icm20948GyroOffset
                0x08002638       0x60 CMakeFiles/Cubesat_stm32.elf.dir/Core/Src/Waveshare_10Dof-D.c.obj
                0x08002638                icm20948GyroOffset
 .text.icm20948MagCheck
                0x08002698       0x30 CMakeFiles/Cubesat_stm32.elf.dir/Core/Src/Waveshare_10Dof-D.c.obj
                0x08002698                icm20948MagCheck
 .text.icm20948init
                0x080026c8       0x7c CMakeFiles/Cubesat_stm32.elf.dir/Core/Src/Waveshare_10Dof-D.c.obj
                0x080026c8                icm20948init
 .text.bmp280Check
                0x08002744       0x16 CMakeFiles/Cubesat_stm32.elf.dir/Core/Src/Waveshare_10Dof-D.c.obj
                0x08002744                bmp280Check
 *fill*         0x0800275a        0x2 
 .text.bmp280ReadCalibration
                0x0800275c      0x12c CMakeFiles/Cubesat_stm32.elf.dir/Core/Src/Waveshare_10Dof-D.c.obj
                0x0800275c                bmp280ReadCalibration
 .text.bmp280Init
                0x08002888       0x1c CMakeFiles/Cubesat_stm32.elf.dir/Core/Src/Waveshare_10Dof-D.c.obj
                0x08002888                bmp280Init
 .text.imuInit  0x080028a4       0x5c CMakeFiles/Cubesat_stm32.elf.dir/Core/Src/Waveshare_10Dof-D.c.obj
                0x080028a4                imuInit
 .text.bmp280CompensateTemperature
                0x08002900       0x84 CMakeFiles/Cubesat_stm32.elf.dir/Core/Src/Waveshare_10Dof-D.c.obj
                0x08002900                bmp280CompensateTemperature
 .text.bmp280CompensatePressure
                0x08002984      0x1ac CMakeFiles/Cubesat_stm32.elf.dir/Core/Src/Waveshare_10Dof-D.c.obj
                0x08002984                bmp280CompensatePressure
 .text.bmp280TandPGet
                0x08002b30       0x60 CMakeFiles/Cubesat_stm32.elf.dir/Core/Src/Waveshare_10Dof-D.c.obj
                0x08002b30                bmp280TandPGet
 .text.bmp280CalAvgValue
                0x08002b90       0x3c CMakeFiles/Cubesat_stm32.elf.dir/Core/Src/Waveshare_10Dof-D.c.obj
                0x08002b90                bmp280CalAvgValue
 *fill*         0x08002bcc        0x4 
 .text.bmp280CalculateAbsoluteAltitude
                0x08002bd0       0x60 CMakeFiles/Cubesat_stm32.elf.dir/Core/Src/Waveshare_10Dof-D.c.obj
                0x08002bd0                bmp280CalculateAbsoluteAltitude
 .text.pressSensorDataGet
                0x08002c30       0x5c CMakeFiles/Cubesat_stm32.elf.dir/Core/Src/Waveshare_10Dof-D.c.obj
                0x08002c30                pressSensorDataGet
 .text.MX_GPIO_Init
                0x08002c8c       0xc8 CMakeFiles/Cubesat_stm32.elf.dir/Core/Src/gpio.c.obj
                0x08002c8c                MX_GPIO_Init
 .text.MX_I2C1_Init
                0x08002d54       0x3c CMakeFiles/Cubesat_stm32.elf.dir/Core/Src/i2c.c.obj
                0x08002d54                MX_I2C1_Init
 .text.HAL_I2C_MspInit
                0x08002d90       0x70 CMakeFiles/Cubesat_stm32.elf.dir/Core/Src/i2c.c.obj
                0x08002d90                HAL_I2C_MspInit
 .text.Error_Handler
                0x08002e00       0x2c CMakeFiles/Cubesat_stm32.elf.dir/Core/Src/main.c.obj
                0x08002e00                Error_Handler
 .text.SystemClock_Config
                0x08002e2c       0xa0 CMakeFiles/Cubesat_stm32.elf.dir/Core/Src/main.c.obj
                0x08002e2c                SystemClock_Config
 .text.main     0x08002ecc      0x39c CMakeFiles/Cubesat_stm32.elf.dir/Core/Src/main.c.obj
                0x08002ecc                main
 .text.MX_SDIO_SD_Init
                0x08003268       0x20 CMakeFiles/Cubesat_stm32.elf.dir/Core/Src/sdio.c.obj
                0x08003268                MX_SDIO_SD_Init
 .text.HAL_SD_MspInit
                0x08003288       0xcc CMakeFiles/Cubesat_stm32.elf.dir/Core/Src/sdio.c.obj
                0x08003288                HAL_SD_MspInit
 .text.HAL_MspInit
                0x08003354       0x38 CMakeFiles/Cubesat_stm32.elf.dir/Core/Src/stm32f4xx_hal_msp.c.obj
                0x08003354                HAL_MspInit
 .text.NMI_Handler
                0x0800338c        0x2 CMakeFiles/Cubesat_stm32.elf.dir/Core/Src/stm32f4xx_it.c.obj
                0x0800338c                NMI_Handler
 .text.HardFault_Handler
                0x0800338e        0x2 CMakeFiles/Cubesat_stm32.elf.dir/Core/Src/stm32f4xx_it.c.obj
                0x0800338e                HardFault_Handler
 .text.MemManage_Handler
                0x08003390        0x2 CMakeFiles/Cubesat_stm32.elf.dir/Core/Src/stm32f4xx_it.c.obj
                0x08003390                MemManage_Handler
 .text.BusFault_Handler
                0x08003392        0x2 CMakeFiles/Cubesat_stm32.elf.dir/Core/Src/stm32f4xx_it.c.obj
                0x08003392                BusFault_Handler
 .text.UsageFault_Handler
                0x08003394        0x2 CMakeFiles/Cubesat_stm32.elf.dir/Core/Src/stm32f4xx_it.c.obj
                0x08003394                UsageFault_Handler
 .text.SVC_Handler
                0x08003396        0x2 CMakeFiles/Cubesat_stm32.elf.dir/Core/Src/stm32f4xx_it.c.obj
                0x08003396                SVC_Handler
 .text.DebugMon_Handler
                0x08003398        0x2 CMakeFiles/Cubesat_stm32.elf.dir/Core/Src/stm32f4xx_it.c.obj
                0x08003398                DebugMon_Handler
 .text.PendSV_Handler
                0x0800339a        0x2 CMakeFiles/Cubesat_stm32.elf.dir/Core/Src/stm32f4xx_it.c.obj
                0x0800339a                PendSV_Handler
 .text.SysTick_Handler
                0x0800339c        0x8 CMakeFiles/Cubesat_stm32.elf.dir/Core/Src/stm32f4xx_it.c.obj
                0x0800339c                SysTick_Handler
 .text._getpid  0x080033a4        0x4 CMakeFiles/Cubesat_stm32.elf.dir/Core/Src/syscalls.c.obj
                0x080033a4                _getpid
 .text._kill    0x080033a8       0x10 CMakeFiles/Cubesat_stm32.elf.dir/Core/Src/syscalls.c.obj
                0x080033a8                _kill
 .text._exit    0x080033b8        0xc CMakeFiles/Cubesat_stm32.elf.dir/Core/Src/syscalls.c.obj
                0x080033b8                _exit
 .text._read    0x080033c4       0x20 CMakeFiles/Cubesat_stm32.elf.dir/Core/Src/syscalls.c.obj
                0x080033c4                _read
 .text._write   0x080033e4       0x1c CMakeFiles/Cubesat_stm32.elf.dir/Core/Src/syscalls.c.obj
                0x080033e4                _write
 .text._close   0x08003400        0x6 CMakeFiles/Cubesat_stm32.elf.dir/Core/Src/syscalls.c.obj
                0x08003400                _close
 .text._fstat   0x08003406        0xa CMakeFiles/Cubesat_stm32.elf.dir/Core/Src/syscalls.c.obj
                0x08003406                _fstat
 .text._isatty  0x08003410        0x4 CMakeFiles/Cubesat_stm32.elf.dir/Core/Src/syscalls.c.obj
                0x08003410                _isatty
 .text._lseek   0x08003414        0x4 CMakeFiles/Cubesat_stm32.elf.dir/Core/Src/syscalls.c.obj
                0x08003414                _lseek
 .text._sbrk    0x08003418       0x48 CMakeFiles/Cubesat_stm32.elf.dir/Core/Src/sysmem.c.obj
                0x08003418                _sbrk
 .text.SystemInit
                0x08003460        0x2 CMakeFiles/Cubesat_stm32.elf.dir/Core/Src/system_stm32f4xx.c.obj
                0x08003460                SystemInit
 *fill*         0x08003462        0x2 
 .text.MX_USART1_UART_Init
                0x08003464       0x34 CMakeFiles/Cubesat_stm32.elf.dir/Core/Src/usart.c.obj
                0x08003464                MX_USART1_UART_Init
 .text.HAL_UART_MspInit
                0x08003498       0x9c CMakeFiles/Cubesat_stm32.elf.dir/Core/Src/usart.c.obj
                0x08003498                HAL_UART_MspInit
 .text.Reset_Handler
                0x08003534       0x50 CMakeFiles/Cubesat_stm32.elf.dir/Core/Startup/startup_stm32f411vetx.s.obj
                0x08003534                Reset_Handler
 .text.Default_Handler
                0x08003584        0x2 CMakeFiles/Cubesat_stm32.elf.dir/Core/Startup/startup_stm32f411vetx.s.obj
                0x08003584                RTC_Alarm_IRQHandler
                0x08003584                EXTI2_IRQHandler
                0x08003584                SPI4_IRQHandler
                0x08003584                TIM1_CC_IRQHandler
                0x08003584                DMA2_Stream5_IRQHandler
                0x08003584                DMA1_Stream5_IRQHandler
                0x08003584                PVD_IRQHandler
                0x08003584                SDIO_IRQHandler
                0x08003584                TAMP_STAMP_IRQHandler
                0x08003584                EXTI3_IRQHandler
                0x08003584                TIM1_UP_TIM10_IRQHandler
                0x08003584                I2C3_ER_IRQHandler
                0x08003584                EXTI0_IRQHandler
                0x08003584                I2C2_EV_IRQHandler
                0x08003584                DMA1_Stream2_IRQHandler
                0x08003584                FPU_IRQHandler
                0x08003584                DMA2_Stream2_IRQHandler
                0x08003584                SPI1_IRQHandler
                0x08003584                TIM1_BRK_TIM9_IRQHandler
                0x08003584                DMA2_Stream3_IRQHandler
                0x08003584                USART6_IRQHandler
                0x08003584                DMA2_Stream0_IRQHandler
                0x08003584                TIM4_IRQHandler
                0x08003584                I2C1_EV_IRQHandler
                0x08003584                DMA1_Stream6_IRQHandler
                0x08003584                DMA1_Stream1_IRQHandler
                0x08003584                TIM3_IRQHandler
                0x08003584                RCC_IRQHandler
                0x08003584                Default_Handler
                0x08003584                EXTI15_10_IRQHandler
                0x08003584                ADC_IRQHandler
                0x08003584                DMA1_Stream7_IRQHandler
                0x08003584                SPI5_IRQHandler
                0x08003584                TIM5_IRQHandler
                0x08003584                DMA2_Stream7_IRQHandler
                0x08003584                I2C3_EV_IRQHandler
                0x08003584                EXTI9_5_IRQHandler
                0x08003584                RTC_WKUP_IRQHandler
                0x08003584                SPI2_IRQHandler
                0x08003584                DMA1_Stream0_IRQHandler
                0x08003584                EXTI4_IRQHandler
                0x08003584                WWDG_IRQHandler
                0x08003584                TIM2_IRQHandler
                0x08003584                OTG_FS_WKUP_IRQHandler
                0x08003584                TIM1_TRG_COM_TIM11_IRQHandler
                0x08003584                EXTI1_IRQHandler
                0x08003584                USART2_IRQHandler
                0x08003584                I2C2_ER_IRQHandler
                0x08003584                DMA2_Stream1_IRQHandler
                0x08003584                FLASH_IRQHandler
                0x08003584                DMA2_Stream4_IRQHandler
                0x08003584                USART1_IRQHandler
                0x08003584                OTG_FS_IRQHandler
                0x08003584                SPI3_IRQHandler
                0x08003584                DMA1_Stream4_IRQHandler
                0x08003584                I2C1_ER_IRQHandler
                0x08003584                DMA2_Stream6_IRQHandler
                0x08003584                DMA1_Stream3_IRQHandler
 *fill*         0x08003586        0x2 
 .text.HAL_InitTick
                0x08003588       0x4c CMakeFiles/Cubesat_stm32.elf.dir/Drivers/STM32F4xx_HAL_Driver/Src/stm32f4xx_hal.c.obj
                0x08003588                HAL_InitTick
 .text.HAL_Init
                0x080035d4       0x34 CMakeFiles/Cubesat_stm32.elf.dir/Drivers/STM32F4xx_HAL_Driver/Src/stm32f4xx_hal.c.obj
                0x080035d4                HAL_Init
 .text.HAL_IncTick
                0x08003608       0x18 CMakeFiles/Cubesat_stm32.elf.dir/Drivers/STM32F4xx_HAL_Driver/Src/stm32f4xx_hal.c.obj
                0x08003608                HAL_IncTick
 .text.HAL_GetTick
                0x08003620        0xc CMakeFiles/Cubesat_stm32.elf.dir/Drivers/STM32F4xx_HAL_Driver/Src/stm32f4xx_hal.c.obj
                0x08003620                HAL_GetTick
 .text.HAL_Delay
                0x0800362c       0x28 CMakeFiles/Cubesat_stm32.elf.dir/Drivers/STM32F4xx_HAL_Driver/Src/stm32f4xx_hal.c.obj
                0x0800362c                HAL_Delay
 .text.HAL_NVIC_SetPriorityGrouping
                0x08003654       0x24 CMakeFiles/Cubesat_stm32.elf.dir/Drivers/STM32F4xx_HAL_Driver/Src/stm32f4xx_hal_cortex.c.obj
                0x08003654                HAL_NVIC_SetPriorityGrouping
 .text.HAL_NVIC_SetPriority
                0x08003678       0x70 CMakeFiles/Cubesat_stm32.elf.dir/Drivers/STM32F4xx_HAL_Driver/Src/stm32f4xx_hal_cortex.c.obj
                0x08003678                HAL_NVIC_SetPriority
 .text.HAL_SYSTICK_Config
                0x080036e8       0x28 CMakeFiles/Cubesat_stm32.elf.dir/Drivers/STM32F4xx_HAL_Driver/Src/stm32f4xx_hal_cortex.c.obj
                0x080036e8                HAL_SYSTICK_Config
 .text.HAL_GPIO_Init
                0x08003710      0x1c0 CMakeFiles/Cubesat_stm32.elf.dir/Drivers/STM32F4xx_HAL_Driver/Src/stm32f4xx_hal_gpio.c.obj
                0x08003710                HAL_GPIO_Init
 .text.HAL_GPIO_WritePin
                0x080038d0        0xc CMakeFiles/Cubesat_stm32.elf.dir/Drivers/STM32F4xx_HAL_Driver/Src/stm32f4xx_hal_gpio.c.obj
                0x080038d0                HAL_GPIO_WritePin
 .text.HAL_GPIO_TogglePin
                0x080038dc       0x12 CMakeFiles/Cubesat_stm32.elf.dir/Drivers/STM32F4xx_HAL_Driver/Src/stm32f4xx_hal_gpio.c.obj
                0x080038dc                HAL_GPIO_TogglePin
 .text.I2C_IsAcknowledgeFailed
                0x080038ee       0x32 CMakeFiles/Cubesat_stm32.elf.dir/Drivers/STM32F4xx_HAL_Driver/Src/stm32f4xx_hal_i2c.c.obj
 .text.I2C_WaitOnFlagUntilTimeout
                0x08003920       0x7c CMakeFiles/Cubesat_stm32.elf.dir/Drivers/STM32F4xx_HAL_Driver/Src/stm32f4xx_hal_i2c.c.obj
 .text.I2C_WaitOnMasterAddressFlagUntilTimeout
                0x0800399c       0xaa CMakeFiles/Cubesat_stm32.elf.dir/Drivers/STM32F4xx_HAL_Driver/Src/stm32f4xx_hal_i2c.c.obj
 *fill*         0x08003a46        0x2 
 .text.I2C_MasterRequestWrite
                0x08003a48       0xb4 CMakeFiles/Cubesat_stm32.elf.dir/Drivers/STM32F4xx_HAL_Driver/Src/stm32f4xx_hal_i2c.c.obj
 .text.I2C_WaitOnTXEFlagUntilTimeout
                0x08003afc       0x54 CMakeFiles/Cubesat_stm32.elf.dir/Drivers/STM32F4xx_HAL_Driver/Src/stm32f4xx_hal_i2c.c.obj
 .text.I2C_RequestMemoryRead
                0x08003b50      0x154 CMakeFiles/Cubesat_stm32.elf.dir/Drivers/STM32F4xx_HAL_Driver/Src/stm32f4xx_hal_i2c.c.obj
 .text.I2C_WaitOnBTFFlagUntilTimeout
                0x08003ca4       0x54 CMakeFiles/Cubesat_stm32.elf.dir/Drivers/STM32F4xx_HAL_Driver/Src/stm32f4xx_hal_i2c.c.obj
 .text.I2C_WaitOnRXNEFlagUntilTimeout
                0x08003cf8       0x6a CMakeFiles/Cubesat_stm32.elf.dir/Drivers/STM32F4xx_HAL_Driver/Src/stm32f4xx_hal_i2c.c.obj
 *fill*         0x08003d62        0x2 
 .text.HAL_I2C_Init
                0x08003d64      0x1bc CMakeFiles/Cubesat_stm32.elf.dir/Drivers/STM32F4xx_HAL_Driver/Src/stm32f4xx_hal_i2c.c.obj
                0x08003d64                HAL_I2C_Init
 .text.HAL_I2C_Master_Transmit
                0x08003f20      0x178 CMakeFiles/Cubesat_stm32.elf.dir/Drivers/STM32F4xx_HAL_Driver/Src/stm32f4xx_hal_i2c.c.obj
                0x08003f20                HAL_I2C_Master_Transmit
 .text.HAL_I2C_Mem_Read
                0x08004098      0x2e4 CMakeFiles/Cubesat_stm32.elf.dir/Drivers/STM32F4xx_HAL_Driver/Src/stm32f4xx_hal_i2c.c.obj
                0x08004098                HAL_I2C_Mem_Read
 .text.HAL_I2C_IsDeviceReady
                0x0800437c      0x194 CMakeFiles/Cubesat_stm32.elf.dir/Drivers/STM32F4xx_HAL_Driver/Src/stm32f4xx_hal_i2c.c.obj
                0x0800437c                HAL_I2C_IsDeviceReady
 .text.HAL_RCC_OscConfig
                0x08004510      0x3f8 CMakeFiles/Cubesat_stm32.elf.dir/Drivers/STM32F4xx_HAL_Driver/Src/stm32f4xx_hal_rcc.c.obj
                0x08004510                HAL_RCC_OscConfig
 .text.HAL_RCC_GetSysClockFreq
                0x08004908       0xa4 CMakeFiles/Cubesat_stm32.elf.dir/Drivers/STM32F4xx_HAL_Driver/Src/stm32f4xx_hal_rcc.c.obj
                0x08004908                HAL_RCC_GetSysClockFreq
 .text.HAL_RCC_ClockConfig
                0x080049ac      0x160 CMakeFiles/Cubesat_stm32.elf.dir/Drivers/STM32F4xx_HAL_Driver/Src/stm32f4xx_hal_rcc.c.obj
                0x080049ac                HAL_RCC_ClockConfig
 .text.HAL_RCC_GetHCLKFreq
                0x08004b0c        0xc CMakeFiles/Cubesat_stm32.elf.dir/Drivers/STM32F4xx_HAL_Driver/Src/stm32f4xx_hal_rcc.c.obj
                0x08004b0c                HAL_RCC_GetHCLKFreq
 .text.HAL_RCC_GetPCLK1Freq
                0x08004b18       0x20 CMakeFiles/Cubesat_stm32.elf.dir/Drivers/STM32F4xx_HAL_Driver/Src/stm32f4xx_hal_rcc.c.obj
                0x08004b18                HAL_RCC_GetPCLK1Freq
 .text.HAL_RCC_GetPCLK2Freq
                0x08004b38       0x20 CMakeFiles/Cubesat_stm32.elf.dir/Drivers/STM32F4xx_HAL_Driver/Src/stm32f4xx_hal_rcc.c.obj
                0x08004b38                HAL_RCC_GetPCLK2Freq
 .text.SD_PowerON
                0x08004b58       0xc0 CMakeFiles/Cubesat_stm32.elf.dir/Drivers/STM32F4xx_HAL_Driver/Src/stm32f4xx_hal_sd.c.obj
 .text.SD_FindSCR
                0x08004c18      0x100 CMakeFiles/Cubesat_stm32.elf.dir/Drivers/STM32F4xx_HAL_Driver/Src/stm32f4xx_hal_sd.c.obj
 .text.SD_WideBus_Enable
                0x08004d18       0x4e CMakeFiles/Cubesat_stm32.elf.dir/Drivers/STM32F4xx_HAL_Driver/Src/stm32f4xx_hal_sd.c.obj
 .text.SD_WideBus_Disable
                0x08004d66       0x4e CMakeFiles/Cubesat_stm32.elf.dir/Drivers/STM32F4xx_HAL_Driver/Src/stm32f4xx_hal_sd.c.obj
 .text.SD_SendStatus
                0x08004db4       0x2c CMakeFiles/Cubesat_stm32.elf.dir/Drivers/STM32F4xx_HAL_Driver/Src/stm32f4xx_hal_sd.c.obj
 .text.HAL_SD_ReadBlocks
                0x08004de0      0x248 CMakeFiles/Cubesat_stm32.elf.dir/Drivers/STM32F4xx_HAL_Driver/Src/stm32f4xx_hal_sd.c.obj
                0x08004de0                HAL_SD_ReadBlocks
 .text.HAL_SD_WriteBlocks
                0x08005028      0x204 CMakeFiles/Cubesat_stm32.elf.dir/Drivers/STM32F4xx_HAL_Driver/Src/stm32f4xx_hal_sd.c.obj
                0x08005028                HAL_SD_WriteBlocks
 .text.HAL_SD_GetCardCSD
                0x0800522c      0x1b8 CMakeFiles/Cubesat_stm32.elf.dir/Drivers/STM32F4xx_HAL_Driver/Src/stm32f4xx_hal_sd.c.obj
                0x0800522c                HAL_SD_GetCardCSD
 .text.SD_InitCard
                0x080053e4      0x100 CMakeFiles/Cubesat_stm32.elf.dir/Drivers/STM32F4xx_HAL_Driver/Src/stm32f4xx_hal_sd.c.obj
 .text.HAL_SD_InitCard
                0x080054e4       0xa8 CMakeFiles/Cubesat_stm32.elf.dir/Drivers/STM32F4xx_HAL_Driver/Src/stm32f4xx_hal_sd.c.obj
                0x080054e4                HAL_SD_InitCard
 .text.HAL_SD_Init
                0x0800558c       0x36 CMakeFiles/Cubesat_stm32.elf.dir/Drivers/STM32F4xx_HAL_Driver/Src/stm32f4xx_hal_sd.c.obj
                0x0800558c                HAL_SD_Init
 .text.HAL_SD_GetCardInfo
                0x080055c2       0x24 CMakeFiles/Cubesat_stm32.elf.dir/Drivers/STM32F4xx_HAL_Driver/Src/stm32f4xx_hal_sd.c.obj
                0x080055c2                HAL_SD_GetCardInfo
 *fill*         0x080055e6        0x2 
 .text.HAL_SD_ConfigWideBusOperation
                0x080055e8       0xc0 CMakeFiles/Cubesat_stm32.elf.dir/Drivers/STM32F4xx_HAL_Driver/Src/stm32f4xx_hal_sd.c.obj
                0x080055e8                HAL_SD_ConfigWideBusOperation
 .text.HAL_SD_GetCardState
                0x080056a8       0x22 CMakeFiles/Cubesat_stm32.elf.dir/Drivers/STM32F4xx_HAL_Driver/Src/stm32f4xx_hal_sd.c.obj
                0x080056a8                HAL_SD_GetCardState
 *fill*         0x080056ca        0x2 
 .text.UART_SetConfig
                0x080056cc      0x110 CMakeFiles/Cubesat_stm32.elf.dir/Drivers/STM32F4xx_HAL_Driver/Src/stm32f4xx_hal_uart.c.obj
 .text.UART_WaitOnFlagUntilTimeout
                0x080057dc       0x88 CMakeFiles/Cubesat_stm32.elf.dir/Drivers/STM32F4xx_HAL_Driver/Src/stm32f4xx_hal_uart.c.obj
 .text.HAL_UART_Init
                0x08005864       0x5e CMakeFiles/Cubesat_stm32.elf.dir/Drivers/STM32F4xx_HAL_Driver/Src/stm32f4xx_hal_uart.c.obj
                0x08005864                HAL_UART_Init
 .text.HAL_UART_Transmit
                0x080058c2       0xd8 CMakeFiles/Cubesat_stm32.elf.dir/Drivers/STM32F4xx_HAL_Driver/Src/stm32f4xx_hal_uart.c.obj
                0x080058c2                HAL_UART_Transmit
 *fill*         0x0800599a        0x2 
 .text.SDMMC_GetCmdError
                0x0800599c       0x38 CMakeFiles/Cubesat_stm32.elf.dir/Drivers/STM32F4xx_HAL_Driver/Src/stm32f4xx_ll_sdmmc.c.obj
 .text.SDIO_Init
                0x080059d4       0x32 CMakeFiles/Cubesat_stm32.elf.dir/Drivers/STM32F4xx_HAL_Driver/Src/stm32f4xx_ll_sdmmc.c.obj
                0x080059d4                SDIO_Init
 .text.SDIO_ReadFIFO
                0x08005a06        0x6 CMakeFiles/Cubesat_stm32.elf.dir/Drivers/STM32F4xx_HAL_Driver/Src/stm32f4xx_ll_sdmmc.c.obj
                0x08005a06                SDIO_ReadFIFO
 .text.SDIO_WriteFIFO
                0x08005a0c        0xa CMakeFiles/Cubesat_stm32.elf.dir/Drivers/STM32F4xx_HAL_Driver/Src/stm32f4xx_ll_sdmmc.c.obj
                0x08005a0c                SDIO_WriteFIFO
 .text.SDIO_PowerState_ON
                0x08005a16        0x8 CMakeFiles/Cubesat_stm32.elf.dir/Drivers/STM32F4xx_HAL_Driver/Src/stm32f4xx_ll_sdmmc.c.obj
                0x08005a16                SDIO_PowerState_ON
 .text.SDIO_GetPowerState
                0x08005a1e        0x8 CMakeFiles/Cubesat_stm32.elf.dir/Drivers/STM32F4xx_HAL_Driver/Src/stm32f4xx_ll_sdmmc.c.obj
                0x08005a1e                SDIO_GetPowerState
 .text.SDIO_SendCommand
                0x08005a26       0x24 CMakeFiles/Cubesat_stm32.elf.dir/Drivers/STM32F4xx_HAL_Driver/Src/stm32f4xx_ll_sdmmc.c.obj
                0x08005a26                SDIO_SendCommand
 .text.SDIO_GetCommandResponse
                0x08005a4a        0x6 CMakeFiles/Cubesat_stm32.elf.dir/Drivers/STM32F4xx_HAL_Driver/Src/stm32f4xx_ll_sdmmc.c.obj
                0x08005a4a                SDIO_GetCommandResponse
 .text.SDIO_GetResponse
                0x08005a50        0x6 CMakeFiles/Cubesat_stm32.elf.dir/Drivers/STM32F4xx_HAL_Driver/Src/stm32f4xx_ll_sdmmc.c.obj
                0x08005a50                SDIO_GetResponse
 .text.SDIO_ConfigData
                0x08005a56       0x24 CMakeFiles/Cubesat_stm32.elf.dir/Drivers/STM32F4xx_HAL_Driver/Src/stm32f4xx_ll_sdmmc.c.obj
                0x08005a56                SDIO_ConfigData
 .text.SDMMC_CmdGoIdleState
                0x08005a7a       0x26 CMakeFiles/Cubesat_stm32.elf.dir/Drivers/STM32F4xx_HAL_Driver/Src/stm32f4xx_ll_sdmmc.c.obj
                0x08005a7a                SDMMC_CmdGoIdleState
 .text.SDMMC_GetCmdResp1
                0x08005aa0      0x154 CMakeFiles/Cubesat_stm32.elf.dir/Drivers/STM32F4xx_HAL_Driver/Src/stm32f4xx_ll_sdmmc.c.obj
                0x08005aa0                SDMMC_GetCmdResp1
 .text.SDMMC_CmdBlockLength
                0x08005bf4       0x30 CMakeFiles/Cubesat_stm32.elf.dir/Drivers/STM32F4xx_HAL_Driver/Src/stm32f4xx_ll_sdmmc.c.obj
                0x08005bf4                SDMMC_CmdBlockLength
 .text.SDMMC_CmdReadSingleBlock
                0x08005c24       0x30 CMakeFiles/Cubesat_stm32.elf.dir/Drivers/STM32F4xx_HAL_Driver/Src/stm32f4xx_ll_sdmmc.c.obj
                0x08005c24                SDMMC_CmdReadSingleBlock
 .text.SDMMC_CmdReadMultiBlock
                0x08005c54       0x30 CMakeFiles/Cubesat_stm32.elf.dir/Drivers/STM32F4xx_HAL_Driver/Src/stm32f4xx_ll_sdmmc.c.obj
                0x08005c54                SDMMC_CmdReadMultiBlock
 .text.SDMMC_CmdWriteSingleBlock
                0x08005c84       0x30 CMakeFiles/Cubesat_stm32.elf.dir/Drivers/STM32F4xx_HAL_Driver/Src/stm32f4xx_ll_sdmmc.c.obj
                0x08005c84                SDMMC_CmdWriteSingleBlock
 .text.SDMMC_CmdWriteMultiBlock
                0x08005cb4       0x30 CMakeFiles/Cubesat_stm32.elf.dir/Drivers/STM32F4xx_HAL_Driver/Src/stm32f4xx_ll_sdmmc.c.obj
                0x08005cb4                SDMMC_CmdWriteMultiBlock
 .text.SDMMC_CmdStopTransfer
                0x08005ce4       0x34 CMakeFiles/Cubesat_stm32.elf.dir/Drivers/STM32F4xx_HAL_Driver/Src/stm32f4xx_ll_sdmmc.c.obj
                0x08005ce4                SDMMC_CmdStopTransfer
 .text.SDMMC_CmdSelDesel
                0x08005d18       0x30 CMakeFiles/Cubesat_stm32.elf.dir/Drivers/STM32F4xx_HAL_Driver/Src/stm32f4xx_ll_sdmmc.c.obj
                0x08005d18                SDMMC_CmdSelDesel
 .text.SDMMC_CmdAppCommand
                0x08005d48       0x30 CMakeFiles/Cubesat_stm32.elf.dir/Drivers/STM32F4xx_HAL_Driver/Src/stm32f4xx_ll_sdmmc.c.obj
                0x08005d48                SDMMC_CmdAppCommand
 .text.SDMMC_CmdBusWidth
                0x08005d78       0x30 CMakeFiles/Cubesat_stm32.elf.dir/Drivers/STM32F4xx_HAL_Driver/Src/stm32f4xx_ll_sdmmc.c.obj
                0x08005d78                SDMMC_CmdBusWidth
 .text.SDMMC_CmdSendSCR
                0x08005da8       0x30 CMakeFiles/Cubesat_stm32.elf.dir/Drivers/STM32F4xx_HAL_Driver/Src/stm32f4xx_ll_sdmmc.c.obj
                0x08005da8                SDMMC_CmdSendSCR
 .text.SDMMC_CmdSendStatus
                0x08005dd8       0x30 CMakeFiles/Cubesat_stm32.elf.dir/Drivers/STM32F4xx_HAL_Driver/Src/stm32f4xx_ll_sdmmc.c.obj
                0x08005dd8                SDMMC_CmdSendStatus
 .text.SDMMC_GetCmdResp2
                0x08005e08       0x5c CMakeFiles/Cubesat_stm32.elf.dir/Drivers/STM32F4xx_HAL_Driver/Src/stm32f4xx_ll_sdmmc.c.obj
                0x08005e08                SDMMC_GetCmdResp2
 .text.SDMMC_CmdSendCID
                0x08005e64       0x2a CMakeFiles/Cubesat_stm32.elf.dir/Drivers/STM32F4xx_HAL_Driver/Src/stm32f4xx_ll_sdmmc.c.obj
                0x08005e64                SDMMC_CmdSendCID
 .text.SDMMC_CmdSendCSD
                0x08005e8e       0x2a CMakeFiles/Cubesat_stm32.elf.dir/Drivers/STM32F4xx_HAL_Driver/Src/stm32f4xx_ll_sdmmc.c.obj
                0x08005e8e                SDMMC_CmdSendCSD
 .text.SDMMC_GetCmdResp3
                0x08005eb8       0x4c CMakeFiles/Cubesat_stm32.elf.dir/Drivers/STM32F4xx_HAL_Driver/Src/stm32f4xx_ll_sdmmc.c.obj
                0x08005eb8                SDMMC_GetCmdResp3
 .text.SDMMC_CmdAppOperCommand
                0x08005f04       0x32 CMakeFiles/Cubesat_stm32.elf.dir/Drivers/STM32F4xx_HAL_Driver/Src/stm32f4xx_ll_sdmmc.c.obj
                0x08005f04                SDMMC_CmdAppOperCommand
 *fill*         0x08005f36        0x2 
 .text.SDMMC_GetCmdResp6
                0x08005f38       0xa0 CMakeFiles/Cubesat_stm32.elf.dir/Drivers/STM32F4xx_HAL_Driver/Src/stm32f4xx_ll_sdmmc.c.obj
                0x08005f38                SDMMC_GetCmdResp6
 .text.SDMMC_CmdSetRelAdd
                0x08005fd8       0x30 CMakeFiles/Cubesat_stm32.elf.dir/Drivers/STM32F4xx_HAL_Driver/Src/stm32f4xx_ll_sdmmc.c.obj
                0x08005fd8                SDMMC_CmdSetRelAdd
 .text.SDMMC_GetCmdResp7
                0x08006008       0x64 CMakeFiles/Cubesat_stm32.elf.dir/Drivers/STM32F4xx_HAL_Driver/Src/stm32f4xx_ll_sdmmc.c.obj
                0x08006008                SDMMC_GetCmdResp7
 .text.SDMMC_CmdOperCond
                0x0800606c       0x2e CMakeFiles/Cubesat_stm32.elf.dir/Drivers/STM32F4xx_HAL_Driver/Src/stm32f4xx_ll_sdmmc.c.obj
                0x0800606c                SDMMC_CmdOperCond
 *fill*         0x0800609a        0x2 
 .text.MX_FATFS_Init
                0x0800609c       0x1c CMakeFiles/Cubesat_stm32.elf.dir/FATFS/App/fatfs.c.obj
                0x0800609c                MX_FATFS_Init
 .text.get_fattime
                0x080060b8        0x4 CMakeFiles/Cubesat_stm32.elf.dir/FATFS/App/fatfs.c.obj
                0x080060b8                get_fattime
 .text.BSP_SD_ReadBlocks
                0x080060bc       0x20 CMakeFiles/Cubesat_stm32.elf.dir/FATFS/Target/bsp_driver_sd.c.obj
                0x080060bc                BSP_SD_ReadBlocks
 .text.BSP_SD_WriteBlocks
                0x080060dc       0x20 CMakeFiles/Cubesat_stm32.elf.dir/FATFS/Target/bsp_driver_sd.c.obj
                0x080060dc                BSP_SD_WriteBlocks
 .text.BSP_SD_GetCardState
                0x080060fc       0x14 CMakeFiles/Cubesat_stm32.elf.dir/FATFS/Target/bsp_driver_sd.c.obj
                0x080060fc                BSP_SD_GetCardState
 .text.BSP_SD_GetCardInfo
                0x08006110       0x10 CMakeFiles/Cubesat_stm32.elf.dir/FATFS/Target/bsp_driver_sd.c.obj
                0x08006110                BSP_SD_GetCardInfo
 .text.BSP_SD_IsDetected
                0x08006120       0x10 CMakeFiles/Cubesat_stm32.elf.dir/FATFS/Target/bsp_driver_sd.c.obj
                0x08006120                BSP_SD_IsDetected
 .text.BSP_SD_Init
                0x08006130       0x34 CMakeFiles/Cubesat_stm32.elf.dir/FATFS/Target/bsp_driver_sd.c.obj
                0x08006130                BSP_SD_Init
 .text.SD_CheckStatus
                0x08006164       0x24 CMakeFiles/Cubesat_stm32.elf.dir/FATFS/Target/sd_diskio.c.obj
 .text.SD_initialize
                0x08006188       0x28 CMakeFiles/Cubesat_stm32.elf.dir/FATFS/Target/sd_diskio.c.obj
                0x08006188                SD_initialize
 .text.SD_status
                0x080061b0        0x8 CMakeFiles/Cubesat_stm32.elf.dir/FATFS/Target/sd_diskio.c.obj
                0x080061b0                SD_status
 .text.SD_read  0x080061b8       0x24 CMakeFiles/Cubesat_stm32.elf.dir/FATFS/Target/sd_diskio.c.obj
                0x080061b8                SD_read
 .text.SD_write
                0x080061dc       0x24 CMakeFiles/Cubesat_stm32.elf.dir/FATFS/Target/sd_diskio.c.obj
                0x080061dc                SD_write
 .text.SD_ioctl
                0x08006200       0x58 CMakeFiles/Cubesat_stm32.elf.dir/FATFS/Target/sd_diskio.c.obj
                0x08006200                SD_ioctl
 .text.disk_status
                0x08006258       0x18 CMakeFiles/Cubesat_stm32.elf.dir/Middlewares/Third_Party/FatFs/src/diskio.c.obj
                0x08006258                disk_status
 .text.disk_initialize
                0x08006270       0x28 CMakeFiles/Cubesat_stm32.elf.dir/Middlewares/Third_Party/FatFs/src/diskio.c.obj
                0x08006270                disk_initialize
 .text.disk_read
                0x08006298       0x18 CMakeFiles/Cubesat_stm32.elf.dir/Middlewares/Third_Party/FatFs/src/diskio.c.obj
                0x08006298                disk_read
 .text.disk_write
                0x080062b0       0x18 CMakeFiles/Cubesat_stm32.elf.dir/Middlewares/Third_Party/FatFs/src/diskio.c.obj
                0x080062b0                disk_write
 .text.disk_ioctl
                0x080062c8       0x18 CMakeFiles/Cubesat_stm32.elf.dir/Middlewares/Third_Party/FatFs/src/diskio.c.obj
                0x080062c8                disk_ioctl
 .text.ld_word  0x080062e0        0xa CMakeFiles/Cubesat_stm32.elf.dir/Middlewares/Third_Party/FatFs/src/ff.c.obj
 .text.ld_dword
                0x080062ea       0x16 CMakeFiles/Cubesat_stm32.elf.dir/Middlewares/Third_Party/FatFs/src/ff.c.obj
 .text.st_word  0x08006300        0x8 CMakeFiles/Cubesat_stm32.elf.dir/Middlewares/Third_Party/FatFs/src/ff.c.obj
 .text.st_dword
                0x08006308       0x14 CMakeFiles/Cubesat_stm32.elf.dir/Middlewares/Third_Party/FatFs/src/ff.c.obj
 .text.mem_cpy  0x0800631c       0x14 CMakeFiles/Cubesat_stm32.elf.dir/Middlewares/Third_Party/FatFs/src/ff.c.obj
 .text.mem_set  0x08006330        0xa CMakeFiles/Cubesat_stm32.elf.dir/Middlewares/Third_Party/FatFs/src/ff.c.obj
 .text.mem_cmp  0x0800633a       0x1a CMakeFiles/Cubesat_stm32.elf.dir/Middlewares/Third_Party/FatFs/src/ff.c.obj
 .text.chk_chr  0x08006354       0x10 CMakeFiles/Cubesat_stm32.elf.dir/Middlewares/Third_Party/FatFs/src/ff.c.obj
 .text.chk_lock
                0x08006364       0x74 CMakeFiles/Cubesat_stm32.elf.dir/Middlewares/Third_Party/FatFs/src/ff.c.obj
 .text.enq_lock
                0x080063d8       0x20 CMakeFiles/Cubesat_stm32.elf.dir/Middlewares/Third_Party/FatFs/src/ff.c.obj
 .text.inc_lock
                0x080063f8       0xa8 CMakeFiles/Cubesat_stm32.elf.dir/Middlewares/Third_Party/FatFs/src/ff.c.obj
 .text.dec_lock
                0x080064a0       0x40 CMakeFiles/Cubesat_stm32.elf.dir/Middlewares/Third_Party/FatFs/src/ff.c.obj
 .text.clear_lock
                0x080064e0       0x38 CMakeFiles/Cubesat_stm32.elf.dir/Middlewares/Third_Party/FatFs/src/ff.c.obj
 .text.clust2sect
                0x08006518       0x18 CMakeFiles/Cubesat_stm32.elf.dir/Middlewares/Third_Party/FatFs/src/ff.c.obj
 .text.clmt_clust
                0x08006530       0x26 CMakeFiles/Cubesat_stm32.elf.dir/Middlewares/Third_Party/FatFs/src/ff.c.obj
 .text.ld_clust
                0x08006556       0x26 CMakeFiles/Cubesat_stm32.elf.dir/Middlewares/Third_Party/FatFs/src/ff.c.obj
 .text.st_clust
                0x0800657c       0x26 CMakeFiles/Cubesat_stm32.elf.dir/Middlewares/Third_Party/FatFs/src/ff.c.obj
 *fill*         0x080065a2        0x2 
 .text.create_name
                0x080065a4       0xcc CMakeFiles/Cubesat_stm32.elf.dir/Middlewares/Third_Party/FatFs/src/ff.c.obj
 .text.get_ldnumber
                0x08006670       0x52 CMakeFiles/Cubesat_stm32.elf.dir/Middlewares/Third_Party/FatFs/src/ff.c.obj
 .text.validate
                0x080066c2       0x46 CMakeFiles/Cubesat_stm32.elf.dir/Middlewares/Third_Party/FatFs/src/ff.c.obj
 .text.sync_window
                0x08006708       0x54 CMakeFiles/Cubesat_stm32.elf.dir/Middlewares/Third_Party/FatFs/src/ff.c.obj
 .text.move_window
                0x0800675c       0x36 CMakeFiles/Cubesat_stm32.elf.dir/Middlewares/Third_Party/FatFs/src/ff.c.obj
 *fill*         0x08006792        0x2 
 .text.check_fs
                0x08006794       0x78 CMakeFiles/Cubesat_stm32.elf.dir/Middlewares/Third_Party/FatFs/src/ff.c.obj
 .text.find_volume
                0x0800680c      0x34c CMakeFiles/Cubesat_stm32.elf.dir/Middlewares/Third_Party/FatFs/src/ff.c.obj
 .text.put_fat  0x08006b58      0x13e CMakeFiles/Cubesat_stm32.elf.dir/Middlewares/Third_Party/FatFs/src/ff.c.obj
 .text.get_fat  0x08006c96       0xfc CMakeFiles/Cubesat_stm32.elf.dir/Middlewares/Third_Party/FatFs/src/ff.c.obj
 .text.dir_sdi  0x08006d92       0xc0 CMakeFiles/Cubesat_stm32.elf.dir/Middlewares/Third_Party/FatFs/src/ff.c.obj
 .text.create_chain
                0x08006e52       0xcc CMakeFiles/Cubesat_stm32.elf.dir/Middlewares/Third_Party/FatFs/src/ff.c.obj
 .text.remove_chain
                0x08006f1e       0x7e CMakeFiles/Cubesat_stm32.elf.dir/Middlewares/Third_Party/FatFs/src/ff.c.obj
 .text.dir_next
                0x08006f9c      0x118 CMakeFiles/Cubesat_stm32.elf.dir/Middlewares/Third_Party/FatFs/src/ff.c.obj
 .text.dir_find
                0x080070b4       0x5a CMakeFiles/Cubesat_stm32.elf.dir/Middlewares/Third_Party/FatFs/src/ff.c.obj
 .text.follow_path
                0x0800710e       0x92 CMakeFiles/Cubesat_stm32.elf.dir/Middlewares/Third_Party/FatFs/src/ff.c.obj
 .text.dir_alloc
                0x080071a0       0x50 CMakeFiles/Cubesat_stm32.elf.dir/Middlewares/Third_Party/FatFs/src/ff.c.obj
 .text.dir_register
                0x080071f0       0x3e CMakeFiles/Cubesat_stm32.elf.dir/Middlewares/Third_Party/FatFs/src/ff.c.obj
 *fill*         0x0800722e        0x2 
 .text.sync_fs  0x08007230       0x88 CMakeFiles/Cubesat_stm32.elf.dir/Middlewares/Third_Party/FatFs/src/ff.c.obj
 .text.f_mount  0x080072b8       0x5c CMakeFiles/Cubesat_stm32.elf.dir/Middlewares/Third_Party/FatFs/src/ff.c.obj
                0x080072b8                f_mount
 .text.f_open   0x08007314      0x234 CMakeFiles/Cubesat_stm32.elf.dir/Middlewares/Third_Party/FatFs/src/ff.c.obj
                0x08007314                f_open
 .text.f_write  0x08007548      0x210 CMakeFiles/Cubesat_stm32.elf.dir/Middlewares/Third_Party/FatFs/src/ff.c.obj
                0x08007548                f_write
 .text.f_sync   0x08007758       0x98 CMakeFiles/Cubesat_stm32.elf.dir/Middlewares/Third_Party/FatFs/src/ff.c.obj
                0x08007758                f_sync
 .text.f_close  0x080077f0       0x2a CMakeFiles/Cubesat_stm32.elf.dir/Middlewares/Third_Party/FatFs/src/ff.c.obj
                0x080077f0                f_close
 *fill*         0x0800781a        0x2 
 .text.FATFS_LinkDriverEx
                0x0800781c       0x54 CMakeFiles/Cubesat_stm32.elf.dir/Middlewares/Third_Party/FatFs/src/ff_gen_drv.c.obj
                0x0800781c                FATFS_LinkDriverEx
 .text.FATFS_LinkDriver
                0x08007870        0xa CMakeFiles/Cubesat_stm32.elf.dir/Middlewares/Third_Party/FatFs/src/ff_gen_drv.c.obj
                0x08007870                FATFS_LinkDriver
 *fill*         0x0800787a        0x2 
 .text.__errno  0x0800787c        0xc c:/progra~2/gnuarm~1/102021~1.10/bin/../lib/gcc/arm-none-eabi/10.3.1/../../../../arm-none-eabi/lib/thumb/v7e-m/nofp\libg.a(lib_a-errno.o)
                0x0800787c                __errno
 .text.__libc_init_array
                0x08007888       0x48 c:/progra~2/gnuarm~1/102021~1.10/bin/../lib/gcc/arm-none-eabi/10.3.1/../../../../arm-none-eabi/lib/thumb/v7e-m/nofp\libg.a(lib_a-init.o)
                0x08007888                __libc_init_array
 .text.memset   0x080078d0       0xa4 c:/progra~2/gnuarm~1/102021~1.10/bin/../lib/gcc/arm-none-eabi/10.3.1/../../../../arm-none-eabi/lib/thumb/v7e-m/nofp\libg.a(lib_a-memset.o)
                0x080078d0                memset
 .text.printf   0x08007974       0x28 c:/progra~2/gnuarm~1/102021~1.10/bin/../lib/gcc/arm-none-eabi/10.3.1/../../../../arm-none-eabi/lib/thumb/v7e-m/nofp\libg.a(lib_a-printf.o)
                0x08007974                printf
 .text._puts_r  0x0800799c       0x9c c:/progra~2/gnuarm~1/102021~1.10/bin/../lib/gcc/arm-none-eabi/10.3.1/../../../../arm-none-eabi/lib/thumb/v7e-m/nofp\libg.a(lib_a-puts.o)
                0x0800799c                _puts_r
 .text.puts     0x08007a38       0x10 c:/progra~2/gnuarm~1/102021~1.10/bin/../lib/gcc/arm-none-eabi/10.3.1/../../../../arm-none-eabi/lib/thumb/v7e-m/nofp\libg.a(lib_a-puts.o)
                0x08007a38                puts
 .text.sprintf  0x08007a48       0x40 c:/progra~2/gnuarm~1/102021~1.10/bin/../lib/gcc/arm-none-eabi/10.3.1/../../../../arm-none-eabi/lib/thumb/v7e-m/nofp\libg.a(lib_a-sprintf.o)
                0x08007a48                sprintf
 .text._svfprintf_r
                0x08007a88     0x1a3c c:/progra~2/gnuarm~1/102021~1.10/bin/../lib/gcc/arm-none-eabi/10.3.1/../../../../arm-none-eabi/lib/thumb/v7e-m/nofp\libg.a(lib_a-svfprintf.o)
                0x08007a88                _svfprintf_r
 .text._vfprintf_r
                0x080094c4     0x1ad4 c:/progra~2/gnuarm~1/102021~1.10/bin/../lib/gcc/arm-none-eabi/10.3.1/../../../../arm-none-eabi/lib/thumb/v7e-m/nofp\libg.a(lib_a-vfprintf.o)
                0x080094c4                _vfprintf_r
 .text.__sbprintf
                0x0800af98       0x80 c:/progra~2/gnuarm~1/102021~1.10/bin/../lib/gcc/arm-none-eabi/10.3.1/../../../../arm-none-eabi/lib/thumb/v7e-m/nofp\libg.a(lib_a-vfprintf.o)
 .text.__swsetup_r
                0x0800b018       0xd4 c:/progra~2/gnuarm~1/102021~1.10/bin/../lib/gcc/arm-none-eabi/10.3.1/../../../../arm-none-eabi/lib/thumb/v7e-m/nofp\libg.a(lib_a-wsetup.o)
                0x0800b018                __swsetup_r
 .text.startup.register_fini
                0x0800b0ec       0x14 c:/progra~2/gnuarm~1/102021~1.10/bin/../lib/gcc/arm-none-eabi/10.3.1/../../../../arm-none-eabi/lib/thumb/v7e-m/nofp\libg.a(lib_a-__call_atexit.o)
 .text.atexit   0x0800b100        0xc c:/progra~2/gnuarm~1/102021~1.10/bin/../lib/gcc/arm-none-eabi/10.3.1/../../../../arm-none-eabi/lib/thumb/v7e-m/nofp\libg.a(lib_a-atexit.o)
                0x0800b100                atexit
 .text.quorem   0x0800b10c      0x124 c:/progra~2/gnuarm~1/102021~1.10/bin/../lib/gcc/arm-none-eabi/10.3.1/../../../../arm-none-eabi/lib/thumb/v7e-m/nofp\libg.a(lib_a-dtoa.o)
 .text._dtoa_r  0x0800b230      0xec4 c:/progra~2/gnuarm~1/102021~1.10/bin/../lib/gcc/arm-none-eabi/10.3.1/../../../../arm-none-eabi/lib/thumb/v7e-m/nofp\libg.a(lib_a-dtoa.o)
                0x0800b230                _dtoa_r
 .text.__sflush_r
                0x0800c0f4      0x120 c:/progra~2/gnuarm~1/102021~1.10/bin/../lib/gcc/arm-none-eabi/10.3.1/../../../../arm-none-eabi/lib/thumb/v7e-m/nofp\libg.a(lib_a-fflush.o)
                0x0800c0f4                __sflush_r
 .text._fflush_r
                0x0800c214       0x5c c:/progra~2/gnuarm~1/102021~1.10/bin/../lib/gcc/arm-none-eabi/10.3.1/../../../../arm-none-eabi/lib/thumb/v7e-m/nofp\libg.a(lib_a-fflush.o)
                0x0800c214                _fflush_r
 .text._cleanup_r
                0x0800c270        0xc c:/progra~2/gnuarm~1/102021~1.10/bin/../lib/gcc/arm-none-eabi/10.3.1/../../../../arm-none-eabi/lib/thumb/v7e-m/nofp\libg.a(lib_a-findfp.o)
                0x0800c270                _cleanup_r
 .text.__sinit  0x0800c27c      0x10c c:/progra~2/gnuarm~1/102021~1.10/bin/../lib/gcc/arm-none-eabi/10.3.1/../../../../arm-none-eabi/lib/thumb/v7e-m/nofp\libg.a(lib_a-findfp.o)
                0x0800c27c                __sinit
 .text.__sfp_lock_acquire
                0x0800c388        0xc c:/progra~2/gnuarm~1/102021~1.10/bin/../lib/gcc/arm-none-eabi/10.3.1/../../../../arm-none-eabi/lib/thumb/v7e-m/nofp\libg.a(lib_a-findfp.o)
                0x0800c388                __sfp_lock_acquire
 .text.__sfp_lock_release
                0x0800c394        0xc c:/progra~2/gnuarm~1/102021~1.10/bin/../lib/gcc/arm-none-eabi/10.3.1/../../../../arm-none-eabi/lib/thumb/v7e-m/nofp\libg.a(lib_a-findfp.o)
                0x0800c394                __sfp_lock_release
 .text.__libc_fini_array
                0x0800c3a0       0x2c c:/progra~2/gnuarm~1/102021~1.10/bin/../lib/gcc/arm-none-eabi/10.3.1/../../../../arm-none-eabi/lib/thumb/v7e-m/nofp\libg.a(lib_a-fini.o)
                0x0800c3a0                __libc_fini_array
 .text._malloc_trim_r
                0x0800c3cc       0xa0 c:/progra~2/gnuarm~1/102021~1.10/bin/../lib/gcc/arm-none-eabi/10.3.1/../../../../arm-none-eabi/lib/thumb/v7e-m/nofp\libg.a(lib_a-freer.o)
                0x0800c3cc                _malloc_trim_r
 .text._free_r  0x0800c46c      0x20c c:/progra~2/gnuarm~1/102021~1.10/bin/../lib/gcc/arm-none-eabi/10.3.1/../../../../arm-none-eabi/lib/thumb/v7e-m/nofp\libg.a(lib_a-freer.o)
                0x0800c46c                _free_r
 .text.__sfvwrite_r
                0x0800c678      0x2e8 c:/progra~2/gnuarm~1/102021~1.10/bin/../lib/gcc/arm-none-eabi/10.3.1/../../../../arm-none-eabi/lib/thumb/v7e-m/nofp\libg.a(lib_a-fvwrite.o)
                0x0800c678                __sfvwrite_r
 .text._fwalk_reent
                0x0800c960       0x48 c:/progra~2/gnuarm~1/102021~1.10/bin/../lib/gcc/arm-none-eabi/10.3.1/../../../../arm-none-eabi/lib/thumb/v7e-m/nofp\libg.a(lib_a-fwalk.o)
                0x0800c960                _fwalk_reent
 .text._localeconv_r
                0x0800c9a8        0x8 c:/progra~2/gnuarm~1/102021~1.10/bin/../lib/gcc/arm-none-eabi/10.3.1/../../../../arm-none-eabi/lib/thumb/v7e-m/nofp\libg.a(lib_a-localeconv.o)
                0x0800c9a8                _localeconv_r
 .text.__retarget_lock_init_recursive
                0x0800c9b0        0x4 c:/progra~2/gnuarm~1/102021~1.10/bin/../lib/gcc/arm-none-eabi/10.3.1/../../../../arm-none-eabi/lib/thumb/v7e-m/nofp\libg.a(lib_a-lock.o)
                0x0800c9b0                __retarget_lock_init_recursive
 .text.__retarget_lock_close_recursive
                0x0800c9b4        0x4 c:/progra~2/gnuarm~1/102021~1.10/bin/../lib/gcc/arm-none-eabi/10.3.1/../../../../arm-none-eabi/lib/thumb/v7e-m/nofp\libg.a(lib_a-lock.o)
                0x0800c9b4                __retarget_lock_close_recursive
 .text.__retarget_lock_acquire_recursive
                0x0800c9b8        0x4 c:/progra~2/gnuarm~1/102021~1.10/bin/../lib/gcc/arm-none-eabi/10.3.1/../../../../arm-none-eabi/lib/thumb/v7e-m/nofp\libg.a(lib_a-lock.o)
                0x0800c9b8                __retarget_lock_acquire_recursive
 .text.__retarget_lock_release_recursive
                0x0800c9bc        0x4 c:/progra~2/gnuarm~1/102021~1.10/bin/../lib/gcc/arm-none-eabi/10.3.1/../../../../arm-none-eabi/lib/thumb/v7e-m/nofp\libg.a(lib_a-lock.o)
                0x0800c9bc                __retarget_lock_release_recursive
 .text.__smakebuf_r
                0x0800c9c0       0xe0 c:/progra~2/gnuarm~1/102021~1.10/bin/../lib/gcc/arm-none-eabi/10.3.1/../../../../arm-none-eabi/lib/thumb/v7e-m/nofp\libg.a(lib_a-makebuf.o)
                0x0800c9c0                __smakebuf_r
 .text._malloc_r
                0x0800caa0      0x560 c:/progra~2/gnuarm~1/102021~1.10/bin/../lib/gcc/arm-none-eabi/10.3.1/../../../../arm-none-eabi/lib/thumb/v7e-m/nofp\libg.a(lib_a-mallocr.o)
                0x0800caa0                _malloc_r
 .text.memmove  0x0800d000       0xf8 c:/progra~2/gnuarm~1/102021~1.10/bin/../lib/gcc/arm-none-eabi/10.3.1/../../../../arm-none-eabi/lib/thumb/v7e-m/nofp\libg.a(lib_a-memmove.o)
                0x0800d000                memmove
 .text.__malloc_lock
                0x0800d0f8        0xc c:/progra~2/gnuarm~1/102021~1.10/bin/../lib/gcc/arm-none-eabi/10.3.1/../../../../arm-none-eabi/lib/thumb/v7e-m/nofp\libg.a(lib_a-mlock.o)
                0x0800d0f8                __malloc_lock
 .text.__malloc_unlock
                0x0800d104        0xc c:/progra~2/gnuarm~1/102021~1.10/bin/../lib/gcc/arm-none-eabi/10.3.1/../../../../arm-none-eabi/lib/thumb/v7e-m/nofp\libg.a(lib_a-mlock.o)
                0x0800d104                __malloc_unlock
 .text._Balloc  0x0800d110       0x4c c:/progra~2/gnuarm~1/102021~1.10/bin/../lib/gcc/arm-none-eabi/10.3.1/../../../../arm-none-eabi/lib/thumb/v7e-m/nofp\libg.a(lib_a-mprec.o)
                0x0800d110                _Balloc
 .text._Bfree   0x0800d15c       0x14 c:/progra~2/gnuarm~1/102021~1.10/bin/../lib/gcc/arm-none-eabi/10.3.1/../../../../arm-none-eabi/lib/thumb/v7e-m/nofp\libg.a(lib_a-mprec.o)
                0x0800d15c                _Bfree
 .text.__multadd
                0x0800d170       0xa0 c:/progra~2/gnuarm~1/102021~1.10/bin/../lib/gcc/arm-none-eabi/10.3.1/../../../../arm-none-eabi/lib/thumb/v7e-m/nofp\libg.a(lib_a-mprec.o)
                0x0800d170                __multadd
 .text.__hi0bits
                0x0800d210       0x40 c:/progra~2/gnuarm~1/102021~1.10/bin/../lib/gcc/arm-none-eabi/10.3.1/../../../../arm-none-eabi/lib/thumb/v7e-m/nofp\libg.a(lib_a-mprec.o)
                0x0800d210                __hi0bits
 .text.__lo0bits
                0x0800d250       0x5c c:/progra~2/gnuarm~1/102021~1.10/bin/../lib/gcc/arm-none-eabi/10.3.1/../../../../arm-none-eabi/lib/thumb/v7e-m/nofp\libg.a(lib_a-mprec.o)
                0x0800d250                __lo0bits
 .text.__i2b    0x0800d2ac       0x5c c:/progra~2/gnuarm~1/102021~1.10/bin/../lib/gcc/arm-none-eabi/10.3.1/../../../../arm-none-eabi/lib/thumb/v7e-m/nofp\libg.a(lib_a-mprec.o)
                0x0800d2ac                __i2b
 .text.__multiply
                0x0800d308      0x15c c:/progra~2/gnuarm~1/102021~1.10/bin/../lib/gcc/arm-none-eabi/10.3.1/../../../../arm-none-eabi/lib/thumb/v7e-m/nofp\libg.a(lib_a-mprec.o)
                0x0800d308                __multiply
 .text.__pow5mult
                0x0800d464       0xc0 c:/progra~2/gnuarm~1/102021~1.10/bin/../lib/gcc/arm-none-eabi/10.3.1/../../../../arm-none-eabi/lib/thumb/v7e-m/nofp\libg.a(lib_a-mprec.o)
                0x0800d464                __pow5mult
 .text.__lshift
                0x0800d524       0xf0 c:/progra~2/gnuarm~1/102021~1.10/bin/../lib/gcc/arm-none-eabi/10.3.1/../../../../arm-none-eabi/lib/thumb/v7e-m/nofp\libg.a(lib_a-mprec.o)
                0x0800d524                __lshift
 .text.__mcmp   0x0800d614       0x40 c:/progra~2/gnuarm~1/102021~1.10/bin/../lib/gcc/arm-none-eabi/10.3.1/../../../../arm-none-eabi/lib/thumb/v7e-m/nofp\libg.a(lib_a-mprec.o)
                0x0800d614                __mcmp
 .text.__mdiff  0x0800d654      0x14c c:/progra~2/gnuarm~1/102021~1.10/bin/../lib/gcc/arm-none-eabi/10.3.1/../../../../arm-none-eabi/lib/thumb/v7e-m/nofp\libg.a(lib_a-mprec.o)
                0x0800d654                __mdiff
 .text.__d2b    0x0800d7a0       0xc4 c:/progra~2/gnuarm~1/102021~1.10/bin/../lib/gcc/arm-none-eabi/10.3.1/../../../../arm-none-eabi/lib/thumb/v7e-m/nofp\libg.a(lib_a-mprec.o)
                0x0800d7a0                __d2b
 .text._realloc_r
                0x0800d864      0x3d8 c:/progra~2/gnuarm~1/102021~1.10/bin/../lib/gcc/arm-none-eabi/10.3.1/../../../../arm-none-eabi/lib/thumb/v7e-m/nofp\libg.a(lib_a-reallocr.o)
                0x0800d864                _realloc_r
 .text.frexp    0x0800dc3c       0x70 c:/progra~2/gnuarm~1/102021~1.10/bin/../lib/gcc/arm-none-eabi/10.3.1/../../../../arm-none-eabi/lib/thumb/v7e-m/nofp\libg.a(lib_a-s_frexp.o)
                0x0800dc3c                frexp
 .text._sbrk_r  0x0800dcac       0x24 c:/progra~2/gnuarm~1/102021~1.10/bin/../lib/gcc/arm-none-eabi/10.3.1/../../../../arm-none-eabi/lib/thumb/v7e-m/nofp\libg.a(lib_a-sbrkr.o)
                0x0800dcac                _sbrk_r
 .text.__sread  0x0800dcd0       0x24 c:/progra~2/gnuarm~1/102021~1.10/bin/../lib/gcc/arm-none-eabi/10.3.1/../../../../arm-none-eabi/lib/thumb/v7e-m/nofp\libg.a(lib_a-stdio.o)
                0x0800dcd0                __sread
 .text.__swrite
                0x0800dcf4       0x40 c:/progra~2/gnuarm~1/102021~1.10/bin/../lib/gcc/arm-none-eabi/10.3.1/../../../../arm-none-eabi/lib/thumb/v7e-m/nofp\libg.a(lib_a-stdio.o)
                0x0800dcf4                __swrite
 .text.__sseek  0x0800dd34       0x20 c:/progra~2/gnuarm~1/102021~1.10/bin/../lib/gcc/arm-none-eabi/10.3.1/../../../../arm-none-eabi/lib/thumb/v7e-m/nofp\libg.a(lib_a-stdio.o)
                0x0800dd34                __sseek
 .text.__sclose
                0x0800dd54        0x8 c:/progra~2/gnuarm~1/102021~1.10/bin/../lib/gcc/arm-none-eabi/10.3.1/../../../../arm-none-eabi/lib/thumb/v7e-m/nofp\libg.a(lib_a-stdio.o)
                0x0800dd54                __sclose
 .text.strncpy  0x0800dd5c       0x64 c:/progra~2/gnuarm~1/102021~1.10/bin/../lib/gcc/arm-none-eabi/10.3.1/../../../../arm-none-eabi/lib/thumb/v7e-m/nofp\libg.a(lib_a-strncpy.o)
                0x0800dd5c                strncpy
 .text.__ssprint_r
                0x0800ddc0       0xf8 c:/progra~2/gnuarm~1/102021~1.10/bin/../lib/gcc/arm-none-eabi/10.3.1/../../../../arm-none-eabi/lib/thumb/v7e-m/nofp\libg.a(lib_a-svfiprintf.o)
                0x0800ddc0                __ssprint_r
 .text.__sprint_r.part.0
                0x0800deb8       0x78 c:/progra~2/gnuarm~1/102021~1.10/bin/../lib/gcc/arm-none-eabi/10.3.1/../../../../arm-none-eabi/lib/thumb/v7e-m/nofp\libg.a(lib_a-vfiprintf.o)
 .text.__sprint_r
                0x0800df30       0x14 c:/progra~2/gnuarm~1/102021~1.10/bin/../lib/gcc/arm-none-eabi/10.3.1/../../../../arm-none-eabi/lib/thumb/v7e-m/nofp\libg.a(lib_a-vfiprintf.o)
                0x0800df30                __sprint_r
 .text._vfiprintf_r
                0x0800df44      0xda0 c:/progra~2/gnuarm~1/102021~1.10/bin/../lib/gcc/arm-none-eabi/10.3.1/../../../../arm-none-eabi/lib/thumb/v7e-m/nofp\libg.a(lib_a-vfiprintf.o)
                0x0800df44                _vfiprintf_r
 .text.__sbprintf
                0x0800ece4       0x80 c:/progra~2/gnuarm~1/102021~1.10/bin/../lib/gcc/arm-none-eabi/10.3.1/../../../../arm-none-eabi/lib/thumb/v7e-m/nofp\libg.a(lib_a-vfiprintf.o)
 .text._write_r
                0x0800ed64       0x2c c:/progra~2/gnuarm~1/102021~1.10/bin/../lib/gcc/arm-none-eabi/10.3.1/../../../../arm-none-eabi/lib/thumb/v7e-m/nofp\libg.a(lib_a-writer.o)
                0x0800ed64                _write_r
 .text.__register_exitproc
                0x0800ed90       0x8c c:/progra~2/gnuarm~1/102021~1.10/bin/../lib/gcc/arm-none-eabi/10.3.1/../../../../arm-none-eabi/lib/thumb/v7e-m/nofp\libg.a(lib_a-__atexit.o)
                0x0800ed90                __register_exitproc
 .text.__assert_func
                0x0800ee1c       0x40 c:/progra~2/gnuarm~1/102021~1.10/bin/../lib/gcc/arm-none-eabi/10.3.1/../../../../arm-none-eabi/lib/thumb/v7e-m/nofp\libg.a(lib_a-assert.o)
                0x0800ee1c                __assert_func
 .text._calloc_r
                0x0800ee5c       0x78 c:/progra~2/gnuarm~1/102021~1.10/bin/../lib/gcc/arm-none-eabi/10.3.1/../../../../arm-none-eabi/lib/thumb/v7e-m/nofp\libg.a(lib_a-callocr.o)
                0x0800ee5c                _calloc_r
 .text._close_r
                0x0800eed4       0x24 c:/progra~2/gnuarm~1/102021~1.10/bin/../lib/gcc/arm-none-eabi/10.3.1/../../../../arm-none-eabi/lib/thumb/v7e-m/nofp\libg.a(lib_a-closer.o)
                0x0800eed4                _close_r
 .text._fclose_r
                0x0800eef8       0xcc c:/progra~2/gnuarm~1/102021~1.10/bin/../lib/gcc/arm-none-eabi/10.3.1/../../../../arm-none-eabi/lib/thumb/v7e-m/nofp\libg.a(lib_a-fclose.o)
                0x0800eef8                _fclose_r
 .text.fiprintf
                0x0800efc4       0x28 c:/progra~2/gnuarm~1/102021~1.10/bin/../lib/gcc/arm-none-eabi/10.3.1/../../../../arm-none-eabi/lib/thumb/v7e-m/nofp\libg.a(lib_a-fiprintf.o)
                0x0800efc4                fiprintf
 .text.__fputwc
                0x0800efec       0xa8 c:/progra~2/gnuarm~1/102021~1.10/bin/../lib/gcc/arm-none-eabi/10.3.1/../../../../arm-none-eabi/lib/thumb/v7e-m/nofp\libg.a(lib_a-fputwc.o)
                0x0800efec                __fputwc
 .text._fputwc_r
                0x0800f094       0x68 c:/progra~2/gnuarm~1/102021~1.10/bin/../lib/gcc/arm-none-eabi/10.3.1/../../../../arm-none-eabi/lib/thumb/v7e-m/nofp\libg.a(lib_a-fputwc.o)
                0x0800f094                _fputwc_r
 .text._fstat_r
                0x0800f0fc       0x2c c:/progra~2/gnuarm~1/102021~1.10/bin/../lib/gcc/arm-none-eabi/10.3.1/../../../../arm-none-eabi/lib/thumb/v7e-m/nofp\libg.a(lib_a-fstatr.o)
                0x0800f0fc                _fstat_r
 .text._isatty_r
                0x0800f128       0x24 c:/progra~2/gnuarm~1/102021~1.10/bin/../lib/gcc/arm-none-eabi/10.3.1/../../../../arm-none-eabi/lib/thumb/v7e-m/nofp\libg.a(lib_a-isattyr.o)
                0x0800f128                _isatty_r
 .text.__locale_mb_cur_max
                0x0800f14c        0xc c:/progra~2/gnuarm~1/102021~1.10/bin/../lib/gcc/arm-none-eabi/10.3.1/../../../../arm-none-eabi/lib/thumb/v7e-m/nofp\libg.a(lib_a-locale.o)
                0x0800f14c                __locale_mb_cur_max
 .text._lseek_r
                0x0800f158       0x2c c:/progra~2/gnuarm~1/102021~1.10/bin/../lib/gcc/arm-none-eabi/10.3.1/../../../../arm-none-eabi/lib/thumb/v7e-m/nofp\libg.a(lib_a-lseekr.o)
                0x0800f158                _lseek_r
 .text.__ascii_mbtowc
                0x0800f184       0x2c c:/progra~2/gnuarm~1/102021~1.10/bin/../lib/gcc/arm-none-eabi/10.3.1/../../../../arm-none-eabi/lib/thumb/v7e-m/nofp\libg.a(lib_a-mbtowc_r.o)
                0x0800f184                __ascii_mbtowc
 .text._read_r  0x0800f1b0       0x2c c:/progra~2/gnuarm~1/102021~1.10/bin/../lib/gcc/arm-none-eabi/10.3.1/../../../../arm-none-eabi/lib/thumb/v7e-m/nofp\libg.a(lib_a-readr.o)
                0x0800f1b0                _read_r
 .text.__swbuf_r
                0x0800f1dc       0xb0 c:/progra~2/gnuarm~1/102021~1.10/bin/../lib/gcc/arm-none-eabi/10.3.1/../../../../arm-none-eabi/lib/thumb/v7e-m/nofp\libg.a(lib_a-wbuf.o)
                0x0800f1dc                __swbuf_r
 .text._wcrtomb_r
                0x0800f28c       0x3c c:/progra~2/gnuarm~1/102021~1.10/bin/../lib/gcc/arm-none-eabi/10.3.1/../../../../arm-none-eabi/lib/thumb/v7e-m/nofp\libg.a(lib_a-wcrtomb.o)
                0x0800f28c                _wcrtomb_r
 .text.__ascii_wctomb
                0x0800f2c8       0x1c c:/progra~2/gnuarm~1/102021~1.10/bin/../lib/gcc/arm-none-eabi/10.3.1/../../../../arm-none-eabi/lib/thumb/v7e-m/nofp\libg.a(lib_a-wctomb_r.o)
                0x0800f2c8                __ascii_wctomb
 .text.abort    0x0800f2e4       0x10 c:/progra~2/gnuarm~1/102021~1.10/bin/../lib/gcc/arm-none-eabi/10.3.1/../../../../arm-none-eabi/lib/thumb/v7e-m/nofp\libg.a(lib_a-abort.o)
                0x0800f2e4                abort
 .text.raise    0x0800f2f4       0x5c c:/progra~2/gnuarm~1/102021~1.10/bin/../lib/gcc/arm-none-eabi/10.3.1/../../../../arm-none-eabi/lib/thumb/v7e-m/nofp\libg.a(lib_a-signal.o)
                0x0800f2f4                raise
 .text._kill_r  0x0800f350       0x2c c:/progra~2/gnuarm~1/102021~1.10/bin/../lib/gcc/arm-none-eabi/10.3.1/../../../../arm-none-eabi/lib/thumb/v7e-m/nofp\libg.a(lib_a-signalr.o)
                0x0800f350                _kill_r
 .text._getpid_r
                0x0800f37c        0x4 c:/progra~2/gnuarm~1/102021~1.10/bin/../lib/gcc/arm-none-eabi/10.3.1/../../../../arm-none-eabi/lib/thumb/v7e-m/nofp\libg.a(lib_a-signalr.o)
                0x0800f37c                _getpid_r
 .text.asin     0x0800f380       0x50 c:/progra~2/gnuarm~1/102021~1.10/bin/../lib/gcc/arm-none-eabi/10.3.1/../../../../arm-none-eabi/lib/thumb/v7e-m/nofp\libm.a(lib_a-w_asin.o)
                0x0800f380                asin
 .text.atan2    0x0800f3d0        0x4 c:/progra~2/gnuarm~1/102021~1.10/bin/../lib/gcc/arm-none-eabi/10.3.1/../../../../arm-none-eabi/lib/thumb/v7e-m/nofp\libm.a(lib_a-w_atan2.o)
                0x0800f3d0                atan2
 .text.pow      0x0800f3d4       0xdc c:/progra~2/gnuarm~1/102021~1.10/bin/../lib/gcc/arm-none-eabi/10.3.1/../../../../arm-none-eabi/lib/thumb/v7e-m/nofp\libm.a(lib_a-w_pow.o)
                0x0800f3d4                pow
 .text.sqrt     0x0800f4b0       0x50 c:/progra~2/gnuarm~1/102021~1.10/bin/../lib/gcc/arm-none-eabi/10.3.1/../../../../arm-none-eabi/lib/thumb/v7e-m/nofp\libm.a(lib_a-w_sqrt.o)
                0x0800f4b0                sqrt
 .text.__ieee754_asin
                0x0800f500      0x46c c:/progra~2/gnuarm~1/102021~1.10/bin/../lib/gcc/arm-none-eabi/10.3.1/../../../../arm-none-eabi/lib/thumb/v7e-m/nofp\libm.a(lib_a-e_asin.o)
                0x0800f500                __ieee754_asin
 *fill*         0x0800f96c        0x4 
 .text.__ieee754_atan2
                0x0800f970      0x194 c:/progra~2/gnuarm~1/102021~1.10/bin/../lib/gcc/arm-none-eabi/10.3.1/../../../../arm-none-eabi/lib/thumb/v7e-m/nofp\libm.a(lib_a-e_atan2.o)
                0x0800f970                __ieee754_atan2
 *fill*         0x0800fb04        0x4 
 .text.__ieee754_pow
                0x0800fb08      0xad8 c:/progra~2/gnuarm~1/102021~1.10/bin/../lib/gcc/arm-none-eabi/10.3.1/../../../../arm-none-eabi/lib/thumb/v7e-m/nofp\libm.a(lib_a-e_pow.o)
                0x0800fb08                __ieee754_pow
 .text.__ieee754_sqrt
                0x080105e0      0x18c c:/progra~2/gnuarm~1/102021~1.10/bin/../lib/gcc/arm-none-eabi/10.3.1/../../../../arm-none-eabi/lib/thumb/v7e-m/nofp\libm.a(lib_a-e_sqrt.o)
                0x080105e0                __ieee754_sqrt
 .text.with_errno
                0x0801076c       0x18 c:/progra~2/gnuarm~1/102021~1.10/bin/../lib/gcc/arm-none-eabi/10.3.1/../../../../arm-none-eabi/lib/thumb/v7e-m/nofp\libm.a(lib_a-math_err.o)
 .text.xflow    0x08010784       0x30 c:/progra~2/gnuarm~1/102021~1.10/bin/../lib/gcc/arm-none-eabi/10.3.1/../../../../arm-none-eabi/lib/thumb/v7e-m/nofp\libm.a(lib_a-math_err.o)
 .text.__math_uflow
                0x080107b4        0xc c:/progra~2/gnuarm~1/102021~1.10/bin/../lib/gcc/arm-none-eabi/10.3.1/../../../../arm-none-eabi/lib/thumb/v7e-m/nofp\libm.a(lib_a-math_err.o)
                0x080107b4                __math_uflow
 .text.__math_oflow
                0x080107c0        0xc c:/progra~2/gnuarm~1/102021~1.10/bin/../lib/gcc/arm-none-eabi/10.3.1/../../../../arm-none-eabi/lib/thumb/v7e-m/nofp\libm.a(lib_a-math_err.o)
                0x080107c0                __math_oflow
 *fill*         0x080107cc        0x4 
 .text.atan     0x080107d0      0x32c c:/progra~2/gnuarm~1/102021~1.10/bin/../lib/gcc/arm-none-eabi/10.3.1/../../../../arm-none-eabi/lib/thumb/v7e-m/nofp\libm.a(lib_a-s_atan.o)
                0x080107d0                atan
 .text.fabs     0x08010afc        0x8 c:/progra~2/gnuarm~1/102021~1.10/bin/../lib/gcc/arm-none-eabi/10.3.1/../../../../arm-none-eabi/lib/thumb/v7e-m/nofp\libm.a(lib_a-s_fabs.o)
                0x08010afc                fabs
 .text.finite   0x08010b04        0xc c:/progra~2/gnuarm~1/102021~1.10/bin/../lib/gcc/arm-none-eabi/10.3.1/../../../../arm-none-eabi/lib/thumb/v7e-m/nofp\libm.a(lib_a-s_finite.o)
                0x08010b04                finite
 .text.nan      0x08010b10        0xc c:/progra~2/gnuarm~1/102021~1.10/bin/../lib/gcc/arm-none-eabi/10.3.1/../../../../arm-none-eabi/lib/thumb/v7e-m/nofp\libm.a(lib_a-s_nan.o)
                0x08010b10                nan
 *fill*         0x08010b1c        0x4 
 .text.scalbn   0x08010b20       0xf4 c:/progra~2/gnuarm~1/102021~1.10/bin/../lib/gcc/arm-none-eabi/10.3.1/../../../../arm-none-eabi/lib/thumb/v7e-m/nofp\libm.a(lib_a-s_scalbn.o)
                0x08010b20                scalbn
 *(.glue_7)
 .glue_7        0x08010c14        0x0 linker stubs
 *(.glue_7t)
 .glue_7t       0x08010c14        0x0 linker stubs
 *(.eh_frame)
 .eh_frame      0x08010c14        0x0 c:/progra~2/gnuarm~1/102021~1.10/bin/../lib/gcc/arm-none-eabi/10.3.1/thumb/v7e-m/nofp/crtbegin.o
 *(.init)
 .init          0x08010c14        0x4 c:/progra~2/gnuarm~1/102021~1.10/bin/../lib/gcc/arm-none-eabi/10.3.1/thumb/v7e-m/nofp/crti.o
                0x08010c14                _init
 .init          0x08010c18        0x8 c:/progra~2/gnuarm~1/102021~1.10/bin/../lib/gcc/arm-none-eabi/10.3.1/thumb/v7e-m/nofp/crtn.o
 *(.fini)
 .fini          0x08010c20        0x4 c:/progra~2/gnuarm~1/102021~1.10/bin/../lib/gcc/arm-none-eabi/10.3.1/thumb/v7e-m/nofp/crti.o
                0x08010c20                _fini
 .fini          0x08010c24        0x8 c:/progra~2/gnuarm~1/102021~1.10/bin/../lib/gcc/arm-none-eabi/10.3.1/thumb/v7e-m/nofp/crtn.o
                0x08010c2c                . = ALIGN (0x4)
                0x08010c2c                _etext = .

.vfp11_veneer   0x08010c2c        0x0
 .vfp11_veneer  0x08010c2c        0x0 linker stubs

.v4_bx          0x08010c2c        0x0
 .v4_bx         0x08010c2c        0x0 linker stubs

.iplt           0x08010c2c        0x0
 .iplt          0x08010c2c        0x0 c:/progra~2/gnuarm~1/102021~1.10/bin/../lib/gcc/arm-none-eabi/10.3.1/thumb/v7e-m/nofp/crtbegin.o

.rodata         0x08010c30      0x6f8
                0x08010c30                . = ALIGN (0x4)
 *(.rodata)
 *(.rodata*)
 .rodata.main.str1.4
                0x08010c30      0x1ab CMakeFiles/Cubesat_stm32.elf.dir/Core/Src/main.c.obj
                                0x1af (size before relaxing)
 *fill*         0x08010ddb        0x1 
 .rodata.AHBPrescTable
                0x08010ddc       0x10 CMakeFiles/Cubesat_stm32.elf.dir/Core/Src/system_stm32f4xx.c.obj
                0x08010ddc                AHBPrescTable
 .rodata.APBPrescTable
                0x08010dec        0x8 CMakeFiles/Cubesat_stm32.elf.dir/Core/Src/system_stm32f4xx.c.obj
                0x08010dec                APBPrescTable
 .rodata.SD_Driver
                0x08010df4       0x14 CMakeFiles/Cubesat_stm32.elf.dir/FATFS/Target/sd_diskio.c.obj
                0x08010df4                SD_Driver
 .rodata.create_name.str1.4
                0x08010e08        0xf CMakeFiles/Cubesat_stm32.elf.dir/Middlewares/Third_Party/FatFs/src/ff.c.obj
 *fill*         0x08010e17        0x1 
 .rodata.ExCvt  0x08010e18       0x80 CMakeFiles/Cubesat_stm32.elf.dir/Middlewares/Third_Party/FatFs/src/ff.c.obj
 .rodata._global_impure_ptr
                0x08010e98        0x4 c:/progra~2/gnuarm~1/102021~1.10/bin/../lib/gcc/arm-none-eabi/10.3.1/../../../../arm-none-eabi/lib/thumb/v7e-m/nofp\libg.a(lib_a-impure.o)
                0x08010e98                _global_impure_ptr
 .rodata._puts_r.str1.4
                0x08010e9c        0xf c:/progra~2/gnuarm~1/102021~1.10/bin/../lib/gcc/arm-none-eabi/10.3.1/../../../../arm-none-eabi/lib/thumb/v7e-m/nofp\libg.a(lib_a-puts.o)
                                  0x2 (size before relaxing)
 .rodata._svfprintf_r.str1.4
                0x08010e9c       0x42 c:/progra~2/gnuarm~1/102021~1.10/bin/../lib/gcc/arm-none-eabi/10.3.1/../../../../arm-none-eabi/lib/thumb/v7e-m/nofp\libg.a(lib_a-svfprintf.o)
 *fill*         0x08010ede        0x2 
 .rodata.blanks.1
                0x08010ee0       0x10 c:/progra~2/gnuarm~1/102021~1.10/bin/../lib/gcc/arm-none-eabi/10.3.1/../../../../arm-none-eabi/lib/thumb/v7e-m/nofp\libg.a(lib_a-svfprintf.o)
 .rodata.zeroes.0
                0x08010ef0       0x10 c:/progra~2/gnuarm~1/102021~1.10/bin/../lib/gcc/arm-none-eabi/10.3.1/../../../../arm-none-eabi/lib/thumb/v7e-m/nofp\libg.a(lib_a-svfprintf.o)
 .rodata._vfprintf_r.str1.4
                0x08010f00       0x42 c:/progra~2/gnuarm~1/102021~1.10/bin/../lib/gcc/arm-none-eabi/10.3.1/../../../../arm-none-eabi/lib/thumb/v7e-m/nofp\libg.a(lib_a-vfprintf.o)
 .rodata.blanks.1
                0x08010f00       0x10 c:/progra~2/gnuarm~1/102021~1.10/bin/../lib/gcc/arm-none-eabi/10.3.1/../../../../arm-none-eabi/lib/thumb/v7e-m/nofp\libg.a(lib_a-vfprintf.o)
 .rodata.zeroes.0
                0x08010f10       0x10 c:/progra~2/gnuarm~1/102021~1.10/bin/../lib/gcc/arm-none-eabi/10.3.1/../../../../arm-none-eabi/lib/thumb/v7e-m/nofp\libg.a(lib_a-vfprintf.o)
 .rodata._dtoa_r.str1.4
                0x08010f20       0xa2 c:/progra~2/gnuarm~1/102021~1.10/bin/../lib/gcc/arm-none-eabi/10.3.1/../../../../arm-none-eabi/lib/thumb/v7e-m/nofp\libg.a(lib_a-dtoa.o)
                                 0xa6 (size before relaxing)
 *fill*         0x08010fc2        0x2 
 .rodata.__multadd.str1.4
                0x08010fc4       0x7f c:/progra~2/gnuarm~1/102021~1.10/bin/../lib/gcc/arm-none-eabi/10.3.1/../../../../arm-none-eabi/lib/thumb/v7e-m/nofp\libg.a(lib_a-mprec.o)
                                 0x93 (size before relaxing)
 *fill*         0x08011043        0x5 
 .rodata.__mprec_bigtens
                0x08011048       0x28 c:/progra~2/gnuarm~1/102021~1.10/bin/../lib/gcc/arm-none-eabi/10.3.1/../../../../arm-none-eabi/lib/thumb/v7e-m/nofp\libg.a(lib_a-mprec.o)
                0x08011048                __mprec_bigtens
 .rodata.__mprec_tens
                0x08011070       0xc8 c:/progra~2/gnuarm~1/102021~1.10/bin/../lib/gcc/arm-none-eabi/10.3.1/../../../../arm-none-eabi/lib/thumb/v7e-m/nofp\libg.a(lib_a-mprec.o)
                0x08011070                __mprec_tens
 .rodata.p05.0  0x08011138        0xc c:/progra~2/gnuarm~1/102021~1.10/bin/../lib/gcc/arm-none-eabi/10.3.1/../../../../arm-none-eabi/lib/thumb/v7e-m/nofp\libg.a(lib_a-mprec.o)
 .rodata._vfiprintf_r.str1.4
                0x08011144       0x2f c:/progra~2/gnuarm~1/102021~1.10/bin/../lib/gcc/arm-none-eabi/10.3.1/../../../../arm-none-eabi/lib/thumb/v7e-m/nofp\libg.a(lib_a-vfiprintf.o)
 .rodata.blanks.1
                0x08011144       0x10 c:/progra~2/gnuarm~1/102021~1.10/bin/../lib/gcc/arm-none-eabi/10.3.1/../../../../arm-none-eabi/lib/thumb/v7e-m/nofp\libg.a(lib_a-vfiprintf.o)
 .rodata.zeroes.0
                0x08011154       0x10 c:/progra~2/gnuarm~1/102021~1.10/bin/../lib/gcc/arm-none-eabi/10.3.1/../../../../arm-none-eabi/lib/thumb/v7e-m/nofp\libg.a(lib_a-vfiprintf.o)
 .rodata.__assert_func.str1.4
                0x08011164       0x3f c:/progra~2/gnuarm~1/102021~1.10/bin/../lib/gcc/arm-none-eabi/10.3.1/../../../../arm-none-eabi/lib/thumb/v7e-m/nofp\libg.a(lib_a-assert.o)
                                 0x43 (size before relaxing)
 *fill*         0x080111a3        0x1 
 .rodata._setlocale_r.str1.4
                0x080111a4        0xa c:/progra~2/gnuarm~1/102021~1.10/bin/../lib/gcc/arm-none-eabi/10.3.1/../../../../arm-none-eabi/lib/thumb/v7e-m/nofp\libg.a(lib_a-locale.o)
                                  0xd (size before relaxing)
 *fill*         0x080111ae        0x2 
 .rodata.str1.4
                0x080111b0        0x2 c:/progra~2/gnuarm~1/102021~1.10/bin/../lib/gcc/arm-none-eabi/10.3.1/../../../../arm-none-eabi/lib/thumb/v7e-m/nofp\libg.a(lib_a-locale.o)
 *fill*         0x080111b2        0x2 
 .rodata._ctype_
                0x080111b4      0x101 c:/progra~2/gnuarm~1/102021~1.10/bin/../lib/gcc/arm-none-eabi/10.3.1/../../../../arm-none-eabi/lib/thumb/v7e-m/nofp\libg.a(lib_a-ctype_.o)
                0x080111b4                _ctype_
 .rodata.asin.str1.4
                0x080112b5        0x1 c:/progra~2/gnuarm~1/102021~1.10/bin/../lib/gcc/arm-none-eabi/10.3.1/../../../../arm-none-eabi/lib/thumb/v7e-m/nofp\libm.a(lib_a-w_asin.o)
 *fill*         0x080112b5        0x3 
 .rodata.CSWTCH.8
                0x080112b8       0x18 c:/progra~2/gnuarm~1/102021~1.10/bin/../lib/gcc/arm-none-eabi/10.3.1/../../../../arm-none-eabi/lib/thumb/v7e-m/nofp\libm.a(lib_a-e_atan2.o)
 .rodata.CSWTCH.9
                0x080112d0       0x18 c:/progra~2/gnuarm~1/102021~1.10/bin/../lib/gcc/arm-none-eabi/10.3.1/../../../../arm-none-eabi/lib/thumb/v7e-m/nofp\libm.a(lib_a-e_atan2.o)
 .rodata.atanhi
                0x080112e8       0x20 c:/progra~2/gnuarm~1/102021~1.10/bin/../lib/gcc/arm-none-eabi/10.3.1/../../../../arm-none-eabi/lib/thumb/v7e-m/nofp\libm.a(lib_a-s_atan.o)
 .rodata.atanlo
                0x08011308       0x20 c:/progra~2/gnuarm~1/102021~1.10/bin/../lib/gcc/arm-none-eabi/10.3.1/../../../../arm-none-eabi/lib/thumb/v7e-m/nofp\libm.a(lib_a-s_atan.o)
                0x08011328                . = ALIGN (0x4)

.ARM.extab      0x08011328        0x0
                0x08011328                . = ALIGN (0x4)
 *(.ARM.extab* .gnu.linkonce.armextab.*)
                0x08011328                . = ALIGN (0x4)

.ARM            0x08011328        0x8
                0x08011328                . = ALIGN (0x4)
                0x08011328                __exidx_start = .
 *(.ARM.exidx*)
 .ARM.exidx     0x08011328        0x8 c:/progra~2/gnuarm~1/102021~1.10/bin/../lib/gcc/arm-none-eabi/10.3.1/thumb/v7e-m/nofp\libgcc.a(_udivmoddi4.o)
                0x08011330                __exidx_end = .
                0x08011330                . = ALIGN (0x4)

.rel.dyn        0x08011330        0x0
 .rel.iplt      0x08011330        0x0 c:/progra~2/gnuarm~1/102021~1.10/bin/../lib/gcc/arm-none-eabi/10.3.1/thumb/v7e-m/nofp/crtbegin.o

.preinit_array  0x08011330        0x0
                0x08011330                . = ALIGN (0x4)
                0x08011330                PROVIDE (__preinit_array_start = .)
 *(.preinit_array*)
                0x08011330                PROVIDE (__preinit_array_end = .)
                0x08011330                . = ALIGN (0x4)

.init_array     0x08011330        0x8
                0x08011330                . = ALIGN (0x4)
                0x08011330                PROVIDE (__init_array_start = .)
 *(SORT_BY_NAME(.init_array.*))
 .init_array.00000
                0x08011330        0x4 c:/progra~2/gnuarm~1/102021~1.10/bin/../lib/gcc/arm-none-eabi/10.3.1/../../../../arm-none-eabi/lib/thumb/v7e-m/nofp\libg.a(lib_a-__call_atexit.o)
 *(.init_array*)
 .init_array    0x08011334        0x4 c:/progra~2/gnuarm~1/102021~1.10/bin/../lib/gcc/arm-none-eabi/10.3.1/thumb/v7e-m/nofp/crtbegin.o
                0x08011338                PROVIDE (__init_array_end = .)
                0x08011338                . = ALIGN (0x4)

.fini_array     0x08011338        0x4
                0x08011338                . = ALIGN (0x4)
                0x08011338                PROVIDE (__fini_array_start = .)
 *(SORT_BY_NAME(.fini_array.*))
 *(.fini_array*)
 .fini_array    0x08011338        0x4 c:/progra~2/gnuarm~1/102021~1.10/bin/../lib/gcc/arm-none-eabi/10.3.1/thumb/v7e-m/nofp/crtbegin.o
                0x0801133c                PROVIDE (__fini_array_end = .)
                0x0801133c                . = ALIGN (0x4)
                0x0801133c                _sidata = LOADADDR (.data)

.data           0x20000000      0x9c0 load address 0x0801133c
                0x20000000                . = ALIGN (0x4)
                0x20000000                _sdata = .
 *(.data)
 *(.data*)
 .data.gs32Pressure0
                0x20000000        0x4 CMakeFiles/Cubesat_stm32.elf.dir/Core/Src/Waveshare_10Dof-D.c.obj
                0x20000000                gs32Pressure0
 .data.SystemCoreClock
                0x20000004        0x4 CMakeFiles/Cubesat_stm32.elf.dir/Core/Src/system_stm32f4xx.c.obj
                0x20000004                SystemCoreClock
 .data.uwTickFreq
                0x20000008        0x1 CMakeFiles/Cubesat_stm32.elf.dir/Drivers/STM32F4xx_HAL_Driver/Src/stm32f4xx_hal.c.obj
                0x20000008                uwTickFreq
 *fill*         0x20000009        0x3 
 .data.uwTickPrio
                0x2000000c        0x4 CMakeFiles/Cubesat_stm32.elf.dir/Drivers/STM32F4xx_HAL_Driver/Src/stm32f4xx_hal.c.obj
                0x2000000c                uwTickPrio
 .data.Stat     0x20000010        0x1 CMakeFiles/Cubesat_stm32.elf.dir/FATFS/Target/sd_diskio.c.obj
 *fill*         0x20000011        0x3 
 .data._impure_ptr
                0x20000014        0x4 c:/progra~2/gnuarm~1/102021~1.10/bin/../lib/gcc/arm-none-eabi/10.3.1/../../../../arm-none-eabi/lib/thumb/v7e-m/nofp\libg.a(lib_a-impure.o)
                0x20000014                _impure_ptr
 .data.impure_data
                0x20000018      0x428 c:/progra~2/gnuarm~1/102021~1.10/bin/../lib/gcc/arm-none-eabi/10.3.1/../../../../arm-none-eabi/lib/thumb/v7e-m/nofp\libg.a(lib_a-impure.o)
 .data.__atexit_recursive_mutex
                0x20000440        0x4 c:/progra~2/gnuarm~1/102021~1.10/bin/../lib/gcc/arm-none-eabi/10.3.1/../../../../arm-none-eabi/lib/thumb/v7e-m/nofp\libg.a(lib_a-__call_atexit.o)
                0x20000440                __atexit_recursive_mutex
 .data.__malloc_av_
                0x20000444      0x408 c:/progra~2/gnuarm~1/102021~1.10/bin/../lib/gcc/arm-none-eabi/10.3.1/../../../../arm-none-eabi/lib/thumb/v7e-m/nofp\libg.a(lib_a-mallocr.o)
                0x20000444                __malloc_av_
 .data.__malloc_sbrk_base
                0x2000084c        0x4 c:/progra~2/gnuarm~1/102021~1.10/bin/../lib/gcc/arm-none-eabi/10.3.1/../../../../arm-none-eabi/lib/thumb/v7e-m/nofp\libg.a(lib_a-mallocr.o)
                0x2000084c                __malloc_sbrk_base
 .data.__malloc_trim_threshold
                0x20000850        0x4 c:/progra~2/gnuarm~1/102021~1.10/bin/../lib/gcc/arm-none-eabi/10.3.1/../../../../arm-none-eabi/lib/thumb/v7e-m/nofp\libg.a(lib_a-mallocr.o)
                0x20000850                __malloc_trim_threshold
 .data.__global_locale
                0x20000854      0x16c c:/progra~2/gnuarm~1/102021~1.10/bin/../lib/gcc/arm-none-eabi/10.3.1/../../../../arm-none-eabi/lib/thumb/v7e-m/nofp\libg.a(lib_a-locale.o)
                0x20000854                __global_locale
 *(.RamFunc)
 *(.RamFunc*)
                0x200009c0                . = ALIGN (0x4)
                0x200009c0                _edata = .

.igot.plt       0x200009c0        0x0 load address 0x08011cfc
 .igot.plt      0x200009c0        0x0 c:/progra~2/gnuarm~1/102021~1.10/bin/../lib/gcc/arm-none-eabi/10.3.1/thumb/v7e-m/nofp/crtbegin.o
                0x200009c0                . = ALIGN (0x4)

.bss            0x200009c0     0x2374 load address 0x08011cfc
                0x200009c0                _sbss = .
                0x200009c0                __bss_start__ = _sbss
 *(.bss)
 .bss           0x200009c0       0x1c c:/progra~2/gnuarm~1/102021~1.10/bin/../lib/gcc/arm-none-eabi/10.3.1/thumb/v7e-m/nofp/crtbegin.o
 *(.bss*)
 .bss.BMP280_Filter.0
                0x200009dc       0x6c CMakeFiles/Cubesat_stm32.elf.dir/Core/Src/Waveshare_10Dof-D.c.obj
 .bss.bmp280    0x20000a48       0x1c CMakeFiles/Cubesat_stm32.elf.dir/Core/Src/Waveshare_10Dof-D.c.obj
                0x20000a48                bmp280
 .bss.gstGyroOffset
                0x20000a64        0x6 CMakeFiles/Cubesat_stm32.elf.dir/Core/Src/Waveshare_10Dof-D.c.obj
                0x20000a64                gstGyroOffset
 *fill*         0x20000a6a        0x2 
 .bss.q0        0x20000a6c        0x4 CMakeFiles/Cubesat_stm32.elf.dir/Core/Src/Waveshare_10Dof-D.c.obj
                0x20000a6c                q0
 .bss.q1        0x20000a70        0x4 CMakeFiles/Cubesat_stm32.elf.dir/Core/Src/Waveshare_10Dof-D.c.obj
                0x20000a70                q1
 .bss.q2        0x20000a74        0x4 CMakeFiles/Cubesat_stm32.elf.dir/Core/Src/Waveshare_10Dof-D.c.obj
                0x20000a74                q2
 .bss.q3        0x20000a78        0x4 CMakeFiles/Cubesat_stm32.elf.dir/Core/Src/Waveshare_10Dof-D.c.obj
                0x20000a78                q3
 .bss.ss16c.4   0x20000a7c        0x2 CMakeFiles/Cubesat_stm32.elf.dir/Core/Src/Waveshare_10Dof-D.c.obj
 *fill*         0x20000a7e        0x2 
 .bss.sstAvgBuf.1
                0x20000a80       0x36 CMakeFiles/Cubesat_stm32.elf.dir/Core/Src/Waveshare_10Dof-D.c.obj
 *fill*         0x20000ab6        0x2 
 .bss.sstAvgBuf.2
                0x20000ab8       0x36 CMakeFiles/Cubesat_stm32.elf.dir/Core/Src/Waveshare_10Dof-D.c.obj
 *fill*         0x20000aee        0x2 
 .bss.sstAvgBuf.3
                0x20000af0       0x36 CMakeFiles/Cubesat_stm32.elf.dir/Core/Src/Waveshare_10Dof-D.c.obj
 *fill*         0x20000b26        0x2 
 .bss.hi2c1     0x20000b28       0x54 CMakeFiles/Cubesat_stm32.elf.dir/Core/Src/i2c.c.obj
                0x20000b28                hi2c1
 .bss.MyFile    0x20000b7c     0x1030 CMakeFiles/Cubesat_stm32.elf.dir/Core/Src/main.c.obj
                0x20000b7c                MyFile
 .bss.SDFatFs   0x20001bac     0x1034 CMakeFiles/Cubesat_stm32.elf.dir/Core/Src/main.c.obj
                0x20001bac                SDFatFs
 .bss.hsd       0x20002be0       0x84 CMakeFiles/Cubesat_stm32.elf.dir/Core/Src/sdio.c.obj
                0x20002be0                hsd
 .bss.__sbrk_heap_end
                0x20002c64        0x4 CMakeFiles/Cubesat_stm32.elf.dir/Core/Src/sysmem.c.obj
 .bss.huart1    0x20002c68       0x44 CMakeFiles/Cubesat_stm32.elf.dir/Core/Src/usart.c.obj
                0x20002c68                huart1
 .bss.uwTick    0x20002cac        0x4 CMakeFiles/Cubesat_stm32.elf.dir/Drivers/STM32F4xx_HAL_Driver/Src/stm32f4xx_hal.c.obj
                0x20002cac                uwTick
 .bss.SDPath    0x20002cb0        0x4 CMakeFiles/Cubesat_stm32.elf.dir/FATFS/App/fatfs.c.obj
                0x20002cb0                SDPath
 .bss.retSD     0x20002cb4        0x1 CMakeFiles/Cubesat_stm32.elf.dir/FATFS/App/fatfs.c.obj
                0x20002cb4                retSD
 *fill*         0x20002cb5        0x3 
 .bss.FatFs     0x20002cb8        0x4 CMakeFiles/Cubesat_stm32.elf.dir/Middlewares/Third_Party/FatFs/src/ff.c.obj
 .bss.Files     0x20002cbc       0x20 CMakeFiles/Cubesat_stm32.elf.dir/Middlewares/Third_Party/FatFs/src/ff.c.obj
 .bss.Fsid      0x20002cdc        0x2 CMakeFiles/Cubesat_stm32.elf.dir/Middlewares/Third_Party/FatFs/src/ff.c.obj
 *fill*         0x20002cde        0x2 
 .bss.disk      0x20002ce0        0xc CMakeFiles/Cubesat_stm32.elf.dir/Middlewares/Third_Party/FatFs/src/ff_gen_drv.c.obj
                0x20002ce0                disk
 .bss.__lock___atexit_recursive_mutex
                0x20002cec        0x1 c:/progra~2/gnuarm~1/102021~1.10/bin/../lib/gcc/arm-none-eabi/10.3.1/../../../../arm-none-eabi/lib/thumb/v7e-m/nofp\libg.a(lib_a-lock.o)
                0x20002cec                __lock___atexit_recursive_mutex
 *fill*         0x20002ced        0x3 
 .bss.__lock___malloc_recursive_mutex
                0x20002cf0        0x1 c:/progra~2/gnuarm~1/102021~1.10/bin/../lib/gcc/arm-none-eabi/10.3.1/../../../../arm-none-eabi/lib/thumb/v7e-m/nofp\libg.a(lib_a-lock.o)
                0x20002cf0                __lock___malloc_recursive_mutex
 *fill*         0x20002cf1        0x3 
 .bss.__lock___sfp_recursive_mutex
                0x20002cf4        0x1 c:/progra~2/gnuarm~1/102021~1.10/bin/../lib/gcc/arm-none-eabi/10.3.1/../../../../arm-none-eabi/lib/thumb/v7e-m/nofp\libg.a(lib_a-lock.o)